#BESTPOSA,COM1,0,81.0,APPROXIMATE,2434,183400.300,00008000,000e,10817;NO_CONVERGENCE,NONE,0.00000000000,0.00000000000,0.0000,0.0000,WGS84,0.0000,0.0000,0.0000,"",0.000,0.000,0,0,0,0,00,00,00,00*bf95b80e
#BESTPOSA,COM1,0,81.0,APPROXIMATE,2434,183400.400,00008000,000e,10817;NO_CONVERGENCE,NONE,0.00000000000,0.00000000000,0.0000,0.0000,WGS84,0.0000,0.0000,0.0000,"",0.000,0.000,0,0,0,0,00,00,00,00*f90fed9f
#BESTPOSA,COM1,0,81.0,APPROXIMATE,2434,183400.500,00008000,000e,10817;NO_CONVERGENCE,NONE,0.00000000000,0.00000000000,0.0000,0.0000,WGS84,0.0000,0.0000,0.0000,"",0.000,0.000,0,0,0,0,00,00,00,00*2c0cf259
#BESTPOSA,COM1,0,81.0,APPROXIMATE,2434,183400.600,00008000,000e,10817;NO_CONVERGENCE,NONE,0.00000000000,0.00000000000,0.0000,0.0000,WGS84,0.0000,0.0000,0.0000,"",0.000,0.000,0,0,0,0,00,00,00,00*8878d452
#BESTPOSA,COM1,0,81.0,APPROXIMATE,2434,183400.700,00008000,000e,10817;NO_CONVERGENCE,NONE,0.00000000000,0.00000000000,0.0000,0.0000,WGS84,0.0000,0.0000,0.0000,"",0.000,0.000,0,0,0,0,00,00,00,00*5d7bcb94
#BESTPOSA,COM1,0,81.0,APPROXIMATE,2434,183400.800,00008000,000e,10817;NO_CONVERGENCE,NONE,0.00000000000,0.00000000000,0.0000,0.0000,WGS84,0.0000,0.0000,0.0000,"",0.000,0.000,0,0,0,0,00,00,00,00*054c7f70
#BESTPOSA,COM1,0,81.0,APPROXIMATE,2434,183400.900,00008000,000e,10817;NO_CONVERGENCE,NONE,0.00000000000,0.00000000000,0.0000,0.0000,WGS84,0.0000,0.0000,0.0000,"",0.000,0.000,0,0,0,0,00,00,00,00*d04f60b6
#BESTPOSA,COM1,0,81.0,APPROXIMATE,2434,183401.000,00008000,000e,10817;NO_CONVERGENCE,NONE,0.00000000000,0.00000000000,0.0000,0.0000,WGS84,0.0000,0.0000,0.0000,"",0.000,0.000,0,0,0,0,00,00,00,00*0b49363b
#BESTPOSA,COM1,0,81.0,APPROXIMATE,2434,183401.100,00008000,000e,10817;NO_CONVERGENCE,NONE,0.00000000000,0.00000000000,0.0000,0.0000,WGS84,0.0000,0.0000,0.0000,"",0.000,0.000,0,0,0,0,00,00,00,00*de4a29fd
#BESTPOSA,COM1,0,81.0,APPROXIMATE,2434,183401.200,00008000,000e,10817;NO_CONVERGENCE,NONE,0.00000000000,0.00000000000,0.0000,0.0000,WGS84,0.0000,0.0000,0.0000,"",0.000,0.000,0,0,0,0,00,00,00,00*7a3e0ff6
$GPGSV,1,1,00,,,,*79
$GNGST,025623.20,,,,,,,*65
#BESTPOSA,COM1,0,78.0,APPROXIMATE,2434,183401.300,00000000,000e,10817;NO_CONVERGENCE,NONE,0.00000000000,0.00000000000,0.0000,0.0000,WGS84,0.0000,0.0000,0.0000,"",0.000,0.000,0,0,0,0,00,00,00,00*8d546e6f
#BESTPOSA,COM1,0,78.0,APPROXIMATE,2434,183401.400,00000000,000e,10817;NO_CONVERGENCE,NONE,0.00000000000,0.00000000000,0.0000,0.0000,WGS84,0.0000,0.0000,0.0000,"",0.000,0.000,0,0,0,0,00,00,00,00*cbce3bfe
#BESTPOSA,COM1,0,78.0,APPROXIMATE,2434,183401.500,00000000,000e,10817;NO_CONVERGENCE,NONE,0.00000000000,0.00000000000,0.0000,0.0000,WGS84,0.0000,0.0000,0.0000,"",0.000,0.000,0,0,0,0,00,00,00,00*1ecd2438
#BESTPOSA,COM1,0,78.0,APPROXIMATE,2434,183401.600,00000000,000e,10817;NO_CONVERGENCE,NONE,0.00000000000,0.00000000000,0.0000,0.0000,WGS84,0.0000,0.0000,0.0000,"",0.000,0.000,0,0,0,0,00,00,00,00*bab90233
#BESTPOSA,COM1,0,78.0,APPROXIMATE,2434,183401.700,00000000,000e,10817;NO_CONVERGENCE,NONE,0.00000000000,0.00000000000,0.0000,0.0000,WGS84,0.0000,0.0000,0.0000,"",0.000,0.000,0,0,0,0,00,00,00,00*6fba1df5
#BESTPOSA,COM1,0,78.0,APPROXIMATE,2434,183401.800,00000000,000e,10817;NO_CONVERGENCE,NONE,0.00000000000,0.00000000000,0.0000,0.0000,WGS84,0.0000,0.0000,0.0000,"",0.000,0.000,0,0,0,0,00,00,00,00*378da911
#BESTPOSA,COM1,0,78.0,APPROXIMATE,2434,183401.900,00000000,000e,10817;NO_CONVERGENCE,NONE,0.00000000000,0.00000000000,0.0000,0.0000,WGS84,0.0000,0.0000,0.0000,"",0.000,0.000,0,0,0,0,00,00,00,00*e28eb6d7
#BESTPOSA,COM1,0,78.0,APPROXIMATE,2434,183402.000,00000000,000e,10817;NO_CONVERGENCE,NONE,0.00000000000,0.00000000000,0.0000,0.0000,WGS84,0.0000,0.0000,0.0000,"",0.000,0.000,0,0,0,0,00,00,00,00*18d9b026
#BESTPOSA,COM1,0,78.0,APPROXIMATE,2434,183402.100,00000000,000e,10817;NO_CONVERGENCE,NONE,0.00000000000,0.00000000000,0.0000,0.0000,WGS84,0.0000,0.0000,0.0000,"",0.000,0.000,0,0,0,0,00,00,00,00*cddaafe0
#BESTPOSA,COM1,0,78.0,APPROXIMATE,2434,183402.200,00000000,000e,10817;NO_CONVERGENCE,NONE,0.00000000000,0.00000000000,0.0000,0.0000,WGS84,0.0000,0.0000,0.0000,"",0.000,0.000,0,0,0,0,00,00,00,00*69ae89eb
$GPGSV,1,1,00,,,,*79
$GNGST,025624.20,,,,,,,*62
#BESTPOSA,COM1,0,79.0,APPROXIMATE,2434,183402.300,00000000,000e,10817;NO_CONVERGENCE,NONE,0.00000000000,0.00000000000,0.0000,0.0000,WGS84,0.0000,0.0000,0.0000,"",0.000,0.000,0,0,0,0,00,00,00,00*a2c2d0d3
#BESTPOSA,COM1,0,79.0,APPROXIMATE,2434,183402.400,00000000,000e,10817;NO_CONVERGENCE,NONE,0.00000000000,0.00000000000,0.0000,0.0000,WGS84,0.0000,0.0000,0.0000,"",0.000,0.000,0,0,0,0,00,00,00,00*e4588542
#BESTPOSA,COM1,0,79.0,APPROXIMATE,2434,183402.500,00000000,000e,10817;NO_CONVERGENCE,NONE,0.00000000000,0.00000000000,0.0000,0.0000,WGS84,0.0000,0.0000,0.0000,"",0.000,0.000,0,0,0,0,00,00,00,00*315b9a84
#BESTPOSA,COM1,0,79.0,APPROXIMATE,2434,183402.600,00000000,000e,10817;NO_CONVERGENCE,NONE,0.00000000000,0.00000000000,0.0000,0.0000,WGS84,0.0000,0.0000,0.0000,"",0.000,0.000,0,0,0,0,00,00,00,00*952fbc8f
#BESTPOSA,COM1,0,79.0,APPROXIMATE,2434,183402.700,00000000,000e,10817;NO_CONVERGENCE,NONE,0.00000000000,0.00000000000,0.0000,0.0000,WGS84,0.0000,0.0000,0.0000,"",0.000,0.000,0,0,0,0,00,00,00,00*402ca349
#BESTPOSA,COM1,0,79.0,APPROXIMATE,2434,183402.800,00000000,000e,10817;NO_CONVERGENCE,NONE,0.00000000000,0.00000000000,0.0000,0.0000,WGS84,0.0000,0.0000,0.0000,"",0.000,0.000,0,0,0,0,00,00,00,00*181b17ad
#BESTPOSA,COM1,0,79.0,APPROXIMATE,2434,183402.900,00000000,000e,10817;NO_CONVERGENCE,NONE,0.00000000000,0.00000000000,0.0000,0.0000,WGS84,0.0000,0.0000,0.0000,"",0.000,0.000,0,0,0,0,00,00,00,00*cd18086b
#BESTPOSA,COM1,0,79.0,APPROXIMATE,2434,183403.000,00000000,000e,10817;NO_CONVERGENCE,NONE,0.00000000000,0.00000000000,0.0000,0.0000,WGS84,0.0000,0.0000,0.0000,"",0.000,0.000,0,0,0,0,00,00,00,00*161e5ee6
#BESTPOSA,COM1,0,79.0,APPROXIMATE,2434,183403.100,00000000,000e,10817;NO_CONVERGENCE,NONE,0.00000000000,0.00000000000,0.0000,0.0000,WGS84,0.0000,0.0000,0.0000,"",0.000,0.000,0,0,0,0,00,00,00,00*c31d4120
#BESTPOSA,COM1,0,79.0,APPROXIMATE,2434,183403.200,00000000,000e,10817;NO_CONVERGENCE,NONE,0.00000000000,0.00000000000,0.0000,0.0000,WGS84,0.0000,0.0000,0.0000,"",0.000,0.000,0,0,0,0,00,00,00,00*6769672b
$GPGSV,1,1,00,,,,*79
$GNGST,025625.20,,,,,,,*63
#BESTPOSA,COM1,0,76.0,APPROXIMATE,2434,183403.300,00000000,000e,10817;NO_CONVERGENCE,NONE,0.00000000000,0.00000000000,0.0000,0.0000,WGS84,0.0000,0.0000,0.0000,"",0.000,0.000,0,0,0,0,00,00,00,00*1a1c9fe7
#BESTPOSA,COM1,0,76.0,APPROXIMATE,2434,183403.400,00000000,000e,10817;NO_CONVERGENCE,NONE,0.00000000000,0.00000000000,0.0000,0.0000,WGS84,0.0000,0.0000,0.0000,"",0.000,0.000,0,0,0,0,00,00,00,00*5c86ca76
#BESTPOSA,COM1,0,76.0,APPROXIMATE,2434,183403.500,00000000,000e,10817;NO_CONVERGENCE,NONE,0.00000000000,0.00000000000,0.0000,0.0000,WGS84,0.0000,0.0000,0.0000,"",0.000,0.000,0,0,0,0,00,00,00,00*8985d5b0
#BESTPOSA,COM1,0,76.0,APPROXIMATE,2434,183403.600,00000000,000e,10817;NO_CONVERGENCE,NONE,0.00000000000,0.00000000000,0.0000,0.0000,WGS84,0.0000,0.0000,0.0000,"",0.000,0.000,0,0,0,0,00,00,00,00*2df1f3bb
#BESTPOSA,COM1,0,76.0,APPROXIMATE,2434,183403.700,00000000,000e,10817;NO_CONVERGENCE,NONE,0.00000000000,0.00000000000,0.0000,0.0000,WGS84,0.0000,0.0000,0.0000,"",0.000,0.000,0,0,0,0,00,00,00,00*f8f2ec7d
#BESTPOSA,COM1,0,76.0,APPROXIMATE,2434,183403.800,00000000,000e,10817;NO_CONVERGENCE,NONE,0.00000000000,0.00000000000,0.0000,0.0000,WGS84,0.0000,0.0000,0.0000,"",0.000,0.000,0,0,0,0,00,00,00,00*a0c55899
#BESTPOSA,COM1,0,76.0,APPROXIMATE,2434,183403.900,00000000,000e,10817;NO_CONVERGENCE,NONE,0.00000000000,0.00000000000,0.0000,0.0000,WGS84,0.0000,0.0000,0.0000,"",0.000,0.000,0,0,0,0,00,00,00,00*75c6475f
#BESTPOSA,COM1,0,76.0,APPROXIMATE,2434,183404.000,00000000,000e,10817;NO_CONVERGENCE,NONE,0.00000000000,0.00000000000,0.0000,0.0000,WGS84,0.0000,0.0000,0.0000,"",0.000,0.000,0,0,0,0,00,00,00,00*cd33e156
#BESTPOSA,COM1,0,76.0,APPROXIMATE,2434,183404.100,00000000,000e,10817;NO_CONVERGENCE,NONE,0.00000000000,0.00000000000,0.0000,0.0000,WGS84,0.0000,0.0000,0.0000,"",0.000,0.000,0,0,0,0,00,00,00,00*1830fe90
#BESTPOSA,COM1,0,76.0,APPROXIMATE,2434,183404.200,00000000,000e,10817;NO_CONVERGENCE,NONE,0.00000000000,0.00000000000,0.0000,0.0000,WGS84,0.0000,0.0000,0.0000,"",0.000,0.000,0,0,0,0,00,00,00,00*bc44d89b
$GPGSV,1,1,00,,,,*79
$GNGST,025626.20,,,,,,,*60
#BESTPOSA,COM1,0,74.5,APPROXIMATE,2434,183404.300,00000000,000e,10817;NO_CONVERGENCE,NONE,0.00000000000,0.00000000000,0.0000,0.0000,WGS84,0.0000,0.0000,0.0000,"",0.000,0.000,0,0,0,0,00,00,00,00*42aae5e8
#BESTPOSA,COM1,0,74.5,APPROXIMATE,2434,183404.400,00000000,000e,10817;NO_CONVERGENCE,NONE,0.00000000000,0.00000000000,0.0000,0.0000,WGS84,0.0000,0.0000,0.0000,"",0.000,0.000,0,0,0,0,00,00,00,00*0430b079
#BESTPOSA,COM1,0,74.5,APPROXIMATE,2434,183404.500,00000000,000e,10817;NO_CONVERGENCE,NONE,0.00000000000,0.00000000000,0.0000,0.0000,WGS84,0.0000,0.0000,0.0000,"",0.000,0.000,0,0,0,0,00,00,00,00*d133afbf
#BESTPOSA,COM1,0,74.5,APPROXIMATE,2434,183404.600,00000000,000e,10817;NO_CONVERGENCE,NONE,0.00000000000,0.00000000000,0.0000,0.0000,WGS84,0.0000,0.0000,0.0000,"",0.000,0.000,0,0,0,0,00,00,00,00*754789b4
#BESTPOSA,COM1,0,74.5,APPROXIMATE,2434,183404.700,00000000,000e,10817;NO_CONVERGENCE,NONE,0.00000000000,0.00000000000,0.0000,0.0000,WGS84,0.0000,0.0000,0.0000,"",0.000,0.000,0,0,0,0,00,00,00,00*a0449672
#BESTPOSA,COM1,0,74.5,APPROXIMATE,2434,183404.800,00000000,000e,10817;NO_CONVERGENCE,NONE,0.00000000000,0.00000000000,0.0000,0.0000,WGS84,0.0000,0.0000,0.0000,"",0.000,0.000,6,0,0,0,00,00,00,00*65af2985
#BESTPOSA,COM1,0,74.5,APPROXIMATE,2434,183404.900,00000000,000e,10817;NO_CONVERGENCE,NONE,0.00000000000,0.00000000000,0.0000,0.0000,WGS84,0.0000,0.0000,0.0000,"",0.000,0.000,7,0,0,0,00,00,00,00*674eb61b
#BESTPOSA,COM1,0,74.5,APPROXIMATE,2434,183405.000,00000000,000e,10817;NO_CONVERGENCE,NONE,0.00000000000,0.00000000000,0.0000,0.0000,WGS84,0.0000,0.0000,0.0000,"",0.000,0.000,7,0,0,0,00,00,00,00*bc48e096
#BESTPOSA,COM1,0,74.5,APPROXIMATE,2434,183405.100,00000000,000e,10817;NO_CONVERGENCE,NONE,0.00000000000,0.00000000000,0.0000,0.0000,WGS84,0.0000,0.0000,0.0000,"",0.000,0.000,7,0,0,0,00,00,00,00*694bff50
#BESTPOSA,COM1,0,74.5,APPROXIMATE,2434,183405.200,00000000,000e,10817;NO_CONVERGENCE,NONE,0.00000000000,0.00000000000,0.0000,0.0000,WGS84,0.0000,0.0000,0.0000,"",0.000,0.000,7,0,0,0,00,00,00,00*cd3fd95b
$GPGSV,1,1,00,,,,*79
$GNGST,025627.20,,,,,,,*61
#BESTPOSA,COM1,0,73.5,APPROXIMATE,2434,183405.300,00000000,000e,10817;NO_CONVERGENCE,NONE,0.00000000000,0.00000000000,0.0000,0.0000,WGS84,0.0000,0.0000,0.0000,"",0.000,0.000,0,0,0,0,00,00,00,00*090e9d2c
#BESTPOSA,COM1,0,73.5,APPROXIMATE,2434,183405.400,00000000,000e,10817;NO_CONVERGENCE,NONE,0.00000000000,0.00000000000,0.0000,0.0000,WGS84,0.0000,0.0000,0.0000,"",0.000,0.000,8,0,0,0,00,00,00,00*4635d538
#BESTPOSA,COM1,0,73.5,APPROXIMATE,2434,183405.500,00000000,000e,10817;NO_CONVERGENCE,NONE,0.00000000000,0.00000000000,0.0000,0.0000,WGS84,0.0000,0.0000,0.0000,"",0.000,0.000,9,0,0,0,00,00,00,00*44d44aa6
#BESTPOSA,COM1,0,73.5,APPROXIMATE,2434,183405.600,00000000,000e,10817;NO_CONVERGENCE,NONE,0.00000000000,0.00000000000,0.0000,0.0000,WGS84,0.0000,0.0000,0.0000,"",0.000,0.000,9,0,0,0,00,00,00,00*e0a06cad
#BESTPOSA,COM1,0,73.5,APPROXIMATE,2434,183405.700,00000000,000e,10817;NO_CONVERGENCE,NONE,0.00000000000,0.00000000000,0.0000,0.0000,WGS84,0.0000,0.0000,0.0000,"",0.000,0.000,9,0,0,0,00,00,00,00*35a3736b
#BESTPOSA,COM1,0,73.5,APPROXIMATE,2434,183405.800,00000000,000e,10817;NO_CONVERGENCE,NONE,0.00000000000,0.00000000000,0.0000,0.0000,WGS84,0.0000,0.0000,0.0000,"",0.000,0.000,9,0,0,0,00,00,00,00*6d94c78f
#BESTPOSA,COM1,0,73.5,APPROXIMATE,2434,183405.900,00000000,000e,10817;NO_CONVERGENCE,NONE,0.00000000000,0.00000000000,0.0000,0.0000,WGS84,0.0000,0.0000,0.0000,"",0.000,0.000,9,0,0,0,00,00,00,00*b897d849
#BESTPOSA,COM1,0,73.5,APPROXIMATE,2434,183406.000,00000000,000e,10817;NO_CONVERGENCE,NONE,0.00000000000,0.00000000000,0.0000,0.0000,WGS84,0.0000,0.0000,0.0000,"",0.000,0.000,10,0,0,0,00,00,00,00*bae77da7
#BESTPOSA,COM1,0,73.5,APPROXIMATE,2434,183406.100,00000000,000e,10817;NO_CONVERGENCE,NONE,0.00000000000,0.00000000000,0.0000,0.0000,WGS84,0.0000,0.0000,0.0000,"",0.000,0.000,10,0,0,0,00,00,00,00*c835193d
#BESTPOSA,COM1,0,73.5,APPROXIMATE,2434,183406.200,00000000,000e,10817;NO_CONVERGENCE,NONE,0.00000000000,0.00000000000,0.0000,0.0000,WGS84,0.0000,0.0000,0.0000,"",0.000,0.000,9,0,0,0,00,00,00,00*33b7e775
$GPGSV,1,1,00,,,,*79
$GNGST,025628.20,,,,,,,*6E
#BESTPOSA,COM1,0,68.5,APPROXIMATE,2434,183406.300,00000000,000e,10817;NO_CONVERGENCE,NONE,0.00000000000,0.00000000000,0.0000,0.0000,WGS84,0.0000,0.0000,0.0000,"",0.000,0.000,9,0,0,0,00,00,00,00*6d64b41c
#BESTPOSA,COM1,0,68.5,APPROXIMATE,2434,183406.400,00000000,000e,10817;NO_CONVERGENCE,NONE,0.00000000000,0.00000000000,0.0000,0.0000,WGS84,0.0000,0.0000,0.0000,"",0.000,0.000,10,0,0,0,00,00,00,00*ec3d87bb
#BESTPOSA,COM1,0,68.5,APPROXIMATE,2434,183406.500,00000000,000e,10817;NO_CONVERGENCE,NONE,0.00000000000,0.00000000000,0.0000,0.0000,WGS84,0.0000,0.0000,0.0000,"",0.000,0.000,10,0,0,0,00,00,00,00*9eefe321
#BESTPOSA,COM1,0,68.5,APPROXIMATE,2434,183406.600,00000000,000e,10817;NO_CONVERGENCE,NONE,0.00000000000,0.00000000000,0.0000,0.0000,WGS84,0.0000,0.0000,0.0000,"",0.000,0.000,10,0,0,0,00,00,00,00*09994e8f
#BESTPOSA,COM1,0,68.5,APPROXIMATE,2434,183406.700,00000000,000e,10817;NO_CONVERGENCE,NONE,0.00000000000,0.00000000000,0.0000,0.0000,WGS84,0.0000,0.0000,0.0000,"",0.000,0.000,10,0,0,0,00,00,00,00*7b4b2a15
#BESTPOSA,COM1,0,68.5,FINESTEERING,2434,183407.000,00000000,000e,10817;NO_CONVERGENCE,NONE,0.00000000000,0.00000000000,0.0000,0.0000,WGS84,0.0000,0.0000,0.0000,"",0.000,0.000,17,0,0,0,00,00,00,00*d5009aa6
$GPGSV,1,1,04,24,67,164,39,29,11,217,41,56,55,202,40,57,34,242,46*7D
$GAGSV,1,1,01,29,56,261,38*5F
$GBGSV,2,1,08,02,34,242,47,03,55,202,43,07,41,174,42,08,14,195,42*66
$GBGSV,2,2,08,10,32,178,43,26,25,158,44,31,15,182,42,34,40,232,45*6F
$GQGSV,1,1,03,02,08,158,42,03,56,155,42,08,41,229,43*4F
$GIGSV,1,1,01,10,51,165,36*53
$GNGST,025629.00,,,,,,,*6D
#BESTPOSA,COM1,0,68.5,FINESTEERING,2434,183407.100,00000000,000e,10817;NO_CONVERGENCE,NONE,0.00000000000,0.00000000000,0.0000,0.0000,WGS84,0.0000,0.0000,0.0000,"",0.000,0.000,18,0,0,0,00,00,00,00*e44d68f2
#BESTPOSA,COM1,0,66.0,FINESTEERING,2434,183407.200,00000000,000e,10817;NO_CONVERGENCE,NONE,0.00000000000,0.00000000000,0.0000,0.0000,WGS84,0.0000,0.0000,0.0000,"",0.000,0.000,18,0,0,0,00,00,00,00*c5e89984
#BESTPOSA,COM1,0,66.0,FINESTEERING,2434,183407.300,00000000,000e,10817;NO_CONVERGENCE,NONE,0.00000000000,0.00000000000,0.0000,0.0000,WGS84,0.0000,0.0000,0.0000,"",0.000,0.000,17,0,0,0,00,00,00,00*f4a56bd0
#BESTPOSA,COM1,0,66.0,FINESTEERING,2434,183407.400,00000000,000e,10817;SOL_COMPUTED,SINGLE,31.16420177161,121.45346597300,-3.1813,11.0299,WGS84,2.8149,3.1903,14.1538,"",0.000,0.000,19,16,12,10,00,00,71,35*bae30117
#BESTPOSA,COM1,0,66.0,FINESTEERING,2434,183407.500,00000000,000e,10817;SOL_COMPUTED,SINGLE,31.16419653040,121.45345292109,-1.0036,11.0299,WGS84,2.8221,3.1623,14.2043,"",0.000,0.000,18,15,11,10,00,00,70,35*475b9dc8
#BESTPOSA,COM1,0,66.0,FINESTEERING,2434,183407.600,00000000,000e,10817;SOL_COMPUTED,SINGLE,31.16419791963,121.45344901434,-0.5221,11.0299,WGS84,2.8210,3.1386,14.2470,"",0.000,0.000,19,16,11,11,00,00,76,35*a001ee70
#BESTPOSA,COM1,0,66.0,FINESTEERING,2434,183407.700,00000000,000e,10817;SOL_COMPUTED,SINGLE,31.16419072312,121.45344798819,0.2116,11.0299,WGS84,2.8201,3.1407,14.2832,"",0.000,0.000,19,16,12,11,00,00,77,35*4ed1345f
#BESTPOSA,COM1,0,66.0,FINESTEERING,2434,183407.800,00000000,000e,10817;SOL_COMPUTED,SINGLE,31.16417104468,121.45343772620,0.7057,11.0299,WGS84,2.8193,3.1957,14.0139,"",0.000,0.000,19,16,12,11,00,00,77,35*947dc613
#BESTPOSA,COM1,0,66.0,FINESTEERING,2434,183407.900,00000000,000e,10817;SOL_COMPUTED,SINGLE,31.16416924437,121.45343885418,0.8683,11.0299,WGS84,2.8294,3.1836,14.0355,"",0.000,0.000,19,16,12,11,00,00,77,35*96048d59
#BESTPOSA,COM1,0,66.0,FINESTEERING,2434,183408.000,00000000,000e,10817;SOL_COMPUTED,SINGLE,31.16421715129,121.45347283124,-0.9638,11.0299,WGS84,2.8344,3.1681,14.1042,"",0.000,0.000,18,15,12,11,00,00,77,35*a728bc30
$GPGSV,1,1,04,24,67,164,38,29,11,217,43,56,55,202,46,57,34,242,46*78
$GLGSV,1,1,01,82,47,208,47*54
$GAGSV,1,1,01,29,56,261,36*51
$GBGSV,2,1,08,02,34,242,45,03,55,202,47,07,41,174,44,08,14,195,42*66
$GBGSV,2,2,08,10,32,178,45,26,25,158,45,31,15,182,40,34,40,232,45*6A
$GQGSV,1,1,03,02,08,158,43,03,56,155,38,08,41,229,43*43
$GIGSV,1,1,01,10,51,165,38*5D
$GNGST,025630.00,28.700,23.879,2.803,68.4524,2.834,3.168,14.104*70
#BESTPOSA,COM1,0,66.0,FINESTEERING,2434,183408.100,00000000,000e,10817;SOL_COMPUTED,SINGLE,31.16419623368,121.45346043173,-0.1809,11.0299,WGS84,2.8314,3.1720,14.1623,"",0.000,0.000,18,15,12,11,00,00,77,35*f6f43b8a
#BESTPOSA,COM1,0,63.5,FINESTEERING,2434,183408.200,00200000,000e,10817;SOL_COMPUTED,SINGLE,31.16420791102,121.45346519963,-0.3497,11.0299,WGS84,2.8289,3.1835,14.2894,"",0.000,0.000,19,16,12,11,00,00,77,35*927ddf6c
#BESTPOSA,COM1,0,63.5,FINESTEERING,2434,183408.300,00200000,000e,10817;SOL_COMPUTED,SINGLE,31.16418119601,121.45345185645,0.9344,11.0299,WGS84,2.8267,3.1817,14.3969,"",0.000,0.000,19,16,11,10,00,00,77,25*769d499f
#BESTPOSA,COM1,0,63.5,FINESTEERING,2434,183408.400,00200000,000e,10817;SOL_COMPUTED,SINGLE,31.16415305858,121.45343492304,1.2865,11.0299,WGS84,2.8643,3.2419,14.1549,"",0.000,0.000,19,16,12,11,00,00,77,35*e5049738
#BESTPOSA,COM1,0,63.5,FINESTEERING,2434,183408.500,00200000,000e,10817;SOL_COMPUTED,SINGLE,31.16416173102,121.45344309591,1.3272,11.0299,WGS84,2.8728,3.2868,14.2052,"",0.000,0.000,19,16,12,11,00,00,77,35*7b0c1d67
#BESTPOSA,COM1,0,63.5,FINESTEERING,2434,183408.600,00200000,000e,10817;SOL_COMPUTED,PSRDIFF,31.16441039182,121.45354440640,-7.5606,11.0299,WGS84,2.8728,3.2868,14.2052,"1793",0.600,0.600,19,16,12,11,00,00,77,35*af763d54
#BESTPOSA,COM1,0,63.5,FINESTEERING,2434,183408.700,00200000,000e,10817;SOL_COMPUTED,PSRDIFF,31.16441088288,121.45354599996,-7.6683,11.0299,WGS84,2.8728,3.2868,14.2052,"1793",0.700,0.700,19,16,12,11,00,00,77,35*cfc96b43
#BESTPOSA,COM1,0,63.5,FINESTEERING,2434,183408.800,00200000,000e,10817;SOL_COMPUTED,PSRDIFF,31.16441096118,121.45354740251,-7.7533,11.0299,WGS84,2.8728,3.2868,14.2052,"1793",0.800,0.800,19,16,12,11,00,00,77,35*d8733b7d
#BESTPOSA,COM1,0,63.5,FINESTEERING,2434,183408.900,00200000,000e,10817;SOL_COMPUTED,PSRDIFF,31.16441031479,121.45354772726,-7.7682,11.0299,WGS84,2.8728,3.2868,14.2052,"1793",0.900,0.900,19,16,12,11,00,00,77,35*a16be0a6
#BESTPOSA,COM1,0,63.5,FINESTEERING,2434,183409.000,00200000,000e,10817;SOL_COMPUTED,PSRDIFF,31.16439444078,121.45353789900,-7.1135,11.0299,WGS84,2.8728,3.2868,14.2052,"1793",1.000,1.000,19,16,12,11,00,00,77,35*4feb79a5
$GPGSV,1,1,04,24,67,164,38,29,11,217,43,56,55,202,47,57,34,242,45*7A
$GLGSV,1,1,01,82,47,208,47*54
$GAGSV,1,1,01,29,56,261,40*50
$GBGSV,2,1,08,02,34,242,46,03,55,202,48,07,41,174,44,08,14,195,42*6A
$GBGSV,2,2,08,10,32,178,43,26,25,158,45,31,15,182,40,34,40,232,46*6F
$GQGSV,1,1,04,02,08,158,42,03,56,155,38,07,53,169,40,08,41,229,41*7C
$GIGSV,1,1,01,10,51,165,42*50
$GNGST,025631.00,17.651,16.304,2.024,67.9863,2.873,3.287,14.205*7D
#BESTPOSA,COM1,0,63.5,FINESTEERING,2434,183409.100,00200000,000e,10817;SOL_COMPUTED,PSRDIFF,31.16444406476,121.45356540001,-9.4788,11.0299,WGS84,2.8728,3.2868,14.2052,"1793",1.100,1.100,19,16,12,11,00,00,77,35*dd6539b3
#BESTPOSA,COM1,0,60.0,FINESTEERING,2434,183409.200,00200000,000e,10817;SOL_COMPUTED,PSRDIFF,31.16446299845,121.45358453513,-11.5143,11.0299,WGS84,2.8728,3.2868,14.2052,"1793",1.200,1.200,19,16,12,11,00,00,77,35*bf2acb0c
#BESTPOSA,COM1,0,60.0,FINESTEERING,2434,183409.300,00200000,000e,10817;SOL_COMPUTED,PSRDIFF,31.16440654498,121.45354953679,-7.6829,11.0299,WGS84,2.8728,3.2868,14.2052,"1793",1.300,1.300,19,16,12,11,00,00,77,35*b8ab954d
#BESTPOSA,COM1,0,60.0,FINESTEERING,2434,183409.400,00200000,000e,10817;SOL_COMPUTED,PSRDIFF,31.16441026618,121.45355816817,-8.9048,11.0299,WGS84,2.8728,3.2868,14.2052,"1793",1.400,1.400,19,16,12,11,00,00,77,35*6d59c095
#BESTPOSA,COM1,0,60.0,FINESTEERING,2434,183409.500,00200000,000e,10817;SOL_COMPUTED,PSRDIFF,31.16440435012,121.45355099776,-7.7060,11.0299,WGS84,2.8728,3.2868,14.2052,"1793",1.500,1.500,20,17,13,11,00,00,77,35*0bc29954
#BESTPOSA,COM1,0,60.0,FINESTEERING,2434,183409.600,00200000,000e,10817;SOL_COMPUTED,PSRDIFF,31.16437819364,121.45353723512,-5.9281,11.0299,WGS84,2.8728,3.2868,14.2052,"1793",1.600,1.600,20,17,13,11,00,00,77,35*76fa21c2
#BESTPOSA,COM1,0,60.0,FINESTEERING,2434,183409.700,00200000,000e,10817;SOL_COMPUTED,PSRDIFF,31.16440177305,121.45355167589,-7.6731,11.0299,WGS84,2.8728,3.2868,14.2052,"1793",0.700,0.700,20,17,13,11,00,00,77,35*0ce9f940
#BESTPOSA,COM1,0,60.0,FINESTEERING,2434,183409.800,00200000,000e,10817;SOL_COMPUTED,PSRDIFF,31.16439972913,121.45355119990,-7.6573,11.0299,WGS84,2.8728,3.2868,14.2052,"1793",0.800,0.800,20,17,13,11,00,00,77,35*f9f499aa
#BESTPOSA,COM1,0,60.0,FINESTEERING,2434,183409.900,00200000,000e,10817;SOL_COMPUTED,PSRDIFF,31.16439935541,121.45355243578,-7.6666,11.0299,WGS84,2.8728,3.2868,14.2052,"1793",0.900,0.900,20,17,13,11,00,00,77,35*8d69def7
#BESTPOSA,COM1,0,60.0,FINESTEERING,2434,183410.000,00200000,000e,10817;SOL_COMPUTED,PSRDIFF,31.16439894937,121.45355320576,-7.6619,11.0299,WGS84,2.8728,3.2868,14.2052,"1793",1.000,1.000,20,17,13,11,00,00,77,35*f2e25f6b
$GPGSV,1,1,04,24,67,164,41,29,11,217,43,56,55,202,46,57,34,242,45*75
$GLGSV,1,1,02,81,09,176,35,82,47,208,47*61
$GAGSV,1,1,01,29,56,261,43*53
$GBGSV,2,1,08,02,34,242,45,03,55,202,46,07,41,174,44,08,14,195,43*66
$GBGSV,2,2,08,10,32,178,43,26,25,158,45,31,15,182,40,34,40,232,45*6C
$GQGSV,1,1,04,02,08,158,41,03,56,155,38,07,53,169,40,08,41,229,42*7C
$GIGSV,1,1,01,10,51,165,44*56
$GNGST,025632.00,48.710,29.724,24.856,67.8998,2.873,3.287,14.205*47
#BESTPOSA,COM1,0,60.0,FINESTEERING,2434,183410.100,00200000,000e,10817;SOL_COMPUTED,PSRDIFF,31.16439825270,121.45355363043,-7.6469,11.0299,WGS84,2.8728,3.2868,14.2052,"1793",1.100,1.100,20,17,13,11,00,00,77,35*b14fe330
#BESTPOSA,COM1,0,59.5,FINESTEERING,2434,183410.200,00000000,000e,10817;SOL_COMPUTED,PSRDIFF,31.16439732985,121.45355356331,-7.6337,11.0299,WGS84,2.8728,3.2868,14.2052,"1793",1.200,1.200,20,17,13,11,00,00,77,35*0d0d3d0c
#BESTPOSA,COM1,0,59.5,FINESTEERING,2434,183410.300,00000000,000e,10817;SOL_COMPUTED,PSRDIFF,31.16439890542,121.45355519893,-7.8738,11.0299,WGS84,2.8728,3.2868,14.2052,"1793",1.300,1.300,20,17,13,11,00,00,77,35*519041af
#BESTPOSA,COM1,0,59.5,FINESTEERING,2434,183410.400,00000000,000e,10817;SOL_COMPUTED,PSRDIFF,31.16439616225,121.45355472942,-7.7313,11.0299,WGS84,2.8728,3.2868,14.2052,"1793",1.400,1.400,20,17,13,11,00,00,77,35*fc15cbfa
#BESTPOSA,COM1,0,59.5,FINESTEERING,2434,183410.500,00000000,000e,10817;SOL_COMPUTED,PSRDIFF,31.16439587327,121.45355575148,-7.7550,11.0299,WGS84,2.8728,3.2868,14.2052,"1793",1.500,1.500,20,17,13,11,00,00,77,35*5446aa53
#BESTPOSA,COM1,0,59.5,FINESTEERING,2434,183410.600,00000000,000e,10817;SOL_COMPUTED,PSRDIFF,31.16438568711,121.45355394404,-7.9153,11.0299,WGS84,2.8728,3.2868,14.2052,"1793",0.600,0.600,20,17,13,11,00,00,77,35*a4b86489
#BESTPOSA,COM1,0,59.5,FINESTEERING,2434,183410.700,00000000,000e,10817;SOL_COMPUTED,NARROW_FLOAT,31.16438541316,121.45355414310,-7.8920,11.0299,WGS84,2.8728,3.2868,14.2052,"1793",0.700,0.700,20,17,13,11,00,00,77,35*70c80f2b
#BESTPOSA,COM1,0,59.5,FINESTEERING,2434,183410.800,00000000,000e,10817;SOL_COMPUTED,PSRDIFF,31.16438490127,121.45355444030,-7.9240,11.0299,WGS84,2.8728,3.2868,14.2052,"1793",0.800,0.800,20,17,13,11,00,00,77,35*34342daa
#BESTPOSA,COM1,0,59.5,FINESTEERING,2434,183410.900,00000000,000e,10817;SOL_COMPUTED,NARROW_FLOAT,31.16438404615,121.45355433177,-7.9465,11.0299,WGS84,2.8728,3.2868,14.2052,"1793",0.900,0.900,21,18,14,12,00,00,77,35*0a97e1da
#BESTPOSA,COM1,0,59.5,FINESTEERING,2434,183411.000,00000000,000e,10817;SOL_COMPUTED,NARROW_FLOAT,31.16438312695,121.45355432526,-7.9044,11.0299,WGS84,2.8728,3.2868,14.2052,"1793",1.000,1.000,22,19,14,12,00,00,77,35*c04eda41
$GPGSV,2,1,05,18,62,284,36,24,67,164,40,29,11,217,43,56,55,202,48*7E
$GPGSV,2,2,05,57,34,242,44*4D
$GLGSV,1,1,02,81,09,176,38,82,47,208,48*63
$GAGSV,1,1,01,29,56,261,46*56
$GBGSV,3,1,09,01,49,147,41,02,34,242,45,03,55,202,48,07,41,174,45*65
$GBGSV,3,2,09,08,14,195,43,10,32,178,44,26,25,158,45,31,15,182,41*6C
$GBGSV,3,3,09,34,40,232,46*50
$GQGSV,1,1,04,02,08,158,41,03,56,155,39,07,53,169,41,08,41,229,44*7A
$GIGSV,1,1,01,10,51,165,46*54
$GNGST,025633.00,45.947,29.211,19.698,68.3553,2.873,3.287,14.205*49
#BESTPOSA,COM1,0,59.5,FINESTEERING,2434,183411.100,00000000,000e,10817;SOL_COMPUTED,PSRDIFF,31.16438258546,121.45355427440,-7.8592,11.0299,WGS84,2.8728,3.2868,14.2052,"1793",1.100,1.100,22,19,14,13,00,00,77,37*ae4cd018
#BESTPOSA,COM1,0,58.0,FINESTEERING,2434,183411.200,00000000,000e,10817;SOL_COMPUTED,NARROW_FLOAT,31.16438205471,121.45355392525,-7.8781,11.0299,WGS84,2.8728,3.2868,14.2052,"1793",1.200,1.200,22,19,14,13,00,00,77,37*3dfefde2
#BESTPOSA,COM1,0,58.0,FINESTEERING,2434,183411.300,00000000,000e,10817;SOL_COMPUTED,NARROW_FLOAT,31.16438123538,121.45355341293,-7.8879,11.0299,WGS84,2.8728,3.2868,14.2052,"1793",1.300,1.300,22,19,14,13,00,00,77,37*cacc42d9
#BESTPOSA,COM1,0,58.0,FINESTEERING,2434,183411.400,00000000,000e,10817;SOL_COMPUTED,NARROW_FLOAT,31.16438149890,121.45355355781,-7.9134,11.0299,WGS84,2.8728,3.2868,14.2052,"1793",1.400,1.400,22,19,14,13,00,00,77,37*2b1b9abb
#BESTPOSA,COM1,0,58.0,FINESTEERING,2434,183411.500,00000000,000e,10817;SOL_COMPUTED,NARROW_FLOAT,31.16437057824,121.45355250656,-8.1162,11.0299,WGS84,2.8728,3.2868,14.2052,"1793",0.500,0.500,22,19,14,14,00,00,77,37*025032a9
#BESTPOSA,COM1,0,58.0,FINESTEERING,2434,183411.600,00000000,000e,10817;SOL_COMPUTED,NARROW_FLOAT,31.16436974651,121.45355197109,-8.0786,11.0299,WGS84,2.8728,3.2868,14.2052,"1793",0.600,0.600,23,20,14,14,00,00,77,37*4a6badd4
#BESTPOSA,COM1,0,58.0,FINESTEERING,2434,183411.700,00000000,000e,10817;SOL_COMPUTED,NARROW_FLOAT,31.16436916568,121.45355133253,-8.0365,11.0299,WGS84,2.8728,3.2868,14.2052,"1793",0.700,0.700,22,19,15,15,00,00,77,37*35cfead4
#BESTPOSA,COM1,0,58.0,FINESTEERING,2434,183411.800,00000000,000e,10817;SOL_COMPUTED,NARROW_FLOAT,31.16436903647,121.45355076709,-8.0667,11.0299,WGS84,2.8728,3.2868,14.2052,"1793",0.800,0.800,23,20,15,15,00,00,77,37*a507e66f
#BESTPOSA,COM1,0,58.0,FINESTEERING,2434,183411.900,00000000,000e,10817;SOL_COMPUTED,PSRDIFF,31.16436959235,121.45355153115,-8.1277,11.0299,WGS84,2.8728,3.2868,14.2052,"1793",0.900,0.900,23,20,15,15,00,00,77,37*0e6350ef
#BESTPOSA,COM1,0,58.0,FINESTEERING,2434,183412.000,00000000,000e,10817;SOL_COMPUTED,NARROW_FLOAT,31.16436726081,121.45354921736,-8.0466,11.0299,WGS84,2.8728,3.2868,14.2052,"1793",1.000,1.000,23,20,15,15,00,00,77,37*1b42b576
$GPGSV,2,1,05,18,62,284,43,24,67,164,43,29,11,217,44,56,55,202,47*77
$GPGSV,2,2,05,57,34,242,46*4F
$GLGSV,1,1,02,81,09,176,39,82,47,208,49*63
$GAGSV,1,1,02,26,82,229,42,29,56,261,47*65
$GBGSV,3,1,09,01,49,147,49,02,34,242,47,03,55,202,48,07,41,174,45*6F
$GBGSV,3,2,09,08,14,195,44,10,32,178,44,26,25,158,44,31,15,182,41*6A
$GBGSV,3,3,09,34,40,232,47*51
$GQGSV,1,1,04,02,08,158,41,03,56,155,41,07,53,169,42,08,41,229,44*76
$GIGSV,1,1,01,10,51,165,45*57
$GNGST,025634.00,42.001,28.026,18.502,69.1335,2.873,3.287,14.205*41
#BESTPOSA,COM1,0,58.0,FINESTEERING,2434,183412.100,00000000,000e,10817;SOL_COMPUTED,NARROW_FLOAT,31.16436765841,121.45354871081,-8.0671,11.0299,WGS84,2.8728,3.2868,14.2052,"1793",1.100,1.100,23,20,15,15,00,00,77,37*0c39a698
#BESTPOSA,COM1,0,61.0,FINESTEERING,2434,183412.200,00000000,000e,10817;SOL_COMPUTED,NARROW_FLOAT,31.16436735075,121.45354782978,-8.0738,11.0299,WGS84,2.8728,3.2868,14.2052,"1793",1.200,1.200,23,20,15,15,00,00,77,37*ba8631f0
#BESTPOSA,COM1,0,61.0,FINESTEERING,2434,183412.300,00000000,000e,10817;SOL_COMPUTED,PSRDIFF,31.16436650004,121.45354685161,-8.0689,11.0299,WGS84,2.8728,3.2868,14.2052,"1793",1.300,1.300,23,20,15,15,00,00,77,37*75df1c10
#BESTPOSA,COM1,0,61.0,FINESTEERING,2434,183412.400,00000000,000e,10817;SOL_COMPUTED,NARROW_FLOAT,31.16435970288,121.45353646318,-8.1289,11.0299,WGS84,2.8728,3.2868,14.2052,"1793",0.400,0.400,23,20,15,15,00,00,77,37*509dbed3
#BESTPOSA,COM1,0,61.0,FINESTEERING,2434,183412.500,00000000,000e,10817;SOL_COMPUTED,NARROW_FLOAT,31.16435930266,121.45353527633,-8.1325,11.0299,WGS84,2.8728,3.2868,14.2052,"1793",0.500,0.500,23,20,15,15,00,00,77,37*57bf4d72
#BESTPOSA,COM1,0,61.0,FINESTEERING,2434,183412.600,00000000,000e,10817;SOL_COMPUTED,NARROW_FLOAT,31.16435912565,121.45353423679,-8.1150,11.0299,WGS84,2.8728,3.2868,14.2052,"1793",0.600,0.600,23,20,15,15,00,00,77,37*7b5d140f
#BESTPOSA,COM1,0,61.0,FINESTEERING,2434,183412.700,00000000,000e,10817;SOL_COMPUTED,NARROW_FLOAT,31.16435898947,121.45353323146,-8.1301,11.0299,WGS84,2.8728,3.2868,14.2052,"1793",0.700,0.700,24,21,16,17,00,00,77,37*84d554bf
#BESTPOSA,COM1,0,61.0,FINESTEERING,2434,183412.800,00000000,000e,10817;SOL_COMPUTED,NARROW_FLOAT,31.16435919954,121.45353247563,-8.1763,11.0299,WGS84,2.8728,3.2868,14.2052,"1793",0.800,0.800,24,21,16,17,00,00,77,37*7dce0b0f
#BESTPOSA,COM1,0,61.0,FINESTEERING,2434,183412.900,00000000,000e,10817;SOL_COMPUTED,NARROW_FLOAT,31.16435896192,121.45353163338,-8.2124,11.0299,WGS84,2.8728,3.2868,14.2052,"1793",0.900,0.900,24,21,16,17,00,00,77,37*6d07996b
#BESTPOSA,COM1,0,61.0,FINESTEERING,2434,183413.000,00000000,000e,10817;SOL_COMPUTED,NARROW_FLOAT,31.16435857827,121.45353064109,-8.1950,11.0299,WGS84,2.8728,3.2868,14.2052,"1793",1.000,1.000,24,21,17,17,00,00,77,37*e12f3b4a
$GPGSV,2,1,05,18,62,284,46,24,67,164,45,29,11,217,44,56,55,202,47*74
$GPGSV,2,2,05,57,34,242,47*4E
$GLGSV,1,1,02,81,09,176,39,82,47,208,49*63
$GAGSV,1,1,03,13,34,151,45,26,82,229,45,29,56,261,46*53
$GBGSV,3,1,09,01,49,147,47,02,34,242,45,03,55,202,47,07,41,174,45*6C
$GBGSV,3,2,09,08,14,195,44,10,32,178,44,26,25,158,44,31,15,182,42*69
$GBGSV,3,3,09,34,40,232,47*51
$GQGSV,1,1,04,02,08,158,41,03,56,155,43,07,53,169,41,08,41,229,44*77
$GIGSV,1,1,01,10,51,165,45*57
$GNGST,025635.00,29.130,19.344,11.759,66.0684,2.873,3.287,14.205*4F
#BESTPOSA,COM1,0,61.0,FINESTEERING,2434,183413.100,00000000,000e,10817;SOL_COMPUTED,NARROW_FLOAT,31.16435827472,121.45352964292,-8.1409,11.0299,WGS84,2.8728,3.2868,14.2052,"1793",1.100,1.100,24,21,16,16,00,00,77,37*3d169af1
#BESTPOSA,COM1,0,61.5,FINESTEERING,2434,183413.200,00200000,000e,10817;SOL_COMPUTED,NARROW_FLOAT,31.16435836759,121.45352878939,-8.1390,11.0299,WGS84,2.8728,3.2868,14.2052,"1793",1.200,1.200,24,21,17,17,00,00,77,37*6b4047fe
#BESTPOSA,COM1,0,61.5,FINESTEERING,2434,183413.300,00200000,000e,10817;SOL_COMPUTED,NARROW_FLOAT,31.16435819859,121.45352769070,-8.1184,11.0299,WGS84,2.8728,3.2868,14.2052,"1793",1.300,1.300,24,21,15,17,00,00,77,37*38379c0a
#BESTPOSA,COM1,0,61.5,FINESTEERING,2434,183413.400,00200000,000e,10817;SOL_COMPUTED,NARROW_FLOAT,31.16435833423,121.45352671246,-8.1543,11.0299,WGS84,2.8728,3.2868,14.2052,"1793",1.400,1.400,24,21,17,17,00,00,77,37*b336d8d7
#BESTPOSA,COM1,0,61.5,FINESTEERING,2434,183413.500,00200000,000e,10817;SOL_COMPUTED,NARROW_FLOAT,31.16435827549,121.45352574938,-8.1455,11.0299,WGS84,2.8728,3.2868,14.2052,"1793",1.500,1.500,24,21,16,17,00,00,77,37*7fce674b
#BESTPOSA,COM1,0,61.5,FINESTEERING,2434,183413.600,00200000,000e,10817;SOL_COMPUTED,NARROW_FLOAT,31.16433403905,121.45355282212,-9.4078,11.0299,WGS84,2.8728,3.2868,14.2052,"1793",0.600,0.600,24,21,17,17,00,00,77,37*5c5612ea
#BESTPOSA,COM1,0,61.5,FINESTEERING,2434,183413.700,00200000,000e,10817;SOL_COMPUTED,NARROW_FLOAT,31.16433413570,121.45355169512,-9.3966,11.0299,WGS84,2.8728,3.2868,14.2052,"1793",0.700,0.700,24,21,16,17,00,00,77,37*72482de5
#BESTPOSA,COM1,0,61.5,FINESTEERING,2434,183413.800,00200000,000e,10817;SOL_COMPUTED,NARROW_FLOAT,31.16433380719,121.45355076894,-9.3633,11.0299,WGS84,2.8728,3.2868,14.2052,"1793",0.800,0.800,24,21,17,17,00,00,77,37*851faa71
#BESTPOSA,COM1,0,61.5,FINESTEERING,2434,183413.900,00200000,000e,10817;SOL_COMPUTED,NARROW_FLOAT,31.16433392206,121.45354987384,-9.4167,11.0299,WGS84,2.8728,3.2868,14.2052,"1793",0.900,0.900,24,21,17,17,00,00,77,37*7eb08aa6
#BESTPOSA,COM1,0,61.5,FINESTEERING,2434,183414.000,00200000,000e,10817;SOL_COMPUTED,NARROW_FLOAT,31.16433336724,121.45354885051,-9.3781,11.0299,WGS84,2.8728,3.2868,14.2052,"1793",1.000,1.000,24,21,17,17,00,00,77,37*6c3f3d1a
$GPGSV,2,1,05,18,62,284,47,24,67,164,46,29,11,217,43,56,55,202,47*71
$GPGSV,2,2,05,57,34,242,46*4F
$GLGSV,1,1,02,81,09,176,40,82,47,208,48*6C
$GAGSV,1,1,03,13,34,151,44,26,82,229,46,29,56,261,46*51
$GBGSV,3,1,09,01,49,147,48,02,34,242,45,03,55,202,48,07,41,174,45*6C
$GBGSV,3,2,09,08,14,195,44,10,32,178,44,26,25,158,44,31,15,182,42*69
$GBGSV,3,3,09,34,40,232,48*5E
$GQGSV,1,1,04,02,08,158,40,03,56,155,44,07,53,169,41,08,41,229,44*71
$GIGSV,1,1,01,10,51,165,46*54
$GNGST,025636.00,22.389,15.925,3.825,57.7751,2.873,3.287,14.205*7D
#BESTPOSA,COM1,0,61.5,FINESTEERING,2434,183414.100,00200000,000e,10817;SOL_COMPUTED,NARROW_FLOAT,31.16433384416,121.45354786447,-9.4765,11.0299,WGS84,2.8728,3.2868,14.2052,"1793",1.100,1.100,24,21,17,17,00,00,77,37*96c5f4c5
#BESTPOSA,COM1,0,62.0,FINESTEERING,2434,183414.200,00000000,000e,10817;SOL_COMPUTED,NARROW_FLOAT,31.16433352847,121.45354691743,-9.4132,11.0299,WGS84,2.8728,3.2868,14.2052,"1793",1.200,1.200,24,21,17,17,00,00,77,37*f4a4718d
#BESTPOSA,COM1,0,62.0,FINESTEERING,2434,183414.300,00000000,000e,10817;SOL_COMPUTED,NARROW_FLOAT,31.16433320975,121.45354591659,-9.3739,11.0299,WGS84,2.8728,3.2868,14.2052,"1793",1.300,1.300,24,21,17,17,00,00,77,37*ae0c70ea
#BESTPOSA,COM1,0,62.0,FINESTEERING,2434,183414.400,00000000,000e,10817;SOL_COMPUTED,NARROW_FLOAT,31.16433341545,121.45354500644,-9.4005,11.0299,WGS84,2.8728,3.2868,14.2052,"1793",1.400,1.400,24,21,17,17,00,00,77,37*254860bf
#BESTPOSA,COM1,0,62.0,FINESTEERING,2434,183414.500,00000000,000e,10817;SOL_COMPUTED,NARROW_FLOAT,31.16432944988,121.45354010970,-9.7749,11.0299,WGS84,2.8728,3.2868,14.2052,"1793",0.500,0.500,24,21,17,17,00,00,77,37*150558c0
#BESTPOSA,COM1,0,62.0,FINESTEERING,2434,183414.600,00000000,000e,10817;SOL_COMPUTED,NARROW_FLOAT,31.16432940792,121.45353916998,-9.7881,11.0299,WGS84,2.8728,3.2868,14.2052,"1793",0.600,0.600,24,21,17,17,00,00,77,37*3ebf0885
#BESTPOSA,COM1,0,62.0,FINESTEERING,2434,183414.700,00000000,000e,10817;SOL_COMPUTED,NARROW_FLOAT,31.16432926863,121.45353806618,-9.7576,11.0299,WGS84,2.8728,3.2868,14.2052,"1793",0.700,0.700,24,21,17,17,00,00,77,37*a3a997cc
#BESTPOSA,COM1,0,62.0,FINESTEERING,2434,183414.800,00000000,000e,10817;SOL_COMPUTED,NARROW_FLOAT,31.16432977703,121.45353725766,-9.7763,11.0299,WGS84,2.8728,3.2868,14.2052,"1793",0.800,0.800,24,21,17,17,00,00,77,37*91226d7f
#BESTPOSA,COM1,0,62.0,FINESTEERING,2434,183414.900,00000000,000e,10817;SOL_COMPUTED,NARROW_FLOAT,31.16432927744,121.45353614727,-9.7246,11.0299,WGS84,2.8728,3.2868,14.2052,"1793",0.900,0.900,24,21,17,17,00,00,77,37*7f5fca7a
#BESTPOSA,COM1,0,62.0,FINESTEERING,2434,183415.000,00000000,000e,10817;SOL_COMPUTED,NARROW_FLOAT,31.16432928634,121.45353524659,-9.7696,11.0299,WGS84,2.8728,3.2868,14.2052,"1793",1.000,1.000,24,21,17,17,00,00,77,37*5415cf2a
$GPGSV,2,1,05,18,62,284,46,24,67,164,47,29,11,217,44,56,55,202,47*76
$GPGSV,2,2,05,57,34,242,45*4C
$GLGSV,1,1,02,81,09,176,41,82,47,208,49*6C
$GAGSV,1,1,03,13,34,151,44,26,82,229,49,29,56,261,46*5E
$GBGSV,3,1,09,01,49,147,48,02,34,242,45,03,55,202,49,07,41,174,45*6D
$GBGSV,3,2,09,08,14,195,44,10,32,178,45,26,25,158,44,31,15,182,43*69
$GBGSV,3,3,09,34,40,232,47*51
$GQGSV,1,1,04,02,08,157,40,03,56,155,45,07,53,169,41,08,41,229,44*7F
$GIGSV,1,1,01,10,51,165,46*54
$GNGST,025637.00,18.760,13.086,3.302,58.6256,2.873,3.287,14.205*72
#BESTPOSA,COM1,0,62.0,FINESTEERING,2434,183415.100,00000000,000e,10817;SOL_COMPUTED,NARROW_FLOAT,31.16432887927,121.45353425291,-9.7453,11.0299,WGS84,2.8728,3.2868,14.2052,"1793",1.100,1.100,24,21,17,17,00,00,77,37*6fb9b38e
#BESTPOSA,COM1,0,62.0,FINESTEERING,2434,183415.200,00200000,000e,10817;SOL_COMPUTED,NARROW_FLOAT,31.16432848973,121.45353333970,-9.7518,11.0299,WGS84,2.8728,3.2868,14.2052,"1793",1.200,1.200,24,21,17,17,00,00,77,37*d4d7c22e
#BESTPOSA,COM1,0,62.0,FINESTEERING,2434,183415.300,00200000,000e,10817;SOL_COMPUTED,NARROW_FLOAT,31.16432839858,121.45353253901,-9.7448,11.0299,WGS84,2.8728,3.2868,14.2052,"1793",1.300,1.300,24,21,17,17,00,00,77,37*bf4828b6
#BESTPOSA,COM1,0,62.0,FINESTEERING,2434,183415.400,00200000,000e,10817;SOL_COMPUTED,NARROW_FLOAT,31.16432798613,121.45353163861,-9.7348,11.0299,WGS84,2.8728,3.2868,14.2052,"1793",1.400,1.400,24,21,17,17,00,00,77,37*f2f70ba8
#BESTPOSA,COM1,0,62.0,FINESTEERING,2434,183415.500,00200000,000e,10817;SOL_COMPUTED,NARROW_FLOAT,31.16432776226,121.45353084510,-9.6891,11.0299,WGS84,2.8728,3.2868,14.2052,"1793",1.500,1.500,24,21,17,17,00,00,77,37*e13fb127
#BESTPOSA,COM1,0,62.0,FINESTEERING,2434,183415.600,00200000,000e,10817;SOL_COMPUTED,NARROW_FLOAT,31.16432770747,121.45353005062,-9.7021,11.0299,WGS84,2.8728,3.2868,14.2052,"1793",1.600,1.600,24,21,17,17,00,00,77,37*6189bc66
#BESTPOSA,COM1,0,62.0,FINESTEERING,2434,183415.700,00200000,000e,10817;SOL_COMPUTED,NARROW_FLOAT,31.16432818141,121.45352933343,-9.7668,11.0299,WGS84,2.8728,3.2868,14.2052,"1793",1.700,1.700,24,21,17,16,00,00,77,37*7caf4dd4
#BESTPOSA,COM1,0,62.0,FINESTEERING,2434,183415.800,00200000,000e,10817;SOL_COMPUTED,NARROW_FLOAT,31.16432249776,121.45352013603,-11.1442,11.0299,WGS84,2.8728,3.2868,14.2052,"1793",0.800,0.800,24,21,17,16,00,00,77,37*7388d1be
#BESTPOSA,COM1,0,62.0,FINESTEERING,2434,183415.900,00200000,000e,10817;SOL_COMPUTED,NARROW_FLOAT,31.16432233864,121.45351930366,-11.1190,11.0299,WGS84,2.8728,3.2868,14.2052,"1793",0.900,0.900,24,21,17,17,00,00,77,37*8f7c2aeb
#BESTPOSA,COM1,0,62.0,FINESTEERING,2434,183416.000,00200000,000e,10817;SOL_COMPUTED,NARROW_FLOAT,31.16432243243,121.45351868764,-11.1193,11.0299,WGS84,2.8728,3.2868,14.2052,"1793",1.000,1.000,24,21,17,17,00,00,77,37*b4038e17
$GPGSV,2,1,05,18,62,284,46,24,67,164,48,29,11,217,43,56,55,202,45*7C
$GPGSV,2,2,05,57,34,242,45*4C
$GLGSV,1,1,02,81,09,176,42,82,47,208,49*6F
$GAGSV,1,1,03,13,34,151,43,26,82,229,48,29,56,261,46*58
$GBGSV,3,1,09,01,49,147,48,02,34,242,44,03,55,202,47,07,41,174,45*62
$GBGSV,3,2,09,08,14,195,43,10,32,178,45,26,25,158,45,31,15,182,43*6F
$GBGSV,3,3,09,34,40,232,47*51
$GQGSV,1,1,04,02,08,157,40,03,56,155,45,07,53,169,41,08,41,229,44*7F
$GIGSV,1,1,01,10,51,165,46*54
$GNGST,025638.00,16.357,11.053,3.012,59.0620,2.873,3.287,14.205*79
#BESTPOSA,COM1,0,62.0,FINESTEERING,2434,183416.100,00200000,000e,10817;SOL_COMPUTED,NARROW_FLOAT,31.16432230649,121.45351795103,-11.1261,11.0299,WGS84,2.8728,3.2868,14.2052,"1793",1.100,1.100,24,21,17,17,00,00,77,37*c615ea51
#BESTPOSA,COM1,0,62.5,FINESTEERING,2434,183416.200,00000000,000e,10817;SOL_COMPUTED,NARROW_FLOAT,31.16432214277,121.45351734282,-11.1541,11.0299,WGS84,2.8728,3.2868,14.2052,"1793",1.200,1.200,24,21,17,17,00,00,77,37*5417f77b
#BESTPOSA,COM1,0,62.5,FINESTEERING,2434,183416.300,00000000,000e,10817;SOL_COMPUTED,NARROW_FLOAT,31.16432183261,121.45351679490,-11.1108,11.0299,WGS84,2.8728,3.2868,14.2052,"1793",1.300,1.300,24,21,17,17,00,00,77,37*8e74e7f7
#BESTPOSA,COM1,0,62.5,FINESTEERING,2434,183416.400,00000000,000e,10817;SOL_COMPUTED,NARROW_FLOAT,31.16432141373,121.45351611188,-11.0891,11.0299,WGS84,2.8728,3.2868,14.2052,"1793",1.400,1.400,24,21,17,17,00,00,77,37*7baf14ee
#BESTPOSA,COM1,0,62.5,FINESTEERING,2434,183416.500,00000000,000e,10817;SOL_COMPUTED,NARROW_FLOAT,31.16432138597,121.45351567814,-11.1374,11.0299,WGS84,2.8728,3.2868,14.2052,"1793",1.500,1.500,24,21,17,17,00,00,77,37*2b33d829
#BESTPOSA,COM1,0,62.5,FINESTEERING,2434,183416.600,00000000,000e,10817;SOL_COMPUTED,NARROW_FLOAT,31.16432102179,121.45351522825,-11.1068,11.0299,WGS84,2.8728,3.2868,14.2052,"1793",1.600,1.600,24,21,17,17,00,00,77,37*e62dff79
#BESTPOSA,COM1,0,62.5,FINESTEERING,2434,183416.700,00000000,000e,10817;SOL_COMPUTED,NARROW_FLOAT,31.16432089899,121.45351488397,-11.0824,11.0299,WGS84,2.8728,3.2868,14.2052,"1793",1.700,1.700,24,21,17,17,00,00,77,37*6e8d13d2
#BESTPOSA,COM1,0,62.5,FINESTEERING,2434,183416.800,00000000,000e,10817;SOL_COMPUTED,NARROW_INT,31.16410058233,121.45338802216,5.9548,11.0299,WGS84,2.8728,3.2868,14.2052,"1793",0.800,0.800,24,21,17,17,00,00,77,37*3f5fbe49
#BESTPOSA,COM1,0,62.5,FINESTEERING,2434,183416.900,00000000,000e,10817;SOL_COMPUTED,NARROW_INT,31.16410055144,121.45338762935,5.9652,11.0299,WGS84,2.8728,3.2868,14.2052,"1793",0.900,0.900,24,21,17,17,00,00,77,37*1078937e
#BESTPOSA,COM1,0,62.5,FINESTEERING,2434,183417.000,00000000,000e,10817;SOL_COMPUTED,NARROW_INT,31.16410058166,121.45338722544,5.9612,11.0299,WGS84,2.8728,3.2868,14.2052,"1793",1.000,1.000,24,21,17,16,00,00,77,37*e91691b6
$GPGSV,2,1,05,18,62,284,45,24,67,164,48,29,11,217,43,56,55,202,47*7D
$GPGSV,2,2,05,57,34,242,46*4F
$GLGSV,1,1,02,81,09,176,42,82,47,208,48*6E
$GAGSV,1,1,03,13,34,151,45,26,82,229,47,29,56,261,46*51
$GBGSV,3,1,09,01,49,147,47,02,34,242,46,03,55,202,48,07,41,174,45*60
$GBGSV,3,2,09,08,14,195,43,10,32,178,45,26,25,158,45,31,15,182,42*6E
$GBGSV,3,3,09,34,40,232,47*51
$GQGSV,1,1,04,02,08,157,42,03,56,155,46,07,53,169,40,08,41,229,44*7F
$GIGSV,1,1,01,10,51,165,46*54
$GNGST,025639.00,0.060,0.042,0.008,70.9379,2.873,3.287,14.205*7B
#BESTPOSA,COM1,0,62.5,FINESTEERING,2434,183417.100,00000000,000e,10817;SOL_COMPUTED,NARROW_INT,31.16410073695,121.45338681085,5.9383,11.0299,WGS84,2.8728,3.2868,14.2052,"1793",1.100,1.100,24,21,17,17,00,00,77,37*53bcf446
#BESTPOSA,COM1,0,61.5,FINESTEERING,2434,183417.200,00000000,000e,10817;SOL_COMPUTED,NARROW_INT,31.16410092284,121.45338624738,5.9354,11.0299,WGS84,2.8728,3.2868,14.2052,"1793",1.200,1.200,24,21,17,17,00,00,77,37*20b6d597
#BESTPOSA,COM1,0,61.5,FINESTEERING,2434,183417.300,00000000,000e,10817;SOL_COMPUTED,NARROW_INT,31.16410104919,121.45338582660,5.9378,11.0299,WGS84,2.8728,3.2868,14.2052,"1793",1.300,1.300,24,21,17,17,00,00,77,37*d10b296e
#BESTPOSA,COM1,0,61.5,FINESTEERING,2434,183417.400,00000000,000e,10817;SOL_COMPUTED,NARROW_INT,31.16410117855,121.45338535602,5.9385,11.0299,WGS84,2.8728,3.2868,14.2052,"1793",1.400,1.400,24,21,17,17,00,00,77,37*5e8b75af
#BESTPOSA,COM1,0,61.5,FINESTEERING,2434,183417.500,00000000,000e,10817;SOL_COMPUTED,NARROW_INT,31.16410120688,121.45338502137,5.9270,11.0299,WGS84,2.8728,3.2868,14.2052,"1793",1.500,1.500,24,21,17,17,00,00,77,37*12ce1c58
#BESTPOSA,COM1,0,61.5,FINESTEERING,2434,183417.600,00000000,000e,10817;SOL_COMPUTED,NARROW_INT,31.16410116664,121.45338472656,5.9306,11.0299,WGS84,2.8728,3.2868,14.2052,"1793",1.600,1.600,24,21,17,17,00,00,77,37*cf8484f1
#BESTPOSA,COM1,0,61.5,FINESTEERING,2434,183417.700,00000000,000e,10817;SOL_COMPUTED,NARROW_INT,31.16410100290,121.45338437162,5.9004,11.0299,WGS84,2.8728,3.2868,14.2052,"1793",0.700,0.700,24,21,17,17,00,00,77,37*22b6ce32
#BESTPOSA,COM1,0,61.5,FINESTEERING,2434,183417.800,00000000,000e,10817;SOL_COMPUTED,NARROW_INT,31.16410101664,121.45338394321,5.8849,11.0299,WGS84,2.8728,3.2868,14.2052,"1793",0.800,0.800,24,21,17,17,00,00,77,37*996cbdb1
#BESTPOSA,COM1,0,61.5,FINESTEERING,2434,183417.900,00000000,000e,10817;SOL_COMPUTED,NARROW_INT,31.16410100769,121.45338358195,5.8697,11.0299,WGS84,2.8728,3.2868,14.2052,"1793",0.900,0.900,24,21,17,17,00,00,77,37*39262e11
#BESTPOSA,COM1,0,61.5,FINESTEERING,2434,183418.000,00000000,000e,10817;SOL_COMPUTED,NARROW_INT,31.16410105837,121.45338322038,5.8715,11.0299,WGS84,2.8728,3.2868,14.2052,"1793",1.000,1.000,24,21,17,17,00,00,77,37*a3dafb07
$GPGSV,2,1,05,18,62,284,46,24,67,164,47,29,11,217,44,56,55,202,46*77
$GPGSV,2,2,05,57,34,242,44*4D
$GLGSV,1,1,02,81,09,176,42,82,47,208,48*6E
$GAGSV,1,1,03,13,34,151,44,26,82,229,39,29,56,261,46*59
$GBGSV,3,1,09,01,49,147,47,02,34,242,46,03,55,202,48,07,41,174,45*60
$GBGSV,3,2,09,08,14,195,42,10,32,178,47,26,25,158,45,31,15,182,44*6B
$GBGSV,3,3,09,34,40,232,46*50
$GQGSV,1,1,04,02,08,157,45,03,56,155,46,07,53,169,40,08,41,229,44*78
$GIGSV,1,1,01,10,51,165,46*54
$GNGST,025640.00,0.044,0.029,0.008,63.7988,2.873,3.287,14.205*76
#BESTPOSA,COM1,0,61.5,FINESTEERING,2434,183418.100,00000000,000e,10817;SOL_COMPUTED,NARROW_INT,31.16410099870,121.45338289845,5.8815,11.0299,WGS84,2.8728,3.2868,14.2052,"1793",1.100,1.100,24,21,17,17,00,00,77,37*7401ee69
#BESTPOSA,COM1,0,61.5,FINESTEERING,2434,183418.200,00000000,000e,10817;SOL_COMPUTED,NARROW_INT,31.16410109791,121.45338269755,5.8872,11.0299,WGS84,2.8728,3.2868,14.2052,"1793",1.200,1.200,24,21,17,17,00,00,77,37*863dbc13
#BESTPOSA,COM1,0,61.5,FINESTEERING,2434,183418.300,00000000,000e,10817;SOL_COMPUTED,NARROW_INT,31.16410125197,121.45338255789,5.8848,11.0299,WGS84,2.8728,3.2868,14.2052,"1793",1.300,1.300,24,21,17,17,00,00,77,37*f7943f57
#BESTPOSA,COM1,0,61.5,FINESTEERING,2434,183418.400,00000000,000e,10817;SOL_COMPUTED,NARROW_INT,31.16410177335,121.45338258483,5.8519,11.0299,WGS84,2.8728,3.2868,14.2052,"1793",1.400,1.400,24,21,17,17,00,00,77,37*d36a3055
#BESTPOSA,COM1,0,61.5,FINESTEERING,2434,183418.500,00000000,000e,10817;SOL_COMPUTED,NARROW_INT,31.16410198802,121.45338254878,5.8525,11.0299,WGS84,2.8728,3.2868,14.2052,"1793",1.500,1.500,24,21,17,17,00,00,77,37*b69d3696
#BESTPOSA,COM1,0,61.5,FINESTEERING,2434,183418.600,00000000,000e,10817;SOL_COMPUTED,NARROW_INT,31.16410211813,121.45338249524,5.8564,11.0299,WGS84,2.8728,3.2868,14.2052,"1793",1.600,1.600,25,22,18,17,00,00,77,37*0798b10b
#BESTPOSA,COM1,0,61.5,FINESTEERING,2434,183418.700,00000000,000e,10817;SOL_COMPUTED,NARROW_INT,31.16410156226,121.45338225853,5.9180,11.0299,WGS84,2.8728,3.2868,14.2052,"1793",0.700,0.700,25,22,18,17,00,00,77,37*3114f6ef
#BESTPOSA,COM1,0,61.5,FINESTEERING,2434,183418.800,00000000,000e,10817;SOL_COMPUTED,NARROW_INT,31.16410153028,121.45338222740,5.9229,11.0299,WGS84,2.8728,3.2868,14.2052,"1793",0.800,0.800,25,22,18,17,00,00,77,37*8660604f
#BESTPOSA,COM1,0,61.5,FINESTEERING,2434,183418.900,00000000,000e,10817;SOL_COMPUTED,NARROW_INT,31.16410153973,121.45338221190,5.9269,11.0299,WGS84,2.8728,3.2868,14.2052,"1793",0.900,0.900,25,22,18,17,00,00,77,37*2a29bc19
#BESTPOSA,COM1,0,61.5,FINESTEERING,2434,183419.000,00000000,000e,10817;SOL_COMPUTED,NARROW_INT,31.16410155122,121.45338220177,5.9307,11.0299,WGS84,2.8728,3.2868,14.2052,"1793",1.000,1.000,25,22,18,17,00,00,77,37*3c8ba407
$GPGSV,2,1,05,18,62,284,45,24,67,164,47,29,11,217,44,56,55,202,47*75
$GPGSV,2,2,05,57,34,242,46*4F
$GLGSV,1,1,02,81,09,176,42,82,47,208,48*6E
$GAGSV,1,1,03,13,34,151,43,26,82,229,39,29,56,261,46*5E
$GBGSV,3,1,10,01,49,147,47,02,34,242,45,03,55,202,47,07,41,174,44*65
$GBGSV,3,2,10,08,14,195,44,10,32,178,47,26,25,158,45,31,15,182,44*65
$GBGSV,3,3,10,34,40,232,47,42,40,301,33*69
$GQGSV,1,1,04,02,08,157,45,03,56,155,45,07,53,169,40,08,41,229,44*7B
$GIGSV,1,1,01,10,51,165,46*54
$GNGST,025641.00,0.036,0.023,0.006,61.1507,2.873,3.287,14.205*79
#BESTPOSA,COM1,0,61.5,FINESTEERING,2434,183419.100,00000000,000e,10817;SOL_COMPUTED,NARROW_INT,31.16410173851,121.45338227500,5.9077,11.0299,WGS84,2.8728,3.2868,14.2052,"1793",1.100,1.100,24,21,17,17,00,00,77,37*ce3a40d5
#BESTPOSA,COM1,0,60.5,FINESTEERING,2434,183419.200,00000000,000e,10817;SOL_COMPUTED,NARROW_INT,31.16410181765,121.45338228946,5.9066,11.0299,WGS84,2.8728,3.2868,14.2052,"1793",1.200,1.200,25,22,18,17,00,00,77,37*dadb2c1a
#BESTPOSA,COM1,0,60.5,FINESTEERING,2434,183419.300,00000000,000e,10817;SOL_COMPUTED,NARROW_INT,31.16410183297,121.45338238750,5.8967,11.0299,WGS84,2.8728,3.2868,14.2052,"1793",1.300,1.300,25,22,18,17,00,00,77,37*cca2178a
#BESTPOSA,COM1,0,60.5,FINESTEERING,2434,183419.400,00000000,000e,10817;SOL_COMPUTED,NARROW_INT,31.16410176907,121.45338249953,5.8949,11.0299,WGS84,2.8728,3.2868,14.2052,"1793",0.400,0.400,25,22,18,17,00,00,77,37*55bfa11c
#BESTPOSA,COM1,0,60.5,FINESTEERING,2434,183419.500,00000000,000e,10817;SOL_COMPUTED,NARROW_INT,31.16410169310,121.45338246457,5.8887,11.0299,WGS84,2.8728,3.2868,14.2052,"1793",0.500,0.500,25,22,18,17,00,00,77,37*fd682a7d
#BESTPOSA,COM1,0,60.5,FINESTEERING,2434,183419.600,00000000,000e,10817;SOL_COMPUTED,NARROW_INT,31.16410176940,121.45338248394,5.8937,11.0299,WGS84,2.8728,3.2868,14.2052,"1793",0.600,0.600,25,22,18,17,00,00,77,37*b1fbda88
#BESTPOSA,COM1,0,60.5,FINESTEERING,2434,183419.700,00000000,000e,10817;SOL_COMPUTED,NARROW_INT,31.16410173013,121.45338241032,5.8996,11.0299,WGS84,2.8728,3.2868,14.2052,"1793",0.700,0.700,25,22,18,18,00,00,77,37*07cf589b
#BESTPOSA,COM1,0,60.5,FINESTEERING,2434,183419.800,00000000,000e,10817;SOL_COMPUTED,NARROW_INT,31.16410170919,121.45338242394,5.8926,11.0299,WGS84,2.8728,3.2868,14.2052,"1793",0.800,0.800,25,22,18,18,00,00,77,37*3aa2854d
#BESTPOSA,COM1,0,60.5,FINESTEERING,2434,183419.900,00000000,000e,10817;SOL_COMPUTED,NARROW_INT,31.16410168292,121.45338242876,5.8905,11.0299,WGS84,2.8728,3.2868,14.2052,"1793",0.900,0.900,25,22,18,18,00,00,77,37*7382a19c
#BESTPOSA,COM1,0,60.5,FINESTEERING,2434,183420.000,00000000,000e,10817;SOL_COMPUTED,NARROW_INT,31.16410170790,121.45338243267,5.8853,11.0299,WGS84,2.8728,3.2868,14.2052,"1793",1.000,1.000,25,22,18,18,00,00,77,37*6f2b712e
$GPGSV,2,1,05,18,62,284,45,24,67,164,48,29,11,217,44,56,55,202,49*74
$GPGSV,2,2,05,57,34,242,45*4C
$GLGSV,1,1,02,81,09,176,41,82,47,208,47*62
$GAGSV,1,1,03,13,34,151,42,26,82,229,39,29,56,261,45*5C
$GBGSV,3,1,10,01,49,147,47,02,34,242,45,03,55,202,46,07,41,174,46*66
$GBGSV,3,2,10,08,14,195,44,10,32,178,47,26,25,158,45,31,15,182,44*65
$GBGSV,3,3,10,34,40,232,49,42,40,301,36*62
$GQGSV,1,1,04,02,08,157,45,03,56,155,44,07,53,169,40,08,41,229,44*7A
$GIGSV,1,1,01,10,51,165,46*54
$GNGST,025642.00,0.032,0.020,0.006,61.8400,2.873,3.287,14.205*72
#BESTPOSA,COM1,0,60.5,FINESTEERING,2434,183420.100,00000000,000e,10817;SOL_COMPUTED,NARROW_INT,31.16410172629,121.45338244761,5.8685,11.0299,WGS84,2.8728,3.2868,14.2052,"1793",1.100,1.100,25,22,18,18,00,00,77,37*281e0197
#BESTPOSA,COM1,0,61.0,FINESTEERING,2434,183420.200,00200000,000e,10817;SOL_COMPUTED,NARROW_INT,31.16410174724,121.45338249897,5.8652,11.0299,WGS84,2.8728,3.2868,14.2052,"1793",1.200,1.200,25,22,18,18,00,00,77,37*82b05061
#BESTPOSA,COM1,0,61.0,FINESTEERING,2434,183420.300,00200000,000e,10817;SOL_COMPUTED,NARROW_INT,31.16410177366,121.45338255112,5.8636,11.0299,WGS84,2.8728,3.2868,14.2052,"1793",1.300,1.300,25,22,18,18,00,00,77,37*a2da2e4c
#BESTPOSA,COM1,0,61.0,FINESTEERING,2434,183420.400,00200000,000e,10817;SOL_COMPUTED,NARROW_INT,31.16410181826,121.45338259957,5.8597,11.0299,WGS84,2.8728,3.2868,14.2052,"1793",1.400,1.400,25,22,18,18,00,00,77,37*6dadf8b7
#BESTPOSA,COM1,0,61.0,FINESTEERING,2434,183420.500,00200000,000e,10817;SOL_COMPUTED,NARROW_INT,31.16410194574,121.45338263521,5.8625,11.0299,WGS84,2.8728,3.2868,14.2052,"1793",0.500,0.500,25,22,18,18,00,00,77,37*0ec9dbfb
#BESTPOSA,COM1,0,61.0,FINESTEERING,2434,183420.600,00200000,000e,10817;SOL_COMPUTED,NARROW_INT,31.16410199261,121.45338259601,5.8592,11.0299,WGS84,2.8728,3.2868,14.2052,"1793",0.600,0.600,25,22,18,18,00,00,77,37*8f60fd56
#BESTPOSA,COM1,0,61.0,FINESTEERING,2434,183420.700,00200000,000e,10817;SOL_COMPUTED,NARROW_INT,31.16410196057,121.45338254263,5.8584,11.0299,WGS84,2.8728,3.2868,14.2052,"1793",0.700,0.700,25,22,18,18,00,00,77,37*5d429f20
#BESTPOSA,COM1,0,61.0,FINESTEERING,2434,183420.800,00200000,000e,10817;SOL_COMPUTED,NARROW_INT,31.16410193529,121.45338249340,5.8588,11.0299,WGS84,2.8728,3.2868,14.2052,"1793",0.800,0.800,25,22,18,18,00,00,77,37*12f09fa9
#BESTPOSA,COM1,0,61.0,FINESTEERING,2434,183420.900,00200000,000e,10817;SOL_COMPUTED,NARROW_INT,31.16410193940,121.45338248858,5.8568,11.0299,WGS84,2.8728,3.2868,14.2052,"1793",0.900,0.900,25,22,18,18,00,00,77,37*368addec
#BESTPOSA,COM1,0,61.0,FINESTEERING,2434,183421.000,00200000,000e,10817;SOL_COMPUTED,NARROW_INT,31.16410197419,121.45338249988,5.8543,11.0299,WGS84,2.8728,3.2868,14.2052,"1793",1.000,1.000,25,22,18,18,00,00,77,37*37db5e83
$GPGSV,2,1,05,18,62,284,45,24,67,164,47,29,11,217,44,56,55,202,49*7B
$GPGSV,2,2,05,57,34,242,44*4D
$GLGSV,1,1,02,81,09,176,41,82,47,208,48*6D
$GAGSV,1,1,03,13,34,151,42,26,82,229,40,29,56,261,45*52
$GBGSV,3,1,10,01,49,147,46,02,34,242,45,03,55,202,46,07,41,174,46*67
$GBGSV,3,2,10,08,14,195,44,10,32,178,46,26,25,158,45,31,15,182,44*64
$GBGSV,3,3,10,34,39,232,48,42,40,301,35*6E
$GQGSV,1,1,04,02,08,157,45,03,56,155,41,07,53,169,39,08,41,229,45*70
$GIGSV,1,1,01,10,51,165,45*57
$GNGST,025643.00,0.028,0.018,0.006,62.2026,2.873,3.287,14.205*7A
#BESTPOSA,COM1,0,61.0,FINESTEERING,2434,183421.100,00200000,000e,10817;SOL_COMPUTED,NARROW_INT,31.16410199096,121.45338246387,5.8535,11.0299,WGS84,2.8728,3.2868,14.2052,"1793",1.100,1.100,25,22,18,18,00,00,77,37*8ce5e73b
#BESTPOSA,COM1,0,61.5,FINESTEERING,2434,183421.200,00000000,000e,10817;SOL_COMPUTED,NARROW_INT,31.16410195402,121.45338251149,5.8542,11.0299,WGS84,2.8728,3.2868,14.2052,"1793",1.200,1.200,25,22,18,18,00,00,77,37*dfb94a95
#BESTPOSA,COM1,0,61.5,FINESTEERING,2434,183421.300,00000000,000e,10817;SOL_COMPUTED,NARROW_INT,31.16410194763,121.45338255646,5.8519,11.0299,WGS84,2.8728,3.2868,14.2052,"1793",1.300,1.300,25,22,18,18,00,00,77,37*f465edff
#BESTPOSA,COM1,0,61.5,FINESTEERING,2434,183421.400,00000000,000e,10817;SOL_COMPUTED,NARROW_INT,31.16410196574,121.45338255309,5.8475,11.0299,WGS84,2.8728,3.2868,14.2052,"1793",1.400,1.400,25,22,18,18,00,00,77,37*870c2d9f
#BESTPOSA,COM1,0,61.5,FINESTEERING,2434,183421.500,00000000,000e,10817;SOL_COMPUTED,NARROW_INT,31.16410195275,121.45338259655,5.8457,11.0299,WGS84,2.8728,3.2868,14.2052,"1793",1.500,1.500,25,22,18,18,00,00,77,37*ce7d40fb
#BESTPOSA,COM1,0,61.5,FINESTEERING,2434,183421.600,00000000,000e,10817;SOL_COMPUTED,NARROW_INT,31.16410189451,121.45338267728,5.8449,11.0299,WGS84,2.8728,3.2868,14.2052,"1793",1.600,1.600,25,22,18,18,00,00,77,37*fd7224a7
#BESTPOSA,COM1,0,61.5,FINESTEERING,2434,183421.700,00000000,000e,10817;SOL_COMPUTED,NARROW_INT,31.16410190022,121.45338280861,5.8413,11.0299,WGS84,2.8728,3.2868,14.2052,"1793",0.700,0.700,26,23,19,19,00,00,77,37*087986cc
#BESTPOSA,COM1,0,61.5,FINESTEERING,2434,183421.800,00000000,000e,10817;SOL_COMPUTED,NARROW_INT,31.16410190193,121.45338294461,5.8438,11.0299,WGS84,2.8728,3.2868,14.2052,"1793",0.800,0.800,25,22,18,18,00,00,77,37*779b13b2
#BESTPOSA,COM1,0,61.5,FINESTEERING,2434,183421.900,00000000,000e,10817;SOL_COMPUTED,NARROW_INT,31.16410193837,121.45338312399,5.8299,11.0299,WGS84,2.8728,3.2868,14.2052,"1793",0.900,0.900,26,23,19,19,00,00,77,37*9905689a
#BESTPOSA,COM1,0,61.5,FINESTEERING,2434,183422.000,00000000,000e,10817;SOL_COMPUTED,NARROW_INT,31.16410192946,121.45338328897,5.8276,11.0299,WGS84,2.8728,3.2868,14.2052,"1793",1.000,1.000,25,22,18,18,00,00,77,37*5c6160c8
$GPGSV,2,1,05,18,62,284,46,24,67,164,47,29,11,217,44,56,55,202,49*78
$GPGSV,2,2,05,57,34,242,43*4A
$GLGSV,1,1,02,81,09,176,42,82,47,208,46*60
$GAGSV,1,1,03,13,34,151,42,26,82,229,40,29,56,261,45*52
$GBGSV,3,1,10,01,49,147,47,02,34,242,45,03,55,202,47,07,41,174,46*67
$GBGSV,3,2,10,08,14,195,44,10,32,178,46,26,25,158,45,31,15,182,44*64
$GBGSV,3,3,10,34,39,232,48,42,40,301,35*6E
$GQGSV,1,1,04,02,08,157,45,03,56,155,41,07,53,169,39,08,41,229,45*70
$GIGSV,1,1,01,10,51,165,45*57
$GNGST,025644.00,0.027,0.017,0.006,61.8316,2.873,3.287,14.205*74
#BESTPOSA,COM1,0,61.5,FINESTEERING,2434,183422.100,00000000,000e,10817;SOL_COMPUTED,NARROW_INT,31.16410192471,121.45338345805,5.8297,11.0299,WGS84,2.8728,3.2868,14.2052,"1793",1.100,1.100,25,22,18,18,00,00,77,37*544619a4
#BESTPOSA,COM1,0,58.5,FINESTEERING,2434,183422.200,00200000,000e,10817;SOL_COMPUTED,NARROW_INT,31.16410193249,121.45338357061,5.8278,11.0299,WGS84,2.8728,3.2868,14.2052,"1793",1.200,1.200,25,22,18,18,00,00,77,37*eb582ced
#BESTPOSA,COM1,0,58.5,FINESTEERING,2434,183422.300,00200000,000e,10817;SOL_COMPUTED,NARROW_INT,31.16410201660,121.45338370690,5.8273,11.0299,WGS84,2.8728,3.2868,14.2052,"1793",1.300,1.300,26,23,19,19,00,00,77,37*1c9391f5
#BESTPOSA,COM1,0,58.5,FINESTEERING,2434,183422.400,00200000,000e,10817;SOL_COMPUTED,NARROW_INT,31.16410207986,121.45338380546,5.8380,11.0299,WGS84,2.8728,3.2868,14.2052,"1793",1.400,1.400,27,23,19,19,00,00,77,37*27a13c3c
#BESTPOSA,COM1,0,58.5,FINESTEERING,2434,183422.500,00200000,000e,10817;SOL_COMPUTED,NARROW_INT,31.16410215835,121.45338381071,5.8180,11.0299,WGS84,2.8728,3.2868,14.2052,"1793",1.500,1.500,27,23,19,18,00,00,77,37*2114d40b
#BESTPOSA,COM1,0,58.5,FINESTEERING,2434,183422.600,00200000,000e,10817;SOL_COMPUTED,NARROW_INT,31.16410215142,121.45338380344,5.8160,11.0299,WGS84,2.8728,3.2868,14.2052,"1793",1.600,1.600,27,23,19,18,00,00,77,37*cc27b9f0
#BESTPOSA,COM1,0,58.5,FINESTEERING,2434,183422.700,00200000,000e,10817;SOL_COMPUTED,NARROW_INT,31.16410205423,121.45338368502,5.8337,11.0299,WGS84,2.8728,3.2868,14.2052,"1793",0.700,0.700,27,23,19,19,00,00,77,37*e74a2aba
#BESTPOSA,COM1,0,58.5,FINESTEERING,2434,183422.800,00200000,000e,10817;SOL_COMPUTED,NARROW_INT,31.16410213019,121.45338365277,5.8187,11.0299,WGS84,2.8728,3.2868,14.2052,"1793",0.800,0.800,27,23,19,18,00,00,77,37*11da9435
#BESTPOSA,COM1,0,58.5,FINESTEERING,2434,183422.900,00200000,000e,10817;SOL_COMPUTED,NARROW_INT,31.16410222598,121.45338369677,5.8096,11.0299,WGS84,2.8728,3.2868,14.2052,"1793",0.900,0.900,27,23,19,18,00,00,77,37*290e254d
#BESTPOSA,COM1,0,58.5,FINESTEERING,2434,183423.000,00200000,000e,10817;SOL_COMPUTED,NARROW_INT,31.16410219316,121.45338361591,5.8062,11.0299,WGS84,2.8728,3.2868,14.2052,"1793",1.000,1.000,27,23,19,18,00,00,77,37*53ec35dc
$GPGSV,2,1,05,18,62,284,46,24,67,164,47,29,11,217,44,56,55,202,46*77
$GPGSV,2,2,05,57,34,242,44*4D
$GLGSV,1,1,02,81,09,176,41,82,47,208,46*63
$GAGSV,1,1,03,13,34,151,42,26,82,229,43,29,56,261,45*51
$GBGSV,3,1,11,01,49,147,47,02,34,242,46,03,55,202,49,04,37,120,39*60
$GBGSV,3,2,11,07,41,174,46,08,14,195,44,10,32,178,45,26,25,158,45*69
$GBGSV,3,3,11,31,15,182,43,34,39,232,48,42,40,301,34*54
$GQGSV,1,1,04,02,08,157,44,03,56,155,42,07,53,169,39,08,41,229,45*72
$GIGSV,1,1,01,10,51,165,45*57
$GNGST,025645.00,0.027,0.017,0.006,61.6813,2.873,3.287,14.205*75
#BESTPOSA,COM1,0,58.5,FINESTEERING,2434,183423.100,00200000,000e,10817;SOL_COMPUTED,NARROW_INT,31.16410218243,121.45338350195,5.7989,11.0299,WGS84,2.8728,3.2868,14.2052,"1793",1.100,1.100,27,23,19,18,00,00,77,37*fe98b587
#BESTPOSA,COM1,0,56.5,FINESTEERING,2434,183423.200,00000000,000e,10817;SOL_COMPUTED,NARROW_INT,31.16410203306,121.45338332182,5.8067,11.0299,WGS84,2.8728,3.2868,14.2052,"1793",1.200,1.200,27,23,19,19,00,00,77,37*af49677d
#BESTPOSA,COM1,0,56.5,FINESTEERING,2434,183423.300,00000000,000e,10817;SOL_COMPUTED,NARROW_INT,31.16410183076,121.45338323514,5.8194,11.0299,WGS84,2.8728,3.2868,14.2052,"1793",1.300,1.300,27,23,19,19,00,00,77,37*e458cf17
#BESTPOSA,COM1,0,56.5,FINESTEERING,2434,183423.400,00000000,000e,10817;SOL_COMPUTED,NARROW_INT,31.16410176980,121.45338333606,5.8233,11.0299,WGS84,2.8728,3.2868,14.2052,"1793",1.400,1.400,27,23,19,19,00,00,77,37*467f687d
#BESTPOSA,COM1,0,56.5,FINESTEERING,2434,183423.500,00000000,000e,10817;SOL_COMPUTED,NARROW_INT,31.16410183795,121.45338346210,5.8388,11.0299,WGS84,2.8728,3.2868,14.2052,"1793",0.500,0.500,27,23,19,19,00,00,77,37*898da27f
#BESTPOSA,COM1,0,56.5,FINESTEERING,2434,183423.600,00000000,000e,10817;SOL_COMPUTED,NARROW_INT,31.16410197341,121.45338357759,5.8317,11.0299,WGS84,2.8728,3.2868,14.2052,"1793",0.600,0.600,27,23,19,19,00,00,77,37*eac83518
#BESTPOSA,COM1,0,56.5,FINESTEERING,2434,183423.700,00000000,000e,10817;SOL_COMPUTED,NARROW_INT,31.16410202136,121.45338356188,5.8287,11.0299,WGS84,2.8728,3.2868,14.2052,"1793",0.700,0.700,27,23,19,19,00,00,77,37*82a9df5b
#BESTPOSA,COM1,0,56.5,FINESTEERING,2434,183423.800,00000000,000e,10817;SOL_COMPUTED,NARROW_INT,31.16410199260,121.45338347803,5.8344,11.0299,WGS84,2.8728,3.2868,14.2052,"1793",0.800,0.800,27,23,19,19,00,00,77,37*7a437e7b
#BESTPOSA,COM1,0,56.5,FINESTEERING,2434,183423.900,00000000,000e,10817;SOL_COMPUTED,NARROW_INT,31.16410198207,121.45338336246,5.8406,11.0299,WGS84,2.8728,3.2868,14.2052,"1793",0.900,0.900,27,23,19,19,00,00,77,37*7e8b9ff7
#BESTPOSA,COM1,0,56.5,FINESTEERING,2434,183424.000,00000000,000e,10817;SOL_COMPUTED,NARROW_INT,31.16410193063,121.45338324767,5.8634,11.0299,WGS84,2.8728,3.2868,14.2052,"1793",1.000,1.000,27,23,19,19,00,00,77,37*c676524a
$GPGSV,2,1,05,18,62,284,47,24,67,164,47,29,11,217,44,56,55,202,46*76
$GPGSV,2,2,05,57,34,242,43*4A
$GLGSV,1,1,02,81,09,176,40,82,47,208,46*62
$GAGSV,1,1,03,13,34,151,42,26,82,229,42,29,56,261,45*50
$GBGSV,3,1,12,01,49,147,48,02,34,242,46,03,55,202,48,04,37,120,39*6D
$GBGSV,3,2,12,07,41,174,46,08,14,195,44,10,32,178,45,13,00,000,38*6D
$GBGSV,3,3,12,26,25,158,44,31,15,182,43,34,39,232,48,42,40,301,27*6A
$GQGSV,1,1,04,02,08,157,43,03,56,155,42,07,53,169,39,08,41,229,44*74
$GIGSV,1,1,01,10,51,165,45*57
$GNGST,025646.00,0.028,0.018,0.006,65.9829,2.873,3.287,14.205*74
#BESTPOSA,COM1,0,56.5,FINESTEERING,2434,183424.100,00000000,000e,10817;SOL_COMPUTED,NARROW_INT,31.16410193925,121.45338314763,5.8874,11.0299,WGS84,2.8728,3.2868,14.2052,"1793",1.100,1.100,27,23,19,19,00,00,77,37*10e36b04
#BESTPOSA,COM1,0,56.0,FINESTEERING,2434,183424.200,00000000,000e,10817;SOL_COMPUTED,NARROW_INT,31.16410191782,121.45338303389,5.9071,11.0299,WGS84,2.8728,3.2868,14.2052,"1793",1.200,1.200,27,23,19,19,00,00,77,37*44c376d9
#BESTPOSA,COM1,0,56.0,FINESTEERING,2434,183424.300,00000000,000e,10817;SOL_COMPUTED,NARROW_INT,31.16410183059,121.45338293763,5.9168,11.0299,WGS84,2.8728,3.2868,14.2052,"1793",1.300,1.300,27,23,19,19,00,00,77,37*b3aa5d3e
#BESTPOSA,COM1,0,56.0,FINESTEERING,2434,183424.400,00000000,000e,10817;SOL_COMPUTED,NARROW_INT,31.16410176225,121.45338284307,5.9089,11.0299,WGS84,2.8728,3.2868,14.2052,"1793",1.400,1.400,27,23,19,19,00,00,77,37*b026ed1a
#BESTPOSA,COM1,0,56.0,FINESTEERING,2434,183424.500,00000000,000e,10817;SOL_COMPUTED,NARROW_INT,31.16410175079,121.45338282565,5.9015,11.0299,WGS84,2.8728,3.2868,14.2052,"1793",0.500,0.500,27,23,19,19,00,00,77,37*daf01e93
#BESTPOSA,COM1,0,56.0,FINESTEERING,2434,183424.600,00000000,000e,10817;SOL_COMPUTED,NARROW_INT,31.16410180600,121.45338291174,5.9019,11.0299,WGS84,2.8728,3.2868,14.2052,"1793",0.600,0.600,27,23,19,19,00,00,77,37*f89aa0e9
#BESTPOSA,COM1,0,56.0,FINESTEERING,2434,183424.700,00000000,000e,10817;SOL_COMPUTED,NARROW_INT,31.16410184388,121.45338296132,5.9030,11.0299,WGS84,2.8728,3.2868,14.2052,"1793",0.700,0.700,27,23,19,19,00,00,77,37*ade6b5a4
#BESTPOSA,COM1,0,56.0,FINESTEERING,2434,183424.800,00000000,000e,10817;SOL_COMPUTED,NARROW_INT,31.16410195243,121.45338303423,5.8913,11.0299,WGS84,2.8728,3.2868,14.2052,"1793",0.800,0.800,27,23,19,19,00,00,77,37*9462858c
#BESTPOSA,COM1,0,56.0,FINESTEERING,2434,183424.900,00000000,000e,10817;SOL_COMPUTED,NARROW_INT,31.16410205541,121.45338307470,5.8861,11.0299,WGS84,2.8728,3.2868,14.2052,"1793",0.900,0.900,27,23,19,19,00,00,77,37*d5775be3
#BESTPOSA,COM1,0,56.0,FINESTEERING,2434,183425.000,00000000,000e,10817;SOL_COMPUTED,NARROW_INT,31.16410195020,121.45338306464,5.8962,11.0299,WGS84,2.8728,3.2868,14.2052,"1793",1.000,1.000,27,23,19,19,00,00,77,37*4d236b6d
$GPGSV,2,1,05,18,62,284,47,24,67,164,47,29,11,217,44,56,55,202,48*78
$GPGSV,2,2,05,57,34,242,40*49
$GLGSV,1,1,02,81,09,176,40,82,47,208,47*63
$GAGSV,1,1,03,13,34,151,44,26,82,229,40,29,56,261,45*54
$GBGSV,3,1,12,01,49,147,48,02,34,242,45,03,55,202,47,04,37,120,38*60
$GBGSV,3,2,12,07,41,174,46,08,14,195,44,10,32,178,44,13,00,000,39*6D
$GBGSV,3,3,12,26,25,158,44,31,15,182,43,34,39,232,48,42,40,301,27*6A
$GQGSV,1,1,04,02,08,157,43,03,56,155,42,07,53,169,41,08,41,229,44*7B
$GIGSV,1,1,01,10,51,165,45*57
$GNGST,025647.00,0.025,0.015,0.006,65.0218,2.873,3.287,14.205*74
#BESTPOSA,COM1,0,56.0,FINESTEERING,2434,183425.100,00000000,000e,10817;SOL_COMPUTED,NARROW_INT,31.16410196217,121.45338306470,5.8911,11.0299,WGS84,2.8728,3.2868,14.2052,"1793",1.100,1.100,27,23,19,19,00,00,77,37*a7353fd5
#BESTPOSA,COM1,0,59.5,FINESTEERING,2434,183425.200,00000000,000e,10817;SOL_COMPUTED,NARROW_INT,31.16410189225,121.45338299695,5.8952,11.0299,WGS84,2.8728,3.2868,14.2052,"1793",1.200,1.200,27,23,19,19,00,00,77,37*2f6765d5
#BESTPOSA,COM1,0,59.5,FINESTEERING,2434,183425.300,00000000,000e,10817;SOL_COMPUTED,NARROW_INT,31.16410200233,121.45338297399,5.8811,11.0299,WGS84,2.8728,3.2868,14.2052,"1793",1.300,1.300,27,23,19,19,00,00,77,37*968d7373
#BESTPOSA,COM1,0,59.5,FINESTEERING,2434,183425.400,00000000,000e,10817;SOL_COMPUTED,NARROW_INT,31.16410205810,121.45338293447,5.8733,11.0299,WGS84,2.8728,3.2868,14.2052,"1793",1.400,1.400,27,23,19,19,00,00,77,37*21c9810a
#BESTPOSA,COM1,0,59.5,FINESTEERING,2434,183425.500,00000000,000e,10817;SOL_COMPUTED,NARROW_INT,31.16410210657,121.45338290590,5.8684,11.0299,WGS84,2.8728,3.2868,14.2052,"1793",1.500,1.500,27,23,19,19,00,00,77,37*308e006e
#BESTPOSA,COM1,0,59.5,FINESTEERING,2434,183425.600,00000000,000e,10817;SOL_COMPUTED,NARROW_INT,31.16410217231,121.45338292082,5.8670,11.0299,WGS84,2.8728,3.2868,14.2052,"1793",1.600,1.600,27,23,19,19,00,00,77,37*3865b92b
#BESTPOSA,COM1,0,59.5,FINESTEERING,2434,183425.700,00000000,000e,10817;SOL_COMPUTED,NARROW_INT,31.16410218879,121.45338287761,5.8637,11.0299,WGS84,2.8728,3.2868,14.2052,"1793",1.700,1.700,27,23,19,19,00,00,77,37*80418d3b
#BESTPOSA,COM1,0,59.5,FINESTEERING,2434,183425.800,00000000,000e,10817;SOL_COMPUTED,NARROW_INT,31.16410216339,121.45338285303,5.8645,11.0299,WGS84,2.8728,3.2868,14.2052,"1793",0.800,0.800,27,23,19,19,00,00,77,37*4dc00e9e
#BESTPOSA,COM1,0,59.5,FINESTEERING,2434,183425.900,00000000,000e,10817;SOL_COMPUTED,NARROW_INT,31.16410207906,121.45338280405,5.8710,11.0299,WGS84,2.8728,3.2868,14.2052,"1793",0.900,0.900,27,23,19,19,00,00,77,37*b63587e2
#BESTPOSA,COM1,0,59.5,FINESTEERING,2434,183426.000,00000000,000e,10817;SOL_COMPUTED,NARROW_INT,31.16410202185,121.45338274702,5.8733,11.0299,WGS84,2.8728,3.2868,14.2052,"1793",1.000,1.000,27,23,19,19,00,00,77,37*18a8d9ac
$GPGSV,2,1,05,18,62,284,48,24,67,164,47,29,11,217,43,56,55,202,48*70
$GPGSV,2,2,05,57,34,242,40*49
$GLGSV,1,1,02,81,09,176,40,82,47,208,47*63
$GAGSV,1,1,03,13,34,151,43,26,82,229,40,29,56,261,46*50
$GBGSV,3,1,12,01,49,147,48,02,34,242,45,03,55,202,47,04,37,120,34*6C
$GBGSV,3,2,12,07,41,174,46,08,14,195,44,10,32,178,44,13,00,000,39*6D
$GBGSV,3,3,12,26,25,158,44,31,15,182,43,34,39,232,48,42,40,301,29*64
$GQGSV,1,1,04,02,08,157,43,03,56,155,42,07,53,169,41,08,41,229,44*7B
$GIGSV,1,1,01,10,51,165,45*57
$GNGST,025648.00,0.026,0.016,0.006,58.6237,2.873,3.287,14.205*7E
#BESTPOSA,COM1,0,59.5,FINESTEERING,2434,183426.100,00000000,000e,10817;SOL_COMPUTED,NARROW_INT,31.16410205807,121.45338275488,5.8650,11.0299,WGS84,2.8728,3.2868,14.2052,"1793",1.100,1.100,28,23,19,19,00,00,77,37*cd6cf42c
#BESTPOSA,COM1,0,60.5,FINESTEERING,2434,183426.200,00000000,000e,10817;SOL_COMPUTED,NARROW_INT,31.16410202049,121.45338274760,5.8731,11.0299,WGS84,2.8728,3.2868,14.2052,"1793",1.200,1.200,28,23,19,19,00,00,77,37*a7f0172e
#BESTPOSA,COM1,0,60.5,FINESTEERING,2434,183426.300,00000000,000e,10817;SOL_COMPUTED,NARROW_INT,31.16410202509,121.45338274240,5.8749,11.0299,WGS84,2.8728,3.2868,14.2052,"1793",1.300,1.300,28,23,19,19,00,00,77,37*7d57900b
#BESTPOSA,COM1,0,60.5,FINESTEERING,2434,183426.400,00000000,000e,10817;SOL_COMPUTED,NARROW_INT,31.16410203839,121.45338276521,5.8715,11.0299,WGS84,2.8728,3.2868,14.2052,"1793",1.400,1.400,28,23,19,19,00,00,77,37*bbfa3b14
#BESTPOSA,COM1,0,60.5,FINESTEERING,2434,183426.500,00000000,000e,10817;SOL_COMPUTED,NARROW_INT,31.16410214725,121.45338280893,5.8699,11.0299,WGS84,2.8728,3.2868,14.2052,"1793",0.500,0.500,28,23,19,19,00,00,77,37*ea75f1db
#BESTPOSA,COM1,0,60.5,FINESTEERING,2434,183426.600,00000000,000e,10817;SOL_COMPUTED,NARROW_INT,31.16410213621,121.45338278312,5.8696,11.0299,WGS84,2.8728,3.2868,14.2052,"1793",0.600,0.600,28,23,19,19,00,00,77,37*40b826cf
#BESTPOSA,COM1,0,60.5,FINESTEERING,2434,183426.700,00000000,000e,10817;SOL_COMPUTED,NARROW_INT,31.16410217086,121.45338272536,5.8640,11.0299,WGS84,2.8728,3.2868,14.2052,"1793",0.700,0.700,28,23,19,19,00,00,77,37*fb47e5cc
#BESTPOSA,COM1,0,60.5,FINESTEERING,2434,183426.800,00000000,000e,10817;SOL_COMPUTED,NARROW_INT,31.16410218965,121.45338268650,5.8639,11.0299,WGS84,2.8728,3.2868,14.2052,"1793",0.800,0.800,28,23,19,19,00,00,77,37*a4400995
#BESTPOSA,COM1,0,60.5,FINESTEERING,2434,183426.900,00000000,000e,10817;SOL_COMPUTED,NARROW_INT,31.16410216770,121.45338267048,5.8608,11.0299,WGS84,2.8728,3.2868,14.2052,"1793",0.900,0.900,28,23,19,19,00,00,77,37*4099c9d2
#BESTPOSA,COM1,0,60.5,FINESTEERING,2434,183427.000,00000000,000e,10817;SOL_COMPUTED,NARROW_INT,31.16410215771,121.45338265167,5.8601,11.0299,WGS84,2.8728,3.2868,14.2052,"1793",1.000,1.000,28,23,19,19,00,00,77,37*ca234cee
$GPGSV,2,1,06,18,62,284,48,24,67,164,47,29,11,217,43,43,49,147,43*73
$GPGSV,2,2,06,56,55,202,48,57,34,242,42*77
$GLGSV,1,1,02,81,09,176,41,82,47,208,47*62
$GAGSV,1,1,03,13,34,151,41,26,82,228,40,29,56,261,46*53
$GBGSV,3,1,12,01,49,147,48,02,34,242,46,03,55,202,47,04,37,120,33*68
$GBGSV,3,2,12,07,41,174,46,08,14,195,44,10,32,178,44,13,00,000,39*6D
$GBGSV,3,3,12,26,25,158,45,31,15,182,43,34,39,232,48,42,40,301,29*65
$GQGSV,1,1,04,02,08,157,43,03,56,155,42,07,53,169,41,08,41,229,45*7A
$GIGSV,1,1,01,10,51,165,45*57
$GNGST,025649.00,0.024,0.015,0.006,59.9036,2.873,3.287,14.205*73
#BESTPOSA,COM1,0,60.5,FINESTEERING,2434,183427.100,00000000,000e,10817;SOL_COMPUTED,NARROW_INT,31.16410218775,121.45338262789,5.8560,11.0299,WGS84,2.8728,3.2868,14.2052,"1793",1.100,1.100,28,23,19,19,00,00,77,37*5389f6fd
#BESTPOSA,COM1,0,61.0,FINESTEERING,2434,183427.200,00000000,000e,10817;SOL_COMPUTED,NARROW_INT,31.16410217856,121.45338265828,5.8580,11.0299,WGS84,2.8728,3.2868,14.2052,"1793",1.200,1.200,28,23,19,19,00,00,77,37*9ae0940e
#BESTPOSA,COM1,0,61.0,FINESTEERING,2434,183427.300,00000000,000e,10817;SOL_COMPUTED,NARROW_INT,31.16410219345,121.45338262254,5.8567,11.0299,WGS84,2.8728,3.2868,14.2052,"1793",1.300,1.300,28,23,19,19,00,00,77,37*9717b4a1
#BESTPOSA,COM1,0,61.0,FINESTEERING,2434,183427.400,00000000,000e,10817;SOL_COMPUTED,NARROW_INT,31.16410218808,121.45338268150,5.8527,11.0299,WGS84,2.8728,3.2868,14.2052,"1793",1.400,1.400,28,23,19,19,00,00,77,37*2fa3bb3d
#BESTPOSA,COM1,0,61.0,FINESTEERING,2434,183427.500,00000000,000e,10817;SOL_COMPUTED,NARROW_INT,31.16410216475,121.45338267498,5.8516,11.0299,WGS84,2.8728,3.2868,14.2052,"1793",1.500,1.500,28,23,19,19,00,00,77,37*6c6183a8
#BESTPOSA,COM1,0,61.0,FINESTEERING,2434,183427.600,00000000,000e,10817;SOL_COMPUTED,NARROW_INT,31.16410215218,121.45338272469,5.8499,11.0299,WGS84,2.8728,3.2868,14.2052,"1793",0.600,0.600,28,23,19,19,00,00,77,37*c05d2b74
#BESTPOSA,COM1,0,61.0,FINESTEERING,2434,183427.700,00000000,000e,10817;SOL_COMPUTED,NARROW_INT,31.16410212190,121.45338273927,5.8508,11.0299,WGS84,2.8728,3.2868,14.2052,"1793",0.700,0.700,28,23,19,19,00,00,77,37*18adb7fa
#BESTPOSA,COM1,0,61.0,FINESTEERING,2434,183427.800,00000000,000e,10817;SOL_COMPUTED,NARROW_INT,31.16410210224,121.45338275473,5.8500,11.0299,WGS84,2.8728,3.2868,14.2052,"1793",0.800,0.800,28,23,19,19,00,00,77,37*19dfd121
#BESTPOSA,COM1,0,61.0,FINESTEERING,2434,183427.900,00000000,000e,10817;SOL_COMPUTED,NARROW_INT,31.16410205607,121.45338275513,5.8516,11.0299,WGS84,2.8728,3.2868,14.2052,"1793",0.900,0.900,28,23,19,19,00,00,77,37*d1d440a3
#BESTPOSA,COM1,0,61.0,FINESTEERING,2434,183428.000,00000000,000e,10817;SOL_COMPUTED,NARROW_INT,31.16410210066,121.45338278142,5.8455,11.0299,WGS84,2.8728,3.2868,14.2052,"1793",1.000,1.000,28,23,19,19,00,00,77,37*8c451658
$GPGSV,2,1,06,18,62,284,47,24,67,164,46,29,11,217,43,43,49,147,43*7D
$GPGSV,2,2,06,56,55,202,48,57,34,242,42*77
$GLGSV,1,1,02,81,09,176,41,82,47,208,47*62
$GAGSV,1,1,03,13,34,151,41,26,82,228,39,29,56,261,46*5D
$GBGSV,3,1,12,01,49,147,47,02,34,242,45,03,55,202,46,04,37,120,32*64
$GBGSV,3,2,12,07,41,174,45,08,14,195,44,10,32,178,43,13,00,000,39*69
$GBGSV,3,3,12,26,25,158,45,31,15,182,43,34,39,232,48,42,40,301,31*6C
$GQGSV,1,1,04,02,08,157,43,03,56,155,42,07,53,169,40,08,41,229,45*7B
$GIGSV,1,1,01,10,51,165,45*57
$GNGST,025650.00,0.025,0.015,0.006,62.5577,2.873,3.287,14.205*7E
#BESTPOSA,COM1,0,61.0,FINESTEERING,2434,183428.100,00000000,000e,10817;SOL_COMPUTED,NARROW_INT,31.16410206326,121.45338277146,5.8478,11.0299,WGS84,2.8728,3.2868,14.2052,"1793",1.100,1.100,28,23,19,19,00,00,77,37*c436740c
#BESTPOSA,COM1,0,61.5,FINESTEERING,2434,183428.200,00200000,000e,10817;SOL_COMPUTED,NARROW_INT,31.16410206344,121.45338279319,5.8450,11.0299,WGS84,2.8728,3.2868,14.2052,"1793",1.200,1.200,28,23,19,19,00,00,77,37*cafdf520
#BESTPOSA,COM1,0,61.5,FINESTEERING,2434,183428.300,00200000,000e,10817;SOL_COMPUTED,NARROW_INT,31.16410204496,121.45338278295,5.8426,11.0299,WGS84,2.8728,3.2868,14.2052,"1793",1.300,1.300,28,23,19,19,00,00,77,37*27521986
#BESTPOSA,COM1,0,61.5,FINESTEERING,2434,183428.400,00200000,000e,10817;SOL_COMPUTED,NARROW_INT,31.16410205765,121.45338278386,5.8399,11.0299,WGS84,2.8728,3.2868,14.2052,"1793",1.400,1.400,28,23,19,19,00,00,77,37*7c530097
#BESTPOSA,COM1,0,61.5,FINESTEERING,2434,183428.500,00200000,000e,10817;SOL_COMPUTED,NARROW_INT,31.16410201432,121.45338275501,5.8459,11.0299,WGS84,2.8728,3.2868,14.2052,"1793",1.500,1.500,28,23,19,19,00,00,77,37*348e03a3
#BESTPOSA,COM1,0,61.5,FINESTEERING,2434,183428.600,00200000,000e,10817;SOL_COMPUTED,NARROW_INT,31.16410200199,121.45338278463,5.8418,11.0299,WGS84,2.8728,3.2868,14.2052,"1793",1.600,1.600,28,23,19,19,00,00,77,37*a4baf5c0
#BESTPOSA,COM1,0,61.5,FINESTEERING,2434,183428.700,00200000,000e,10817;SOL_COMPUTED,NARROW_INT,31.16410198623,121.45338279459,5.8397,11.0299,WGS84,2.8728,3.2868,14.2052,"1793",0.700,0.700,28,23,19,19,00,00,77,37*2943ac0d
#BESTPOSA,COM1,0,61.5,FINESTEERING,2434,183428.800,00200000,000e,10817;SOL_COMPUTED,NARROW_INT,31.16410199616,121.45338281392,5.8367,11.0299,WGS84,2.8728,3.2868,14.2052,"1793",0.800,0.800,28,23,19,19,00,00,77,37*063993a4
#BESTPOSA,COM1,0,61.5,FINESTEERING,2434,183428.900,00200000,000e,10817;SOL_COMPUTED,NARROW_INT,31.16410196802,121.45338281709,5.8394,11.0299,WGS84,2.8728,3.2868,14.2052,"1793",0.900,0.900,28,23,19,19,00,00,77,37*919616be
#BESTPOSA,COM1,0,61.5,FINESTEERING,2434,183429.000,00200000,000e,10817;SOL_COMPUTED,NARROW_INT,31.16410195455,121.45338281777,5.8405,11.0299,WGS84,2.8728,3.2868,14.2052,"1793",1.000,1.000,28,23,19,19,00,00,77,37*d83bd03c
$GPGSV,2,1,06,18,62,284,47,24,67,164,46,29,11,217,44,43,49,147,43*7A
$GPGSV,2,2,06,56,55,202,49,57,34,242,42*76
$GLGSV,1,1,02,81,09,176,41,82,47,208,48*6D
$GAGSV,1,1,03,13,34,151,41,26,82,228,39,29,56,261,46*5D
$GBGSV,3,1,12,01,49,147,47,02,34,242,45,03,55,202,46,04,37,120,30*66
$GBGSV,3,2,12,07,41,174,46,08,14,195,45,10,32,178,43,13,00,000,39*6B
$GBGSV,3,3,12,26,25,158,45,31,15,182,43,34,39,232,48,42,40,301,30*6D
$GQGSV,1,1,04,02,08,157,44,03,56,155,42,07,53,169,40,08,41,229,45*7C
$GIGSV,1,1,01,10,51,165,45*57
$GNGST,025651.00,0.024,0.015,0.006,59.9474,2.873,3.287,14.205*78
#BESTPOSA,COM1,0,61.5,FINESTEERING,2434,183429.100,00200000,000e,10817;SOL_COMPUTED,NARROW_INT,31.16410195289,121.45338280608,5.8390,11.0299,WGS84,2.8728,3.2868,14.2052,"1793",1.100,1.100,28,23,19,19,00,00,77,37*a46ea1ad
#BESTPOSA,COM1,0,62.0,FINESTEERING,2434,183429.200,00000000,000e,10817;SOL_COMPUTED,NARROW_INT,31.16410195972,121.45338278999,5.8370,11.0299,WGS84,2.8728,3.2868,14.2052,"1793",1.200,1.200,28,23,19,19,00,00,77,37*3260180e
#BESTPOSA,COM1,0,62.0,FINESTEERING,2434,183429.300,00000000,000e,10817;SOL_COMPUTED,NARROW_INT,31.16410193615,121.45338277225,5.8372,11.0299,WGS84,2.8728,3.2868,14.2052,"1793",1.300,1.300,28,23,19,19,00,00,77,37*81027108
#BESTPOSA,COM1,0,62.0,FINESTEERING,2434,183429.400,00000000,000e,10817;SOL_COMPUTED,NARROW_INT,31.16410194833,121.45338276853,5.8358,11.0299,WGS84,2.8728,3.2868,14.2052,"1793",1.400,1.400,28,23,19,19,00,00,77,37*4d5d02f7
#BESTPOSA,COM1,0,62.0,FINESTEERING,2434,183429.500,00000000,000e,10817;SOL_COMPUTED,NARROW_INT,31.16410195358,121.45338275909,5.8359,11.0299,WGS84,2.8728,3.2868,14.2052,"1793",1.500,1.500,28,23,19,19,00,00,77,37*4965cbd6
#BESTPOSA,COM1,0,62.0,FINESTEERING,2434,183429.600,00000000,000e,10817;SOL_COMPUTED,NARROW_INT,31.16410193839,121.45338273164,5.8391,11.0299,WGS84,2.8728,3.2868,14.2052,"1793",1.600,1.600,28,23,19,19,00,00,77,37*7d84d363
#BESTPOSA,COM1,0,62.0,FINESTEERING,2434,183429.700,00000000,000e,10817;SOL_COMPUTED,NARROW_INT,31.16410191271,121.45338270680,5.8382,11.0299,WGS84,2.8728,3.2868,14.2052,"1793",0.700,0.700,28,23,19,19,00,00,77,37*528db008
#BESTPOSA,COM1,0,62.0,FINESTEERING,2434,183429.800,00000000,000e,10817;SOL_COMPUTED,NARROW_INT,31.16410191101,121.45338267573,5.8403,11.0299,WGS84,2.8728,3.2868,14.2052,"1793",0.800,0.800,28,23,19,19,00,00,77,37*4c31d563
#BESTPOSA,COM1,0,62.0,FINESTEERING,2434,183429.900,00000000,000e,10817;SOL_COMPUTED,NARROW_INT,31.16410192115,121.45338266366,5.8395,11.0299,WGS84,2.8728,3.2868,14.2052,"1793",0.900,0.900,28,23,19,19,00,00,77,37*1d3d9645
#BESTPOSA,COM1,0,62.0,FINESTEERING,2434,183430.000,00000000,000e,10817;SOL_COMPUTED,NARROW_INT,31.16410191160,121.45338264943,5.8413,11.0299,WGS84,2.8728,3.2868,14.2052,"1793",1.000,1.000,28,23,19,19,00,00,77,37*fdf61dae
$GPGSV,2,1,06,18,62,284,47,24,67,164,46,29,11,217,44,43,49,147,42*7B
$GPGSV,2,2,06,56,55,202,49,57,34,242,43*77
$GLGSV,1,1,02,81,09,176,41,82,47,208,48*6D
$GAGSV,1,1,03,13,34,151,42,26,82,228,40,29,56,261,46*50
$GBGSV,3,1,12,01,49,147,46,02,34,242,45,03,55,202,46,04,37,120,32*65
$GBGSV,3,2,12,07,41,174,46,08,14,195,45,10,32,178,43,13,00,000,39*6B
$GBGSV,3,3,12,26,26,158,45,31,15,182,43,34,39,232,48,42,40,301,29*66
$GQGSV,1,1,04,02,08,157,44,03,56,155,42,07,53,169,39,08,41,229,45*72
$GIGSV,1,1,01,10,51,165,45*57
$GNGST,025652.00,0.024,0.015,0.006,59.8073,2.873,3.287,14.205*79
#BESTPOSA,COM1,0,62.0,FINESTEERING,2434,183430.100,00000000,000e,10817;SOL_COMPUTED,NARROW_INT,31.16410191623,121.45338263958,5.8430,11.0299,WGS84,2.8728,3.2868,14.2052,"1793",1.100,1.100,28,23,19,19,00,00,77,37*cd7c3b32
#BESTPOSA,COM1,0,61.0,FINESTEERING,2434,183430.200,00200000,000e,10817;SOL_COMPUTED,NARROW_INT,31.16410192439,121.45338263076,5.8427,11.0299,WGS84,2.8728,3.2868,14.2052,"1793",1.200,1.200,28,23,19,19,00,00,77,37*8d3f3236
#BESTPOSA,COM1,0,61.0,FINESTEERING,2434,183430.300,00200000,000e,10817;SOL_COMPUTED,NARROW_INT,31.16410193873,121.45338261800,5.8401,11.0299,WGS84,2.8728,3.2868,14.2052,"1793",1.300,1.300,28,23,19,19,00,00,77,37*692baa20
#BESTPOSA,COM1,0,61.0,FINESTEERING,2434,183430.400,00200000,000e,10817;SOL_COMPUTED,NARROW_INT,31.16410194429,121.45338259506,5.8393,11.0299,WGS84,2.8728,3.2868,14.2052,"1793",1.400,1.400,28,23,19,19,00,00,77,37*8b49cdc7
#BESTPOSA,COM1,0,61.0,FINESTEERING,2434,183430.500,00200000,000e,10817;SOL_COMPUTED,NARROW_INT,31.16410194717,121.45338257833,5.8431,11.0299,WGS84,2.8728,3.2868,14.2052,"1793",1.500,1.500,28,23,19,19,00,00,77,37*5e4de7a1
#BESTPOSA,COM1,0,61.0,FINESTEERING,2434,183430.600,00200000,000e,10817;SOL_COMPUTED,NARROW_INT,31.16410196677,121.45338258894,5.8473,11.0299,WGS84,2.8728,3.2868,14.2052,"1793",0.600,0.600,28,23,19,19,00,00,77,37*4ad145d1
#BESTPOSA,COM1,0,61.0,FINESTEERING,2434,183430.700,00200000,000e,10817;SOL_COMPUTED,NARROW_INT,31.16410199707,121.45338260063,5.8477,11.0299,WGS84,2.8728,3.2868,14.2052,"1793",0.700,0.700,28,23,19,19,00,00,77,37*18f20486
#BESTPOSA,COM1,0,61.0,FINESTEERING,2434,183430.800,00200000,000e,10817;SOL_COMPUTED,NARROW_INT,31.16410199012,121.45338259696,5.8479,11.0299,WGS84,2.8728,3.2868,14.2052,"1793",0.800,0.800,28,23,19,19,00,00,77,37*c83dcc28
#BESTPOSA,COM1,0,61.0,FINESTEERING,2434,183430.900,00200000,000e,10817;SOL_COMPUTED,NARROW_INT,31.16410203435,121.45338257928,5.8411,11.0299,WGS84,2.8728,3.2868,14.2052,"1793",0.900,0.900,28,23,19,19,00,00,77,37*54865440
#BESTPOSA,COM1,0,61.0,FINESTEERING,2434,183431.000,00200000,000e,10817;SOL_COMPUTED,NARROW_INT,31.16410209109,121.45338262578,5.8355,11.0299,WGS84,2.8728,3.2868,14.2052,"1793",1.000,1.000,28,23,19,19,00,00,77,37*0688e393
$GPGSV,2,1,06,18,62,284,47,24,67,164,46,29,11,217,44,43,49,147,42*7B
$GPGSV,2,2,06,56,55,202,49,57,34,242,44*70
$GLGSV,1,1,02,81,09,176,41,82,47,208,48*6D
$GAGSV,1,1,03,13,34,151,42,26,82,228,40,29,56,261,46*50
$GBGSV,3,1,12,01,49,147,45,02,34,242,45,03,55,202,45,04,37,120,35*62
$GBGSV,3,2,12,07,41,174,46,08,14,195,45,10,32,178,43,13,00,000,38*6A
$GBGSV,3,3,12,26,26,158,45,31,15,182,43,34,39,232,48,42,40,301,29*66
$GQGSV,1,1,04,02,08,157,44,03,56,155,41,07,53,169,39,08,41,229,45*71
$GIGSV,1,1,01,10,51,165,45*57
$GNGST,025653.00,0.024,0.014,0.005,59.7416,2.873,3.287,14.205*72
#BESTPOSA,COM1,0,61.0,FINESTEERING,2434,183431.100,00200000,000e,10817;SOL_COMPUTED,NARROW_INT,31.16410211244,121.45338265280,5.8351,11.0299,WGS84,2.8728,3.2868,14.2052,"1793",1.100,1.100,28,23,19,19,00,00,77,37*46f3f60e
#BESTPOSA,COM1,0,61.0,FINESTEERING,2434,183431.200,00000000,000e,10817;SOL_COMPUTED,NARROW_INT,31.16410217174,121.45338270139,5.8317,11.0299,WGS84,2.8728,3.2868,14.2052,"1793",1.200,1.200,28,23,19,19,00,00,77,37*a379aa3b
#BESTPOSA,COM1,0,61.0,FINESTEERING,2434,183431.300,00000000,000e,10817;SOL_COMPUTED,NARROW_INT,31.16410221451,121.45338274124,5.8317,11.0299,WGS84,2.8728,3.2868,14.2052,"1793",1.300,1.300,28,23,19,19,00,00,77,37*852ed176
#BESTPOSA,COM1,0,61.0,FINESTEERING,2434,183431.400,00000000,000e,10817;SOL_COMPUTED,NARROW_INT,31.16410222664,121.45338277507,5.8343,11.0299,WGS84,2.8728,3.2868,14.2052,"1793",1.400,1.400,28,23,19,19,00,00,77,37*145593a6
#BESTPOSA,COM1,0,61.0,FINESTEERING,2434,183431.500,00000000,000e,10817;SOL_COMPUTED,NARROW_INT,31.16410225812,121.45338279382,5.8289,11.0299,WGS84,2.8728,3.2868,14.2052,"1793",1.500,1.500,28,23,19,19,00,00,77,37*f0202f3a
#BESTPOSA,COM1,0,61.0,FINESTEERING,2434,183431.600,00000000,000e,10817;SOL_COMPUTED,NARROW_INT,31.16410225206,121.45338277810,5.8272,11.0299,WGS84,2.8728,3.2868,14.2052,"1793",1.600,1.600,28,23,19,19,00,00,77,37*929c5c2f
#BESTPOSA,COM1,0,61.0,FINESTEERING,2434,183431.700,00000000,000e,10817;SOL_COMPUTED,NARROW_INT,31.16410227317,121.45338278875,5.8311,11.0299,WGS84,2.8728,3.2868,14.2052,"1793",0.700,0.700,28,23,19,19,00,00,77,37*f3a752f4
#BESTPOSA,COM1,0,61.0,FINESTEERING,2434,183431.800,00000000,000e,10817;SOL_COMPUTED,NARROW_INT,31.16410228675,121.45338279938,5.8310,11.0299,WGS84,2.8728,3.2868,14.2052,"1793",0.800,0.800,28,23,19,19,00,00,77,37*1b511e7b
#BESTPOSA,COM1,0,61.0,FINESTEERING,2434,183431.900,00000000,000e,10817;SOL_COMPUTED,NARROW_INT,31.16410226566,121.45338279467,5.8321,11.0299,WGS84,2.8728,3.2868,14.2052,"1793",0.900,0.900,28,23,19,19,00,00,77,37*659ef48b
#BESTPOSA,COM1,0,61.0,FINESTEERING,2434,183432.000,00000000,000e,10817;SOL_COMPUTED,NARROW_INT,31.16410226825,121.45338281414,5.8292,11.0299,WGS84,2.8728,3.2868,14.2052,"1793",1.000,1.000,28,23,19,19,00,00,77,37*ded4bcf3
$GPGSV,2,1,06,18,62,284,47,24,67,164,46,29,11,217,44,43,49,147,43*7A
$GPGSV,2,2,06,56,55,202,48,57,34,242,43*76
$GLGSV,1,1,02,81,09,176,42,82,47,208,48*6E
$GAGSV,1,1,03,13,34,151,42,26,82,228,39,29,56,261,46*5E
$GBGSV,3,1,12,01,49,147,45,02,34,242,44,03,55,202,46,04,37,120,34*61
$GBGSV,3,2,12,07,41,174,46,08,14,195,44,10,32,178,43,13,00,000,37*64
$GBGSV,3,3,12,26,26,158,45,31,15,182,43,34,39,232,48,42,40,301,29*66
$GQGSV,1,1,04,02,08,157,44,03,56,155,41,07,53,169,39,08,41,229,45*71
$GIGSV,1,1,01,10,51,165,45*57
$GNGST,025654.00,0.024,0.014,0.005,59.7238,2.873,3.287,14.205*7F
#BESTPOSA,COM1,0,61.0,FINESTEERING,2434,183432.100,00000000,000e,10817;SOL_COMPUTED,NARROW_INT,31.16410224876,121.45338280682,5.8284,11.0299,WGS84,2.8728,3.2868,14.2052,"1793",1.100,1.100,28,23,19,19,00,00,77,37*8981950a
#BESTPOSA,COM1,0,61.0,FINESTEERING,2434,183432.200,00000000,000e,10817;SOL_COMPUTED,NARROW_INT,31.16410222421,121.45338281157,5.8306,11.0299,WGS84,2.8728,3.2868,14.2052,"1793",1.200,1.200,28,23,19,19,00,00,77,37*62824a62
#BESTPOSA,COM1,0,61.0,FINESTEERING,2434,183432.300,00000000,000e,10817;SOL_COMPUTED,NARROW_INT,31.16410217628,121.45338281782,5.8335,11.0299,WGS84,2.8728,3.2868,14.2052,"1793",1.300,1.300,28,23,19,19,00,00,77,37*ce1cac44
#BESTPOSA,COM1,0,61.0,FINESTEERING,2434,183432.400,00000000,000e,10817;SOL_COMPUTED,NARROW_INT,31.16410215124,121.45338282903,5.8331,11.0299,WGS84,2.8728,3.2868,14.2052,"1793",1.400,1.400,28,23,19,19,00,00,77,37*c4eaecb0
#BESTPOSA,COM1,0,61.0,FINESTEERING,2434,183432.500,00000000,000e,10817;SOL_COMPUTED,NARROW_INT,31.16410213647,121.45338284886,5.8319,11.0299,WGS84,2.8728,3.2868,14.2052,"1793",1.500,1.500,28,23,19,19,00,00,77,37*e69481fa
#BESTPOSA,COM1,0,61.0,FINESTEERING,2434,183432.600,00000000,000e,10817;SOL_COMPUTED,NARROW_INT,31.16410212860,121.45338285696,5.8345,11.0299,WGS84,2.8728,3.2868,14.2052,"1793",1.600,1.600,28,23,19,19,00,00,77,37*ae619e22
#BESTPOSA,COM1,0,61.0,FINESTEERING,2434,183432.700,00000000,000e,10817;SOL_COMPUTED,NARROW_INT,31.16410213603,121.45338287734,5.8355,11.0299,WGS84,2.8728,3.2868,14.2052,"1793",0.700,0.700,28,23,19,19,00,00,77,37*005ab35f
#BESTPOSA,COM1,0,61.0,FINESTEERING,2434,183432.800,00000000,000e,10817;SOL_COMPUTED,NARROW_INT,31.16410213639,121.45338287709,5.8360,11.0299,WGS84,2.8728,3.2868,14.2052,"1793",0.800,0.800,28,23,19,19,00,00,77,37*044e628c
#BESTPOSA,COM1,0,61.0,FINESTEERING,2434,183432.900,00000000,000e,10817;SOL_COMPUTED,NARROW_INT,31.16410210562,121.45338286026,5.8335,11.0299,WGS84,2.8728,3.2868,14.2052,"1793",0.900,0.900,28,23,19,19,00,00,77,37*53cee0a4
#BESTPOSA,COM1,0,61.0,FINESTEERING,2434,183433.000,00000000,000e,10817;SOL_COMPUTED,NARROW_INT,31.16410208728,121.45338282261,5.8324,11.0299,WGS84,2.8728,3.2868,14.2052,"1793",1.000,1.000,28,23,19,19,00,00,77,37*75cf65a1
$GPGSV,2,1,06,18,62,284,47,24,67,164,46,29,11,217,43,43,49,147,42*7C
$GPGSV,2,2,06,56,55,202,48,57,34,242,43*76
$GLGSV,1,1,02,81,09,176,42,82,47,208,47*61
$GAGSV,1,1,03,13,34,151,42,26,82,228,39,29,56,261,46*5E
$GBGSV,3,1,12,01,49,147,45,02,34,242,44,03,55,202,46,04,37,120,32*67
$GBGSV,3,2,12,07,41,174,46,08,14,195,44,10,32,178,43,13,00,000,37*64
$GBGSV,3,3,12,26,26,158,46,31,15,182,43,34,39,232,48,42,40,301,29*65
$GQGSV,1,1,04,02,08,157,44,03,56,155,41,07,53,169,39,08,41,229,45*71
$GIGSV,1,1,01,10,51,165,45*57
$GNGST,025655.00,0.023,0.014,0.005,58.2194,2.873,3.287,14.205*78
#BESTPOSA,COM1,0,61.0,FINESTEERING,2434,183433.100,00000000,000e,10817;SOL_COMPUTED,NARROW_INT,31.16410209389,121.45338279200,5.8301,11.0299,WGS84,2.8728,3.2868,14.2052,"1793",1.100,1.100,28,23,19,19,00,00,77,37*de3140e0
#BESTPOSA,COM1,0,62.0,FINESTEERING,2434,183433.200,00000000,000e,10817;SOL_COMPUTED,NARROW_INT,31.16410203000,121.45338275910,5.8349,11.0299,WGS84,2.8728,3.2868,14.2052,"1793",1.200,1.200,28,23,19,19,00,00,77,37*87edb0a2
#BESTPOSA,COM1,0,62.0,FINESTEERING,2434,183433.300,00000000,000e,10817;SOL_COMPUTED,NARROW_INT,31.16410197808,121.45338275703,5.8361,11.0299,WGS84,2.8728,3.2868,14.2052,"1793",1.300,1.300,28,23,19,19,00,00,77,37*046db39a
#BESTPOSA,COM1,0,62.0,FINESTEERING,2434,183433.400,00000000,000e,10817;SOL_COMPUTED,NARROW_INT,31.16410192739,121.45338273336,5.8390,11.0299,WGS84,2.8728,3.2868,14.2052,"1793",1.400,1.400,28,23,19,19,00,00,77,37*a432d824
#BESTPOSA,COM1,0,62.0,FINESTEERING,2434,183433.500,00000000,000e,10817;SOL_COMPUTED,NARROW_INT,31.16410191237,121.45338271829,5.8378,11.0299,WGS84,2.8728,3.2868,14.2052,"1793",1.500,1.500,28,23,19,19,00,00,77,37*75ffec41
#BESTPOSA,COM1,0,62.0,FINESTEERING,2434,183433.600,00000000,000e,10817;SOL_COMPUTED,NARROW_INT,31.16410186770,121.45338269707,5.8380,11.0299,WGS84,2.8728,3.2868,14.2052,"1793",1.600,1.600,28,23,19,19,00,00,77,37*df8a4282
#BESTPOSA,COM1,0,62.0,FINESTEERING,2434,183433.700,00000000,000e,10817;SOL_COMPUTED,NARROW_INT,31.16410186504,121.45338272963,5.8378,11.0299,WGS84,2.8728,3.2868,14.2052,"1793",0.700,0.700,28,23,19,19,00,00,77,37*1df87d58
#BESTPOSA,COM1,0,62.0,FINESTEERING,2434,183433.800,00000000,000e,10817;SOL_COMPUTED,NARROW_INT,31.16410184457,121.45338273228,5.8393,11.0299,WGS84,2.8728,3.2868,14.2052,"1793",0.800,0.800,28,23,19,19,00,00,77,37*cd83278e
#BESTPOSA,COM1,0,62.0,FINESTEERING,2434,183433.900,00000000,000e,10817;SOL_COMPUTED,NARROW_INT,31.16410188180,121.45338272716,5.8342,11.0299,WGS84,2.8728,3.2868,14.2052,"1793",0.900,0.900,28,23,19,19,00,00,77,37*116b94a2
#BESTPOSA,COM1,0,62.0,FINESTEERING,2434,183434.000,00000000,000e,10817;SOL_COMPUTED,NARROW_INT,31.16410185915,121.45338272051,5.8382,11.0299,WGS84,2.8728,3.2868,14.2052,"1793",1.000,1.000,28,23,19,19,00,00,77,37*292159c1
$GPGSV,2,1,06,18,62,284,47,24,67,164,46,29,11,217,43,43,49,147,42*7C
$GPGSV,2,2,06,56,55,202,49,57,34,242,44*70
$GLGSV,1,1,02,81,09,176,43,82,47,208,48*6F
$GAGSV,1,1,03,13,34,151,42,26,82,228,40,29,56,261,46*50
$GBGSV,3,1,12,01,49,147,45,02,34,242,45,03,55,202,45,04,37,120,32*65
$GBGSV,3,2,12,07,41,174,46,08,14,195,44,10,32,178,43,13,00,000,37*64
$GBGSV,3,3,12,26,26,158,46,31,14,182,43,34,39,232,48,42,40,301,29*64
$GQGSV,1,1,04,02,08,157,44,03,56,155,41,07,53,169,38,08,41,229,45*70
$GIGSV,1,1,01,10,51,165,45*57
$GNGST,025656.00,0.025,0.016,0.006,62.1016,2.873,3.287,14.205*7D
#BESTPOSA,COM1,0,62.0,FINESTEERING,2434,183434.100,00000000,000e,10817;SOL_COMPUTED,NARROW_INT,31.16410189216,121.45338273013,5.8336,11.0299,WGS84,2.8728,3.2868,14.2052,"1793",1.100,1.100,28,23,19,19,00,00,77,37*593af1f9
#BESTPOSA,COM1,0,62.0,FINESTEERING,2434,183434.200,00000000,000e,10817;SOL_COMPUTED,NARROW_INT,31.16410190492,121.45338272784,5.8348,11.0299,WGS84,2.8728,3.2868,14.2052,"1793",1.200,1.200,28,23,19,19,00,00,77,37*76245a20
#BESTPOSA,COM1,0,62.0,FINESTEERING,2434,183434.300,00000000,000e,10817;SOL_COMPUTED,NARROW_INT,31.16410194027,121.45338271902,5.8316,11.0299,WGS84,2.8728,3.2868,14.2052,"1793",1.300,1.300,28,23,19,19,00,00,77,37*725e3270
#BESTPOSA,COM1,0,62.0,FINESTEERING,2434,183434.400,00000000,000e,10817;SOL_COMPUTED,NARROW_INT,31.16410190872,121.45338270242,5.8339,11.0299,WGS84,2.8728,3.2868,14.2052,"1793",1.400,1.400,28,23,19,19,00,00,77,37*118ebb25
#BESTPOSA,COM1,0,62.0,FINESTEERING,2434,183434.500,00000000,000e,10817;SOL_COMPUTED,NARROW_INT,31.16410183953,121.45338269723,5.8420,11.0299,WGS84,2.8728,3.2868,14.2052,"1793",0.500,0.500,28,23,19,19,00,00,77,37*9848ba3a
#BESTPOSA,COM1,0,62.0,FINESTEERING,2434,183434.600,00000000,000e,10817;SOL_COMPUTED,NARROW_INT,31.16410179974,121.45338268519,5.8461,11.0299,WGS84,2.8728,3.2868,14.2052,"1793",0.600,0.600,28,23,19,19,00,00,77,37*b313fb68
#BESTPOSA,COM1,0,62.0,FINESTEERING,2434,183434.700,00000000,000e,10817;SOL_COMPUTED,NARROW_INT,31.16410178394,121.45338269959,5.8478,11.0299,WGS84,2.8728,3.2868,14.2052,"1793",0.700,0.700,28,23,19,19,00,00,77,37*c217d5b9
#BESTPOSA,COM1,0,62.0,FINESTEERING,2434,183434.800,00000000,000e,10817;SOL_COMPUTED,NARROW_INT,31.16410178955,121.45338270834,5.8470,11.0299,WGS84,2.8728,3.2868,14.2052,"1793",0.800,0.800,28,23,19,19,00,00,77,37*24954873
#BESTPOSA,COM1,0,62.0,FINESTEERING,2434,183434.900,00000000,000e,10817;SOL_COMPUTED,NARROW_INT,31.16410181418,121.45338271164,5.8466,11.0299,WGS84,2.8728,3.2868,14.2052,"1793",0.900,0.900,28,23,19,19,00,00,77,37*9a70c14a
#BESTPOSA,COM1,0,62.0,FINESTEERING,2434,183435.000,00000000,000e,10817;SOL_COMPUTED,NARROW_INT,31.16410180407,121.45338271011,5.8464,11.0299,WGS84,2.8728,3.2868,14.2052,"1793",1.000,1.000,28,23,19,19,00,00,77,37*6da5b1fd
$GPGSV,2,1,06,18,62,284,47,24,67,164,46,29,11,217,43,43,49,147,42*7C
$GPGSV,2,2,06,56,55,202,49,57,34,242,44*70
$GLGSV,1,1,02,81,09,176,43,82,47,208,48*6F
$GAGSV,1,1,03,13,34,151,42,26,82,228,40,29,56,261,45*53
$GBGSV,3,1,12,01,49,147,45,02,34,242,45,03,55,202,45,04,37,120,32*65
$GBGSV,3,2,12,07,41,174,46,08,14,195,45,10,32,178,43,13,00,000,37*65
$GBGSV,3,3,12,26,26,158,46,31,14,182,43,34,39,232,48,42,40,301,28*65
$GQGSV,1,1,04,02,08,157,44,03,56,155,41,07,53,169,38,08,41,229,45*70
$GIGSV,1,1,01,10,51,165,45*57
$GNGST,025657.00,0.023,0.014,0.005,58.5490,2.873,3.287,14.205*7C
#BESTPOSA,COM1,0,62.0,FINESTEERING,2434,183435.100,00000000,000e,10817;SOL_COMPUTED,NARROW_INT,31.16410178950,121.45338271698,5.8460,11.0299,WGS84,2.8728,3.2868,14.2052,"1793",1.100,1.100,29,23,19,19,00,00,77,37*eb1c90b1
#BESTPOSA,COM1,0,62.0,FINESTEERING,2434,183435.200,00000000,000e,10817;SOL_COMPUTED,NARROW_INT,31.16410180115,121.45338272307,5.8418,11.0299,WGS84,2.8728,3.2868,14.2052,"1793",1.200,1.200,29,23,19,19,00,00,77,37*e2590e18
#BESTPOSA,COM1,0,62.0,FINESTEERING,2434,183435.300,00000000,000e,10817;SOL_COMPUTED,NARROW_INT,31.16410178355,121.45338273442,5.8436,11.0299,WGS84,2.8728,3.2868,14.2052,"1793",1.300,1.300,29,23,19,19,00,00,77,37*15201c74
#BESTPOSA,COM1,0,62.0,FINESTEERING,2434,183435.400,00000000,000e,10817;SOL_COMPUTED,NARROW_INT,31.16410175196,121.45338271707,5.8482,11.0299,WGS84,2.8728,3.2868,14.2052,"1793",1.400,1.400,29,23,19,19,00,00,77,37*251de1f6
#BESTPOSA,COM1,0,62.0,FINESTEERING,2434,183435.500,00000000,000e,10817;SOL_COMPUTED,NARROW_INT,31.16410174900,121.45338270887,5.8480,11.0299,WGS84,2.8728,3.2868,14.2052,"1793",1.500,1.500,29,23,19,19,00,00,77,37*74ea4607
#BESTPOSA,COM1,0,62.0,FINESTEERING,2434,183435.600,00000000,000e,10817;SOL_COMPUTED,NARROW_INT,31.16410174413,121.45338270551,5.8451,11.0299,WGS84,2.8728,3.2868,14.2052,"1793",1.600,1.600,29,23,19,19,00,00,77,37*d5b42da5
#BESTPOSA,COM1,0,62.0,FINESTEERING,2434,183435.700,00000000,000e,10817;SOL_COMPUTED,NARROW_INT,31.16410170383,121.45338270304,5.8523,11.0299,WGS84,2.8728,3.2868,14.2052,"1793",0.700,0.700,29,23,19,19,00,00,77,37*306170dd
#BESTPOSA,COM1,0,62.0,FINESTEERING,2434,183435.800,00000000,000e,10817;SOL_COMPUTED,NARROW_INT,31.16410169095,121.45338270846,5.8554,11.0299,WGS84,2.8728,3.2868,14.2052,"1793",0.800,0.800,29,23,19,19,00,00,77,37*7e04bddb
#BESTPOSA,COM1,0,62.0,FINESTEERING,2434,183435.900,00000000,000e,10817;SOL_COMPUTED,NARROW_INT,31.16410168868,121.45338271928,5.8566,11.0299,WGS84,2.8728,3.2868,14.2052,"1793",0.900,0.900,29,23,19,19,00,00,77,37*34798fa6
#BESTPOSA,COM1,0,62.0,FINESTEERING,2434,183436.000,00000000,000e,10817;SOL_COMPUTED,NARROW_INT,31.16410163892,121.45338276826,5.8635,11.0299,WGS84,2.8728,3.2868,14.2052,"1793",1.000,1.000,29,23,19,19,00,00,77,37*4d9a1109
$GPGSV,2,1,06,18,62,284,48,24,67,164,46,29,11,217,42,43,49,147,43*73
$GPGSV,2,2,06,56,55,202,49,57,34,242,44*70
$GLGSV,1,1,03,81,09,176,43,82,47,208,48,83,48,298,41*5F
$GAGSV,1,1,03,13,34,151,42,26,82,228,41,29,56,261,45*52
$GBGSV,3,1,12,01,49,147,45,02,34,242,45,03,55,202,45,04,37,120,31*66
$GBGSV,3,2,12,07,41,174,47,08,14,195,45,10,32,178,44,13,00,000,37*63
$GBGSV,3,3,12,26,26,158,46,31,14,182,43,34,39,232,48,42,40,301,28*65
$GQGSV,1,1,04,02,08,157,44,03,56,155,41,07,53,169,38,08,41,229,45*70
$GIGSV,1,1,01,10,51,165,45*57
$GNGST,025658.00,0.023,0.014,0.005,59.4780,2.873,3.287,14.205*71
#BESTPOSA,COM1,0,62.0,FINESTEERING,2434,183436.100,00000000,000e,10817;SOL_COMPUTED,NARROW_INT,31.16410150597,121.45338274250,5.8807,11.0299,WGS84,2.8728,3.2868,14.2052,"1793",1.100,1.100,29,23,19,19,00,00,77,37*e0169490
#BESTPOSA,COM1,0,62.0,FINESTEERING,2434,183436.200,00000000,000e,10817;SOL_COMPUTED,NARROW_INT,31.16410146487,121.45338270455,5.8889,11.0299,WGS84,2.8728,3.2868,14.2052,"1793",1.200,1.200,29,23,19,19,00,00,77,37*f16f36fe
#BESTPOSA,COM1,0,62.0,FINESTEERING,2434,183436.300,00000000,000e,10817;SOL_COMPUTED,NARROW_INT,31.16410139332,121.45338266683,5.8992,11.0299,WGS84,2.8728,3.2868,14.2052,"1793",1.300,1.300,29,23,19,19,00,00,77,37*3931fc81
#BESTPOSA,COM1,0,62.0,FINESTEERING,2434,183436.400,00000000,000e,10817;SOL_COMPUTED,NARROW_INT,31.16410135633,121.45338267794,5.8994,11.0299,WGS84,2.8728,3.2868,14.2052,"1793",1.400,1.400,29,23,19,19,00,00,77,37*785ff1de
#BESTPOSA,COM1,0,62.0,FINESTEERING,2434,183436.500,00000000,000e,10817;SOL_COMPUTED,NARROW_INT,31.16410140175,121.45338265225,5.8906,11.0299,WGS84,2.8728,3.2868,14.2052,"1793",0.500,0.500,29,23,19,19,00,00,77,37*b8184579
#BESTPOSA,COM1,0,62.0,FINESTEERING,2434,183436.600,00000000,000e,10817;SOL_COMPUTED,NARROW_INT,31.16410141615,121.45338260371,5.8839,11.0299,WGS84,2.8728,3.2868,14.2052,"1793",0.600,0.600,29,23,19,19,00,00,77,37*2b6ae16e
#BESTPOSA,COM1,0,62.0,FINESTEERING,2434,183436.700,00000000,000e,10817;SOL_COMPUTED,NARROW_INT,31.16410144389,121.45338261635,5.8808,11.0299,WGS84,2.8728,3.2868,14.2052,"1793",0.700,0.700,29,23,19,19,00,00,77,37*25383917
#BESTPOSA,COM1,0,62.0,FINESTEERING,2434,183436.800,00000000,000e,10817;SOL_COMPUTED,NARROW_INT,31.16410144567,121.45338263581,5.8866,11.0299,WGS84,2.8728,3.2868,14.2052,"1793",0.800,0.800,29,23,19,19,00,00,77,37*97f34952
#BESTPOSA,COM1,0,62.0,FINESTEERING,2434,183436.900,00000000,000e,10817;SOL_COMPUTED,NARROW_INT,31.16410146248,121.45338266344,5.8891,11.0299,WGS84,2.8728,3.2868,14.2052,"1793",0.900,0.900,29,23,19,19,00,00,77,37*0a2e7e1e
#BESTPOSA,COM1,0,62.0,FINESTEERING,2434,183437.000,00000000,000e,10817;SOL_COMPUTED,NARROW_INT,31.16410148010,121.45338264671,5.8887,11.0299,WGS84,2.8728,3.2868,14.2052,"1793",1.000,1.000,29,23,19,19,00,00,77,37*e7e4e20d
$GPGSV,2,1,06,18,62,284,48,24,67,164,46,29,11,217,42,43,49,147,45*75
$GPGSV,2,2,06,56,55,202,49,57,34,242,45*71
$GLGSV,1,1,03,81,09,176,43,82,47,208,48,83,48,298,41*5F
$GAGSV,1,1,03,13,34,151,43,26,82,228,41,29,56,261,45*53
$GBGSV,3,1,12,01,49,147,47,02,34,242,44,03,55,202,46,04,37,120,32*65
$GBGSV,3,2,12,07,41,174,47,08,14,195,45,10,32,178,44,13,00,000,37*63
$GBGSV,3,3,12,26,26,158,46,31,14,182,43,34,39,232,47,42,40,301,28*6A
$GQGSV,1,1,04,02,08,157,44,03,56,155,41,07,53,169,38,08,41,229,44*71
$GIGSV,1,1,01,10,51,165,45*57
$GNGST,025659.00,0.024,0.015,0.006,59.7807,2.873,3.287,14.205*76
#BESTPOSA,COM1,0,62.0,FINESTEERING,2434,183437.100,00000000,000e,10817;SOL_COMPUTED,NARROW_INT,31.16410154738,121.45338259564,5.8839,11.0299,WGS84,2.8728,3.2868,14.2052,"1793",1.100,1.100,29,23,19,19,00,00,77,37*9d05daae
#BESTPOSA,COM1,0,61.5,FINESTEERING,2434,183437.200,00000000,000e,10817;SOL_COMPUTED,NARROW_INT,31.16410162646,121.45338257463,5.8754,11.0299,WGS84,2.8728,3.2868,14.2052,"1793",1.200,1.200,29,23,19,19,00,00,77,37*96b42112
#BESTPOSA,COM1,0,61.5,FINESTEERING,2434,183437.300,00000000,000e,10817;SOL_COMPUTED,NARROW_INT,31.16410162890,121.45338255408,5.8743,11.0299,WGS84,2.8728,3.2868,14.2052,"1793",1.300,1.300,29,23,19,19,00,00,77,37*1a77404a
#BESTPOSA,COM1,0,61.5,FINESTEERING,2434,183437.400,00000000,000e,10817;SOL_COMPUTED,NARROW_INT,31.16410164248,121.45338251776,5.8670,11.0299,WGS84,2.8728,3.2868,14.2052,"1793",1.400,1.400,29,23,19,19,00,00,77,37*40ab8a22
#BESTPOSA,COM1,0,61.5,FINESTEERING,2434,183437.500,00000000,000e,10817;SOL_COMPUTED,NARROW_INT,31.16410161805,121.45338247969,5.8695,11.0299,WGS84,2.8728,3.2868,14.2052,"1793",1.500,1.500,29,23,19,19,00,00,77,37*2d3de65c
