#BESTPOSA,COM1,0,34.5,APPROXIMATE,2434,183275.300,00008000,000e,10817;NO_CONVERGENCE,NONE,0.00000000000,0.00000000000,0.0000,0.0000,WGS84,0.0000,0.0000,0.0000,"",0.000,0.000,0,0,0,0,00,00,00,00*0789d721
#BESTPOSA,COM1,0,34.5,APPROXIMATE,2434,183275.400,00008000,000e,10817;NO_CONVERGENCE,NONE,0.00000000000,0.00000000000,0.0000,0.0000,WGS84,0.0000,0.0000,0.0000,"",0.000,0.000,0,0,0,0,00,00,00,00*411382b0
#BESTPOSA,COM1,0,34.5,APPROXIMATE,2434,183275.500,00008000,000e,10817;NO_CONVERGENCE,NONE,0.00000000000,0.00000000000,0.0000,0.0000,WGS84,0.0000,0.0000,0.0000,"",0.000,0.000,0,0,0,0,00,00,00,00*94109d76
#BESTPOSA,COM1,0,80.0,APPROXIMATE,2434,183275.600,00008000,000e,10817;NO_CONVERGENCE,NONE,0.00000000000,0.00000000000,0.0000,0.0000,WGS84,0.0000,0.0000,0.0000,"",0.000,0.000,0,0,0,0,00,00,00,00*0d885700
$GPGSV,1,1,00,,,,*79
$GNGST,025417.60,,,,,,,*64
#BESTPOSA,COM1,0,80.0,APPROXIMATE,2434,183275.700,00008000,000e,10817;NO_CONVERGENCE,NONE,0.00000000000,0.00000000000,0.0000,0.0000,WGS84,0.0000,0.0000,0.0000,"",0.000,0.000,0,0,0,0,00,00,00,00*d88b48c6
#BESTPOSA,COM1,0,80.0,APPROXIMATE,2434,183275.800,00008000,000e,10817;NO_CONVERGENCE,NONE,0.00000000000,0.00000000000,0.0000,0.0000,WGS84,0.0000,0.0000,0.0000,"",0.000,0.000,0,0,0,0,00,00,00,00*80bcfc22
#BESTPOSA,COM1,0,80.0,APPROXIMATE,2434,183275.900,00008000,000e,10817;NO_CONVERGENCE,NONE,0.00000000000,0.00000000000,0.0000,0.0000,WGS84,0.0000,0.0000,0.0000,"",0.000,0.000,0,0,0,0,00,00,00,00*55bfe3e4
#BESTPOSA,COM1,0,80.0,APPROXIMATE,2434,183276.000,00008000,000e,10817;NO_CONVERGENCE,NONE,0.00000000000,0.00000000000,0.0000,0.0000,WGS84,0.0000,0.0000,0.0000,"",0.000,0.000,0,0,0,0,00,00,00,00*afe8e515
#BESTPOSA,COM1,0,80.0,APPROXIMATE,2434,183276.100,00008000,000e,10817;NO_CONVERGENCE,NONE,0.00000000000,0.00000000000,0.0000,0.0000,WGS84,0.0000,0.0000,0.0000,"",0.000,0.000,0,0,0,0,00,00,00,00*7aebfad3
#BESTPOSA,COM1,0,80.0,APPROXIMATE,2434,183276.200,00008000,000e,10817;NO_CONVERGENCE,NONE,0.00000000000,0.00000000000,0.0000,0.0000,WGS84,0.0000,0.0000,0.0000,"",0.000,0.000,0,0,0,0,00,00,00,00*de9fdcd8
#BESTPOSA,COM1,0,80.0,APPROXIMATE,2434,183276.300,00008000,000e,10817;NO_CONVERGENCE,NONE,0.00000000000,0.00000000000,0.0000,0.0000,WGS84,0.0000,0.0000,0.0000,"",0.000,0.000,0,0,0,0,00,00,00,00*0b9cc31e
#BESTPOSA,COM1,0,80.0,APPROXIMATE,2434,183276.400,00008000,000e,10817;NO_CONVERGENCE,NONE,0.00000000000,0.00000000000,0.0000,0.0000,WGS84,0.0000,0.0000,0.0000,"",0.000,0.000,0,0,0,0,00,00,00,00*4d06968f
#BESTPOSA,COM1,0,80.0,APPROXIMATE,2434,183276.500,00008000,000e,10817;NO_CONVERGENCE,NONE,0.00000000000,0.00000000000,0.0000,0.0000,WGS84,0.0000,0.0000,0.0000,"",0.000,0.000,0,0,0,0,00,00,00,00*98058949
#BESTPOSA,COM1,0,80.0,APPROXIMATE,2434,183276.600,00000000,000e,10817;NO_CONVERGENCE,NONE,0.00000000000,0.00000000000,0.0000,0.0000,WGS84,0.0000,0.0000,0.0000,"",0.000,0.000,0,0,0,0,00,00,00,00*13703fea
$GPGSV,1,1,00,,,,*79
$GNGST,025418.60,,,,,,,*6B
#BESTPOSA,COM1,0,80.0,APPROXIMATE,2434,183276.700,00000000,000e,10817;NO_CONVERGENCE,NONE,0.00000000000,0.00000000000,0.0000,0.0000,WGS84,0.0000,0.0000,0.0000,"",0.000,0.000,0,0,0,0,00,00,00,00*c673202c
#BESTPOSA,COM1,0,80.0,APPROXIMATE,2434,183276.800,00000000,000e,10817;NO_CONVERGENCE,NONE,0.00000000000,0.00000000000,0.0000,0.0000,WGS84,0.0000,0.0000,0.0000,"",0.000,0.000,0,0,0,0,00,00,00,00*9e4494c8
#BESTPOSA,COM1,0,80.0,APPROXIMATE,2434,183276.900,00000000,000e,10817;NO_CONVERGENCE,NONE,0.00000000000,0.00000000000,0.0000,0.0000,WGS84,0.0000,0.0000,0.0000,"",0.000,0.000,0,0,0,0,00,00,00,00*4b478b0e
#BESTPOSA,COM1,0,80.0,APPROXIMATE,2434,183277.000,00000000,000e,10817;NO_CONVERGENCE,NONE,0.00000000000,0.00000000000,0.0000,0.0000,WGS84,0.0000,0.0000,0.0000,"",0.000,0.000,0,0,0,0,00,00,00,00*9041dd83
#BESTPOSA,COM1,0,80.0,APPROXIMATE,2434,183277.100,00000000,000e,10817;NO_CONVERGENCE,NONE,0.00000000000,0.00000000000,0.0000,0.0000,WGS84,0.0000,0.0000,0.0000,"",0.000,0.000,0,0,0,0,00,00,00,00*4542c245
#BESTPOSA,COM1,0,80.0,APPROXIMATE,2434,183277.200,00000000,000e,10817;NO_CONVERGENCE,NONE,0.00000000000,0.00000000000,0.0000,0.0000,WGS84,0.0000,0.0000,0.0000,"",0.000,0.000,0,0,0,0,00,00,00,00*e136e44e
#BESTPOSA,COM1,0,80.0,APPROXIMATE,2434,183277.300,00000000,000e,10817;NO_CONVERGENCE,NONE,0.00000000000,0.00000000000,0.0000,0.0000,WGS84,0.0000,0.0000,0.0000,"",0.000,0.000,0,0,0,0,00,00,00,00*3435fb88
#BESTPOSA,COM1,0,80.0,APPROXIMATE,2434,183277.400,00000000,000e,10817;NO_CONVERGENCE,NONE,0.00000000000,0.00000000000,0.0000,0.0000,WGS84,0.0000,0.0000,0.0000,"",0.000,0.000,0,0,0,0,00,00,00,00*72afae19
#BESTPOSA,COM1,0,80.0,APPROXIMATE,2434,183277.500,00000000,000e,10817;NO_CONVERGENCE,NONE,0.00000000000,0.00000000000,0.0000,0.0000,WGS84,0.0000,0.0000,0.0000,"",0.000,0.000,0,0,0,0,00,00,00,00*a7acb1df
#BESTPOSA,COM1,0,78.5,APPROXIMATE,2434,183277.600,00000000,000e,10817;NO_CONVERGENCE,NONE,0.00000000000,0.00000000000,0.0000,0.0000,WGS84,0.0000,0.0000,0.0000,"",0.000,0.000,0,0,0,0,00,00,00,00*07ec9094
$GPGSV,1,1,00,,,,*79
$GNGST,025419.60,,,,,,,*6A
#BESTPOSA,COM1,0,78.5,APPROXIMATE,2434,183277.700,00000000,000e,10817;NO_CONVERGENCE,NONE,0.00000000000,0.00000000000,0.0000,0.0000,WGS84,0.0000,0.0000,0.0000,"",0.000,0.000,0,0,0,0,00,00,00,00*d2ef8f52
#BESTPOSA,COM1,0,78.5,APPROXIMATE,2434,183277.800,00000000,000e,10817;NO_CONVERGENCE,NONE,0.00000000000,0.00000000000,0.0000,0.0000,WGS84,0.0000,0.0000,0.0000,"",0.000,0.000,0,0,0,0,00,00,00,00*8ad83bb6
#BESTPOSA,COM1,0,78.5,APPROXIMATE,2434,183277.900,00000000,000e,10817;NO_CONVERGENCE,NONE,0.00000000000,0.00000000000,0.0000,0.0000,WGS84,0.0000,0.0000,0.0000,"",0.000,0.000,0,0,0,0,00,00,00,00*5fdb2470
#BESTPOSA,COM1,0,78.5,APPROXIMATE,2434,183278.000,00000000,000e,10817;NO_CONVERGENCE,NONE,0.00000000000,0.00000000000,0.0000,0.0000,WGS84,0.0000,0.0000,0.0000,"",0.000,0.000,0,0,0,0,00,00,00,00*626bc389
#BESTPOSA,COM1,0,78.5,APPROXIMATE,2434,183278.100,00000000,000e,10817;NO_CONVERGENCE,NONE,0.00000000000,0.00000000000,0.0000,0.0000,WGS84,0.0000,0.0000,0.0000,"",0.000,0.000,0,0,0,0,00,00,00,00*b768dc4f
#BESTPOSA,COM1,0,78.5,APPROXIMATE,2434,183278.200,00000000,000e,10817;NO_CONVERGENCE,NONE,0.00000000000,0.00000000000,0.0000,0.0000,WGS84,0.0000,0.0000,0.0000,"",0.000,0.000,0,0,0,0,00,00,00,00*131cfa44
#BESTPOSA,COM1,0,78.5,APPROXIMATE,2434,183278.300,00000000,000e,10817;NO_CONVERGENCE,NONE,0.00000000000,0.00000000000,0.0000,0.0000,WGS84,0.0000,0.0000,0.0000,"",0.000,0.000,0,0,0,0,00,00,00,00*c61fe582
#BESTPOSA,COM1,0,78.5,APPROXIMATE,2434,183278.400,00000000,000e,10817;NO_CONVERGENCE,NONE,0.00000000000,0.00000000000,0.0000,0.0000,WGS84,0.0000,0.0000,0.0000,"",0.000,0.000,0,0,0,0,00,00,00,00*8085b013
#BESTPOSA,COM1,0,78.5,APPROXIMATE,2434,183278.500,00000000,000e,10817;NO_CONVERGENCE,NONE,0.00000000000,0.00000000000,0.0000,0.0000,WGS84,0.0000,0.0000,0.0000,"",0.000,0.000,0,0,0,0,00,00,00,00*5586afd5
#BESTPOSA,COM1,0,76.5,APPROXIMATE,2434,183278.600,00000000,000e,10817;NO_CONVERGENCE,NONE,0.00000000000,0.00000000000,0.0000,0.0000,WGS84,0.0000,0.0000,0.0000,"",0.000,0.000,0,0,0,0,00,00,00,00*47eb282a
$GPGSV,1,1,00,,,,*79
$GNGST,025420.60,,,,,,,*60
#BESTPOSA,COM1,0,76.5,APPROXIMATE,2434,183278.700,00000000,000e,10817;NO_CONVERGENCE,NONE,0.00000000000,0.00000000000,0.0000,0.0000,WGS84,0.0000,0.0000,0.0000,"",0.000,0.000,0,0,0,0,00,00,00,00*92e837ec
#BESTPOSA,COM1,0,76.5,APPROXIMATE,2434,183278.800,00000000,000e,10817;NO_CONVERGENCE,NONE,0.00000000000,0.00000000000,0.0000,0.0000,WGS84,0.0000,0.0000,0.0000,"",0.000,0.000,0,0,0,0,00,00,00,00*cadf8308
#BESTPOSA,COM1,0,76.5,APPROXIMATE,2434,183278.900,00000000,000e,10817;NO_CONVERGENCE,NONE,0.00000000000,0.00000000000,0.0000,0.0000,WGS84,0.0000,0.0000,0.0000,"",0.000,0.000,0,0,0,0,00,00,00,00*1fdc9cce
#BESTPOSA,COM1,0,76.5,APPROXIMATE,2434,183279.000,00000000,000e,10817;NO_CONVERGENCE,NONE,0.00000000000,0.00000000000,0.0000,0.0000,WGS84,0.0000,0.0000,0.0000,"",0.000,0.000,0,0,0,0,00,00,00,00*c4daca43
#BESTPOSA,COM1,0,76.5,APPROXIMATE,2434,183279.100,00000000,000e,10817;NO_CONVERGENCE,NONE,0.00000000000,0.00000000000,0.0000,0.0000,WGS84,0.0000,0.0000,0.0000,"",0.000,0.000,0,0,0,0,00,00,00,00*11d9d585
#BESTPOSA,COM1,0,76.5,APPROXIMATE,2434,183279.200,00000000,000e,10817;NO_CONVERGENCE,NONE,0.00000000000,0.00000000000,0.0000,0.0000,WGS84,0.0000,0.0000,0.0000,"",0.000,0.000,0,0,0,0,00,00,00,00*b5adf38e
#BESTPOSA,COM1,0,76.5,APPROXIMATE,2434,183279.300,00000000,000e,10817;NO_CONVERGENCE,NONE,0.00000000000,0.00000000000,0.0000,0.0000,WGS84,0.0000,0.0000,0.0000,"",0.000,0.000,0,0,0,0,00,00,00,00*60aeec48
#BESTPOSA,COM1,0,76.5,APPROXIMATE,2434,183279.400,00000000,000e,10817;NO_CONVERGENCE,NONE,0.00000000000,0.00000000000,0.0000,0.0000,WGS84,0.0000,0.0000,0.0000,"",0.000,0.000,0,0,0,0,00,00,00,00*2634b9d9
#BESTPOSA,COM1,0,76.5,APPROXIMATE,2434,183279.500,00000000,000e,10817;NO_CONVERGENCE,NONE,0.00000000000,0.00000000000,0.0000,0.0000,WGS84,0.0000,0.0000,0.0000,"",0.000,0.000,0,0,0,0,00,00,00,00*f337a61f
#BESTPOSA,COM1,0,75.5,APPROXIMATE,2434,183279.600,00000000,000e,10817;NO_CONVERGENCE,NONE,0.00000000000,0.00000000000,0.0000,0.0000,WGS84,0.0000,0.0000,0.0000,"",0.000,0.000,0,0,0,0,00,00,00,00*75f24b16
$GPGSV,1,1,00,,,,*79
$GNGST,025421.60,,,,,,,*61
#BESTPOSA,COM1,0,75.5,APPROXIMATE,2434,183279.700,00000000,000e,10817;NO_CONVERGENCE,NONE,0.00000000000,0.00000000000,0.0000,0.0000,WGS84,0.0000,0.0000,0.0000,"",0.000,0.000,0,0,0,0,00,00,00,00*a0f154d0
#BESTPOSA,COM1,0,75.5,APPROXIMATE,2434,183279.800,00000000,000e,10817;NO_CONVERGENCE,NONE,0.00000000000,0.00000000000,0.0000,0.0000,WGS84,0.0000,0.0000,0.0000,"",0.000,0.000,6,0,0,0,00,00,00,00*651aeb27
#BESTPOSA,COM1,0,75.5,APPROXIMATE,2434,183279.900,00000000,000e,10817;NO_CONVERGENCE,NONE,0.00000000000,0.00000000000,0.0000,0.0000,WGS84,0.0000,0.0000,0.0000,"",0.000,0.000,0,0,0,0,00,00,00,00*2dc5fff2
#BESTPOSA,COM1,0,75.5,APPROXIMATE,2434,183280.000,00000000,000e,10817;NO_CONVERGENCE,NONE,0.00000000000,0.00000000000,0.0000,0.0000,WGS84,0.0000,0.0000,0.0000,"",0.000,0.000,0,0,0,0,00,00,00,00*e5795e18
#BESTPOSA,COM1,0,75.5,APPROXIMATE,2434,183280.100,00000000,000e,10817;NO_CONVERGENCE,NONE,0.00000000000,0.00000000000,0.0000,0.0000,WGS84,0.0000,0.0000,0.0000,"",0.000,0.000,0,0,0,0,00,00,00,00*307a41de
#BESTPOSA,COM1,0,75.5,APPROXIMATE,2434,183280.200,00000000,000e,10817;NO_CONVERGENCE,NONE,0.00000000000,0.00000000000,0.0000,0.0000,WGS84,0.0000,0.0000,0.0000,"",0.000,0.000,6,0,0,0,00,00,00,00*09d26cc6
#BESTPOSA,COM1,0,75.5,APPROXIMATE,2434,183280.300,00000000,000e,10817;NO_CONVERGENCE,NONE,0.00000000000,0.00000000000,0.0000,0.0000,WGS84,0.0000,0.0000,0.0000,"",0.000,0.000,0,0,0,0,00,00,00,00*410d7813
#BESTPOSA,COM1,0,75.5,APPROXIMATE,2434,183280.400,00000000,000e,10817;NO_CONVERGENCE,NONE,0.00000000000,0.00000000000,0.0000,0.0000,WGS84,0.0000,0.0000,0.0000,"",0.000,0.000,0,0,0,0,00,00,00,00*07972d82
#BESTPOSA,COM1,0,75.5,APPROXIMATE,2434,183280.500,00000000,000e,10817;NO_CONVERGENCE,NONE,0.00000000000,0.00000000000,0.0000,0.0000,WGS84,0.0000,0.0000,0.0000,"",0.000,0.000,6,0,0,0,00,00,00,00*4f483957
#BESTPOSA,COM1,0,74.0,APPROXIMATE,2434,183280.600,00000000,000e,10817;NO_CONVERGENCE,NONE,0.00000000000,0.00000000000,0.0000,0.0000,WGS84,0.0000,0.0000,0.0000,"",0.000,0.000,8,0,0,0,00,00,00,00*761de07d
$GPGSV,1,1,00,,,,*79
$GNGST,025422.60,,,,,,,*62
#BESTPOSA,COM1,0,74.0,APPROXIMATE,2434,183280.700,00000000,000e,10817;NO_CONVERGENCE,NONE,0.00000000000,0.00000000000,0.0000,0.0000,WGS84,0.0000,0.0000,0.0000,"",0.000,0.000,7,0,0,0,00,00,00,00*e0816975
#BESTPOSA,COM1,0,74.0,APPROXIMATE,2434,183280.800,00000000,000e,10817;NO_CONVERGENCE,NONE,0.00000000000,0.00000000000,0.0000,0.0000,WGS84,0.0000,0.0000,0.0000,"",0.000,0.000,6,0,0,0,00,00,00,00*6f545dc9
#BESTPOSA,COM1,0,74.0,APPROXIMATE,2434,183280.900,00000000,000e,10817;NO_CONVERGENCE,NONE,0.00000000000,0.00000000000,0.0000,0.0000,WGS84,0.0000,0.0000,0.0000,"",0.000,0.000,7,0,0,0,00,00,00,00*6db5c257
#BESTPOSA,COM1,0,74.0,APPROXIMATE,2434,183281.000,00000000,000e,10817;NO_CONVERGENCE,NONE,0.00000000000,0.00000000000,0.0000,0.0000,WGS84,0.0000,0.0000,0.0000,"",0.000,0.000,7,0,0,0,00,00,00,00*b6b394da
#BESTPOSA,COM1,0,74.0,APPROXIMATE,2434,183281.100,00000000,000e,10817;NO_CONVERGENCE,NONE,0.00000000000,0.00000000000,0.0000,0.0000,WGS84,0.0000,0.0000,0.0000,"",0.000,0.000,9,0,0,0,00,00,00,00*f7cd9d8a
#BESTPOSA,COM1,0,74.0,APPROXIMATE,2434,183281.200,00000000,000e,10817;NO_CONVERGENCE,NONE,0.00000000000,0.00000000000,0.0000,0.0000,WGS84,0.0000,0.0000,0.0000,"",0.000,0.000,6,0,0,0,00,00,00,00*10262d4f
#BESTPOSA,COM1,0,74.0,APPROXIMATE,2434,183281.300,00000000,000e,10817;NO_CONVERGENCE,NONE,0.00000000000,0.00000000000,0.0000,0.0000,WGS84,0.0000,0.0000,0.0000,"",0.000,0.000,7,0,0,0,00,00,00,00*12c7b2d1
#BESTPOSA,COM1,0,74.0,APPROXIMATE,2434,183281.400,00000000,000e,10817;NO_CONVERGENCE,NONE,0.00000000000,0.00000000000,0.0000,0.0000,WGS84,0.0000,0.0000,0.0000,"",0.000,0.000,7,0,0,0,00,00,00,00*545de740
#BESTPOSA,COM1,0,74.0,APPROXIMATE,2434,183281.500,00000000,000e,10817;NO_CONVERGENCE,NONE,0.00000000000,0.00000000000,0.0000,0.0000,WGS84,0.0000,0.0000,0.0000,"",0.000,0.000,8,0,0,0,00,00,00,00*c2c16e48
#BESTPOSA,COM1,0,70.0,APPROXIMATE,2434,183281.600,00000000,000e,10817;NO_CONVERGENCE,NONE,0.00000000000,0.00000000000,0.0000,0.0000,WGS84,0.0000,0.0000,0.0000,"",0.000,0.000,8,0,0,0,00,00,00,00*1f0853bb
$GPGSV,1,1,00,,,,*79
$GNGST,025423.60,,,,,,,*63
#BESTPOSA,COM1,0,70.0,APPROXIMATE,2434,183281.700,00000000,000e,10817;NO_CONVERGENCE,NONE,0.00000000000,0.00000000000,0.0000,0.0000,WGS84,0.0000,0.0000,0.0000,"",0.000,0.000,9,0,0,0,00,00,00,00*1de9cc25
#BESTPOSA,COM1,0,70.0,APPROXIMATE,2434,183281.800,00000000,000e,10817;NO_CONVERGENCE,NONE,0.00000000000,0.00000000000,0.0000,0.0000,WGS84,0.0000,0.0000,0.0000,"",0.000,0.000,8,0,0,0,00,00,00,00*923cf899
#BESTPOSA,COM1,0,70.0,APPROXIMATE,2434,183281.900,00000000,000e,10817;NO_CONVERGENCE,NONE,0.00000000000,0.00000000000,0.0000,0.0000,WGS84,0.0000,0.0000,0.0000,"",0.000,0.000,8,0,0,0,00,00,00,00*473fe75f
#BESTPOSA,COM1,0,70.0,FINESTEERING,2434,183282.000,00000000,000e,10817;NO_CONVERGENCE,NONE,0.00000000000,0.00000000000,0.0000,0.0000,WGS84,0.0000,0.0000,0.0000,"",0.000,0.000,8,0,0,0,00,00,00,00*8925b320
$GPGSV,1,1,02,24,66,165,34,29,12,218,40*7F
$GBGSV,1,1,03,07,40,173,37,10,31,177,42,31,15,182,37*57
$GQGSV,1,1,03,02,08,158,41,03,56,154,32,08,41,229,41*48
$GNGST,025424.00,,,,,,,*62
#BESTPOSA,COM1,0,70.0,FINESTEERING,2434,183282.100,00000000,000e,10817;NO_CONVERGENCE,NONE,0.00000000000,0.00000000000,0.0000,0.0000,WGS84,0.0000,0.0000,0.0000,"",0.000,0.000,9,0,0,0,00,00,00,00*8bc42cbe
#BESTPOSA,COM1,0,70.0,FINESTEERING,2434,183282.200,00000000,000e,10817;NO_CONVERGENCE,NONE,0.00000000000,0.00000000000,0.0000,0.0000,WGS84,0.0000,0.0000,0.0000,"",0.000,0.000,11,0,0,0,00,00,00,00*13d9f196
#BESTPOSA,COM1,0,70.0,FINESTEERING,2434,183282.300,00000000,000e,10817;NO_CONVERGENCE,NONE,0.00000000000,0.00000000000,0.0000,0.0000,WGS84,0.0000,0.0000,0.0000,"",0.000,0.000,11,0,0,0,00,00,00,00*610b950c
#BESTPOSA,COM1,0,70.0,FINESTEERING,2434,183282.400,00000000,000e,10817;NO_CONVERGENCE,NONE,0.00000000000,0.00000000000,0.0000,0.0000,WGS84,0.0000,0.0000,0.0000,"",0.000,0.000,11,0,0,0,00,00,00,00*e645ac8b
#BESTPOSA,COM1,0,70.0,FINESTEERING,2434,183282.500,00000000,000e,10817;NO_CONVERGENCE,NONE,0.00000000000,0.00000000000,0.0000,0.0000,WGS84,0.0000,0.0000,0.0000,"",0.000,0.000,11,0,0,0,00,00,00,00*9497c811
#BESTPOSA,COM1,0,68.5,FINESTEERING,2434,183282.600,00000000,000e,10817;NO_CONVERGENCE,NONE,0.00000000000,0.00000000000,0.0000,0.0000,WGS84,0.0000,0.0000,0.0000,"",0.000,0.000,11,0,0,0,00,00,00,00*0c4645ff
#BESTPOSA,COM1,0,68.5,FINESTEERING,2434,183282.700,00000000,000e,10817;NO_CONVERGENCE,NONE,0.00000000000,0.00000000000,0.0000,0.0000,WGS84,0.0000,0.0000,0.0000,"",0.000,0.000,11,0,0,0,00,00,00,00*7e942165
#BESTPOSA,COM1,0,68.5,FINESTEERING,2434,183282.800,00000000,000e,10817;NO_CONVERGENCE,NONE,0.00000000000,0.00000000000,0.0000,0.0000,WGS84,0.0000,0.0000,0.0000,"",0.000,0.000,11,0,0,0,00,00,00,00*d9ab30b0
#BESTPOSA,COM1,0,68.5,FINESTEERING,2434,183282.900,00000000,000e,10817;NO_CONVERGENCE,NONE,0.00000000000,0.00000000000,0.0000,0.0000,WGS84,0.0000,0.0000,0.0000,"",0.000,0.000,11,0,0,0,00,00,00,00*ab79542a
#BESTPOSA,COM1,0,68.5,FINESTEERING,2434,183283.000,00000000,000e,10817;NO_CONVERGENCE,NONE,0.00000000000,0.00000000000,0.0000,0.0000,WGS84,0.0000,0.0000,0.0000,"",0.000,0.000,9,0,0,0,00,00,00,00*e9b6ef0f
$GPGSV,1,1,02,24,66,165,35,29,12,218,42*7C
$GBGSV,1,1,04,07,40,173,41,10,31,177,42,26,25,158,44,34,40,233,42*60
$GQGSV,1,1,03,02,08,158,42,03,56,154,34,08,41,229,40*4C
$GNGST,025425.00,,,,,,,*63
#BESTPOSA,COM1,0,68.5,FINESTEERING,2434,183283.100,00000000,000e,10817;NO_CONVERGENCE,NONE,0.00000000000,0.00000000000,0.0000,0.0000,WGS84,0.0000,0.0000,0.0000,"",0.000,0.000,9,0,0,0,00,00,00,00*3cb5f0c9
#BESTPOSA,COM1,0,68.5,FINESTEERING,2434,183283.200,00000000,000e,10817;NO_CONVERGENCE,NONE,0.00000000000,0.00000000000,0.0000,0.0000,WGS84,0.0000,0.0000,0.0000,"",0.000,0.000,9,0,0,0,00,00,00,00*98c1d6c2
#BESTPOSA,COM1,0,68.5,FINESTEERING,2434,183283.300,00000000,000e,10817;NO_CONVERGENCE,NONE,0.00000000000,0.00000000000,0.0000,0.0000,WGS84,0.0000,0.0000,0.0000,"",0.000,0.000,9,0,0,0,00,00,00,00*4dc2c904
#BESTPOSA,COM1,0,68.5,FINESTEERING,2434,183283.400,00000000,000e,10817;NO_CONVERGENCE,NONE,0.00000000000,0.00000000000,0.0000,0.0000,WGS84,0.0000,0.0000,0.0000,"",0.000,0.000,7,0,0,0,00,00,00,00*9f258a03
#BESTPOSA,COM1,0,68.5,FINESTEERING,2434,183283.500,00000000,000e,10817;NO_CONVERGENCE,NONE,0.00000000000,0.00000000000,0.0000,0.0000,WGS84,0.0000,0.0000,0.0000,"",0.000,0.000,7,0,0,0,00,00,00,00*4a2695c5
#BESTPOSA,COM1,0,66.0,FINESTEERING,2434,183283.600,00000000,000e,10817;NO_CONVERGENCE,NONE,0.00000000000,0.00000000000,0.0000,0.0000,WGS84,0.0000,0.0000,0.0000,"",0.000,0.000,7,0,0,0,00,00,00,00*5b2356f1
#BESTPOSA,COM1,0,66.0,FINESTEERING,2434,183283.700,00000000,000e,10817;NO_CONVERGENCE,NONE,0.00000000000,0.00000000000,0.0000,0.0000,WGS84,0.0000,0.0000,0.0000,"",0.000,0.000,8,0,0,0,00,00,00,00*cdbfdff9
#BESTPOSA,COM1,0,66.0,FINESTEERING,2434,183283.800,00000000,000e,10817;NO_CONVERGENCE,NONE,0.00000000000,0.00000000000,0.0000,0.0000,WGS84,0.0000,0.0000,0.0000,"",0.000,0.000,8,0,0,0,00,00,00,00*95886b1d
#BESTPOSA,COM1,0,66.0,FINESTEERING,2434,183283.900,00000000,000e,10817;NO_CONVERGENCE,NONE,0.00000000000,0.00000000000,0.0000,0.0000,WGS84,0.0000,0.0000,0.0000,"",0.000,0.000,8,0,0,0,00,00,00,00*408b74db
#BESTPOSA,COM1,0,66.0,FINESTEERING,2434,183284.000,00000000,000e,10817;NO_CONVERGENCE,NONE,0.00000000000,0.00000000000,0.0000,0.0000,WGS84,0.0000,0.0000,0.0000,"",0.000,0.000,8,0,0,0,00,00,00,00*f87ed2d2
$GPGSV,1,1,02,24,66,165,35,29,12,218,39*70
$GBGSV,1,1,04,07,40,173,43,10,31,177,41,26,25,158,42,34,40,233,46*63
$GQGSV,1,1,02,03,56,154,31,07,53,169,33*77
$GNGST,025426.00,,,,,,,*60
#BESTPOSA,COM1,0,66.0,FINESTEERING,2434,183284.100,00000000,000e,10817;NO_CONVERGENCE,NONE,0.00000000000,0.00000000000,0.0000,0.0000,WGS84,0.0000,0.0000,0.0000,"",0.000,0.000,8,0,0,0,00,00,00,00*2d7dcd14
#BESTPOSA,COM1,0,66.0,FINESTEERING,2434,183284.200,00000000,000e,10817;NO_CONVERGENCE,NONE,0.00000000000,0.00000000000,0.0000,0.0000,WGS84,0.0000,0.0000,0.0000,"",0.000,0.000,8,0,0,0,00,00,00,00*8909eb1f
#BESTPOSA,COM1,0,66.0,FINESTEERING,2434,183284.300,00000000,000e,10817;NO_CONVERGENCE,NONE,0.00000000000,0.00000000000,0.0000,0.0000,WGS84,0.0000,0.0000,0.0000,"",0.000,0.000,9,0,0,0,00,00,00,00*8be87481
#BESTPOSA,COM1,0,66.0,FINESTEERING,2434,183284.400,00000000,000e,10817;NO_CONVERGENCE,NONE,0.00000000000,0.00000000000,0.0000,0.0000,WGS84,0.0000,0.0000,0.0000,"",0.000,0.000,9,0,0,0,00,00,00,00*cd722110
#BESTPOSA,COM1,0,66.0,FINESTEERING,2434,183284.500,00000000,000e,10817;NO_CONVERGENCE,NONE,0.00000000000,0.00000000000,0.0000,0.0000,WGS84,0.0000,0.0000,0.0000,"",0.000,0.000,10,0,0,0,00,00,00,00*10b78018
#BESTPOSA,COM1,0,66.5,FINESTEERING,2434,183284.600,00000000,000e,10817;NO_CONVERGENCE,NONE,0.00000000000,0.00000000000,0.0000,0.0000,WGS84,0.0000,0.0000,0.0000,"",0.000,0.000,10,0,0,0,00,00,00,00*e01370b0
#BESTPOSA,COM1,0,66.5,FINESTEERING,2434,183284.700,00000000,000e,10817;NO_CONVERGENCE,NONE,0.00000000000,0.00000000000,0.0000,0.0000,WGS84,0.0000,0.0000,0.0000,"",0.000,0.000,10,0,0,0,00,00,00,00*92c1142a
#BESTPOSA,COM1,0,66.5,FINESTEERING,2434,183284.800,00000000,000e,10817;NO_CONVERGENCE,NONE,0.00000000000,0.00000000000,0.0000,0.0000,WGS84,0.0000,0.0000,0.0000,"",0.000,0.000,10,0,0,0,00,00,00,00*35fe05ff
#BESTPOSA,COM1,0,66.5,FINESTEERING,2434,183284.900,00000000,000e,10817;NO_CONVERGENCE,NONE,0.00000000000,0.00000000000,0.0000,0.0000,WGS84,0.0000,0.0000,0.0000,"",0.000,0.000,10,0,0,0,00,00,00,00*472c6165
#BESTPOSA,COM1,0,66.5,FINESTEERING,2434,183285.000,00000000,000e,10817;NO_CONVERGENCE,NONE,0.00000000000,0.00000000000,0.0000,0.0000,WGS84,0.0000,0.0000,0.0000,"",0.000,0.000,17,0,0,0,00,00,00,00*9ec013e5
$GPGSV,1,1,03,24,66,165,36,29,12,218,39,57,34,242,43*44
$GLGSV,1,1,01,81,10,177,42*5B
$GBGSV,2,1,08,02,34,242,43,03,55,202,46,07,41,173,44,08,15,195,39*6B
$GBGSV,2,2,08,10,31,177,41,26,25,158,43,31,15,182,41,34,40,233,44*65
$GQGSV,1,1,04,02,08,158,40,03,56,154,35,07,53,169,34,08,41,229,40*70
$GIGSV,1,1,01,10,51,165,39*5C
$GNGST,025427.00,,,,,,,*61
#BESTPOSA,COM1,0,66.5,FINESTEERING,2434,183285.100,00000000,000e,10817;NO_CONVERGENCE,NONE,0.00000000000,0.00000000000,0.0000,0.0000,WGS84,0.0000,0.0000,0.0000,"",0.000,0.000,18,0,0,0,00,00,00,00*af8de1b1
#BESTPOSA,COM1,0,66.5,FINESTEERING,2434,183285.200,00000000,000e,10817;NO_CONVERGENCE,NONE,0.00000000000,0.00000000000,0.0000,0.0000,WGS84,0.0000,0.0000,0.0000,"",0.000,0.000,18,0,0,0,00,00,00,00*38fb4c1f
#BESTPOSA,COM1,0,66.5,FINESTEERING,2434,183285.300,00000000,000e,10817;NO_CONVERGENCE,NONE,0.00000000000,0.00000000000,0.0000,0.0000,WGS84,0.0000,0.0000,0.0000,"",0.000,0.000,18,0,0,0,00,00,00,00*4a292885
#BESTPOSA,COM1,0,66.5,FINESTEERING,2434,183285.400,00000000,000e,10817;NO_CONVERGENCE,NONE,0.00000000000,0.00000000000,0.0000,0.0000,WGS84,0.0000,0.0000,0.0000,"",0.000,0.000,18,0,0,0,00,00,00,00*cd671102
#BESTPOSA,COM1,0,63.5,FINESTEERING,2434,183285.500,00000000,000e,10817;NO_CONVERGENCE,NONE,0.00000000000,0.00000000000,0.0000,0.0000,WGS84,0.0000,0.0000,0.0000,"",0.000,0.000,18,0,0,0,00,00,00,00*fc359885
#BESTPOSA,COM1,0,63.5,FINESTEERING,2434,183285.600,00000000,000e,10817;SOL_COMPUTED,SINGLE,31.16418464926,121.45347438891,2.3674,11.0299,WGS84,2.8447,2.3913,13.2464,"",0.000,0.000,18,15,11,10,00,00,70,35*e53b37a9
#BESTPOSA,COM1,0,63.5,FINESTEERING,2434,183285.700,00000000,000e,10817;SOL_COMPUTED,SINGLE,31.16418640866,121.45347679725,2.2688,11.0299,WGS84,2.8556,2.4042,13.2464,"",0.000,0.000,19,16,12,10,00,00,71,35*ace5485e
#BESTPOSA,COM1,0,63.5,FINESTEERING,2434,183285.800,00000000,000e,10817;SOL_COMPUTED,SINGLE,31.16420188079,121.45348496708,1.5830,11.0299,WGS84,2.8539,2.4335,13.1984,"",0.000,0.000,19,16,12,10,00,00,71,35*5fa023e4
#BESTPOSA,COM1,0,63.5,FINESTEERING,2434,183285.900,00000000,000e,10817;SOL_COMPUTED,SINGLE,31.16419231307,121.45347602202,2.4851,11.0299,WGS84,2.8525,2.4557,13.2058,"",0.000,0.000,19,16,12,10,00,00,71,35*d6248fc0
#BESTPOSA,COM1,0,63.5,FINESTEERING,2434,183286.000,00000000,000e,10817;SOL_COMPUTED,SINGLE,31.16421451488,121.45349766024,0.1327,11.0299,WGS84,2.8513,2.4611,13.4497,"",0.000,0.000,20,17,12,10,00,00,75,35*bc916af0
$GPGSV,1,1,04,24,66,165,36,29,12,218,43,56,55,202,47,57,34,242,42*7F
$GLGSV,1,1,01,81,10,177,45*5C
$GAGSV,1,1,02,26,82,234,37,29,55,260,46*68
$GBGSV,2,1,08,02,34,242,42,03,55,202,47,07,41,173,45,08,15,195,41*65
$GBGSV,2,2,08,10,31,177,42,26,25,158,45,31,15,182,41,34,40,233,44*60
$GQGSV,1,1,04,02,08,158,42,03,56,154,37,07,53,169,41,08,41,229,41*73
$GIGSV,1,1,01,10,51,165,46*54
$GNGST,025428.00,25.410,21.520,2.536,64.9322,2.851,2.461,13.450*70
#BESTPOSA,COM1,0,63.5,FINESTEERING,2434,183286.100,00000000,000e,10817;SOL_COMPUTED,SINGLE,31.16421852150,121.45350061180,-0.0698,11.0299,WGS84,2.8503,2.4657,13.6081,"",0.000,0.000,19,16,11,10,00,00,74,35*ccdd67dd
#BESTPOSA,COM1,0,63.5,FINESTEERING,2434,183286.200,00000000,000e,10817;SOL_COMPUTED,SINGLE,31.16422626153,121.45350464146,-0.3959,11.0299,WGS84,2.8494,2.4952,13.7937,"",0.000,0.000,19,16,11,10,00,00,74,35*da739482
#BESTPOSA,COM1,0,63.5,FINESTEERING,2434,183286.300,00000000,000e,10817;SOL_COMPUTED,SINGLE,31.16418219359,121.45347792050,2.4854,11.0299,WGS84,2.8259,2.4132,13.4053,"",0.000,0.000,20,17,12,10,00,00,74,35*978c89f8
#BESTPOSA,COM1,0,63.5,FINESTEERING,2434,183286.400,00000000,000e,10817;SOL_COMPUTED,SINGLE,31.16418233197,121.45347690790,2.4345,11.0299,WGS84,2.8061,2.3898,13.0766,"",0.000,0.000,21,18,13,10,00,00,75,35*5f950ba6
#BESTPOSA,COM1,0,63.5,FINESTEERING,2434,183286.500,00200000,000e,10817;SOL_COMPUTED,SINGLE,31.16417904052,121.45347354740,2.3278,11.0299,WGS84,2.7893,2.3427,12.7985,"",0.000,0.000,20,17,12,10,00,00,74,35*b9b2d2d0
#BESTPOSA,COM1,0,60.5,FINESTEERING,2434,183286.600,00200000,000e,10817;SOL_COMPUTED,NARROW_FLOAT,31.16420811545,121.45348792524,0.1970,11.0299,WGS84,2.7893,2.3427,12.7985,"1793",0.600,0.600,21,18,13,11,00,00,77,35*086a547c
#BESTPOSA,COM1,0,60.5,FINESTEERING,2434,183286.700,00200000,000e,10817;SOL_COMPUTED,NARROW_FLOAT,31.16420813285,121.45348704670,0.1612,11.0299,WGS84,2.7893,2.3427,12.7985,"1793",0.700,0.700,22,19,14,13,00,00,77,35*593404e6
#BESTPOSA,COM1,0,60.5,FINESTEERING,2434,183286.800,00200000,000e,10817;SOL_COMPUTED,NARROW_FLOAT,31.16420716022,121.45348600071,0.2495,11.0299,WGS84,2.7893,2.3427,12.7985,"1793",0.800,0.800,22,19,14,13,00,00,77,35*f16ccf6a
#BESTPOSA,COM1,0,60.5,FINESTEERING,2434,183286.900,00200000,000e,10817;SOL_COMPUTED,PSRDIFF,31.16420612163,121.45348494912,0.2819,11.0299,WGS84,2.7893,2.3427,12.7985,"1793",0.900,0.900,22,19,14,13,00,00,77,35*03274db2
#BESTPOSA,COM1,0,60.5,FINESTEERING,2434,183287.000,00200000,000e,10817;SOL_COMPUTED,NARROW_FLOAT,31.16420546500,121.45348386644,0.2786,11.0299,WGS84,2.7893,2.3427,12.7985,"1793",1.000,1.000,22,19,14,13,00,00,77,35*4cbe1958
$GPGSV,1,1,04,24,66,165,41,29,12,218,43,56,55,202,48,57,34,242,44*76
$GLGSV,1,1,02,81,10,177,44,82,48,208,47*61
$GAGSV,1,1,02,26,82,234,37,29,55,260,45*6B
$GBGSV,3,1,09,01,49,147,48,02,34,242,42,03,55,202,48,07,41,173,46*6F
$GBGSV,3,2,09,08,15,195,42,10,31,177,43,26,25,158,46,31,15,182,40*65
$GBGSV,3,3,09,34,40,233,46*51
$GQGSV,1,1,04,02,08,158,42,03,56,154,46,07,53,169,40,08,41,229,42*77
$GIGSV,1,1,01,10,51,165,47*55
$GNGST,025429.00,42.972,28.702,19.552,64.6272,2.789,2.343,12.799*4B
#BESTPOSA,COM1,0,60.5,FINESTEERING,2434,183287.100,00200000,000e,10817;SOL_COMPUTED,NARROW_FLOAT,31.16420525640,121.45348329547,0.2490,11.0299,WGS84,2.7893,2.3427,12.7985,"1793",1.100,1.100,22,19,14,13,00,00,77,35*15219141
#BESTPOSA,COM1,0,60.5,FINESTEERING,2434,183287.200,00200000,000e,10817;SOL_COMPUTED,PSRDIFF,31.16420502337,121.45348237781,0.1869,11.0299,WGS84,2.7893,2.3427,12.7985,"1793",1.200,1.200,23,20,15,13,00,00,77,35*55ab5a3d
#BESTPOSA,COM1,0,60.5,FINESTEERING,2434,183287.300,00200000,000e,10817;SOL_COMPUTED,NARROW_FLOAT,31.16420430834,121.45348138330,0.2516,11.0299,WGS84,2.7893,2.3427,12.7985,"1793",1.300,1.300,23,20,15,13,00,00,77,35*6543ba89
#BESTPOSA,COM1,0,60.5,FINESTEERING,2434,183287.400,00200000,000e,10817;SOL_COMPUTED,NARROW_FLOAT,31.16420316860,121.45348030470,0.3249,11.0299,WGS84,2.7893,2.3427,12.7985,"1793",1.400,1.400,23,20,16,13,00,00,77,35*22bcd9e8
#BESTPOSA,COM1,0,60.5,FINESTEERING,2434,183287.500,00000000,000e,10817;SOL_COMPUTED,NARROW_FLOAT,31.16420297215,121.45347946122,0.3117,11.0299,WGS84,2.7893,2.3427,12.7985,"1793",1.500,1.500,23,20,16,14,00,00,77,35*b59cb17e
#BESTPOSA,COM1,0,57.5,FINESTEERING,2434,183287.600,00000000,000e,10817;SOL_COMPUTED,PSRDIFF,31.16419851347,121.45347900220,0.1005,11.0299,WGS84,2.7893,2.3427,12.7985,"1793",0.600,0.600,23,20,16,14,00,00,77,35*d37a3725
#BESTPOSA,COM1,0,57.5,FINESTEERING,2434,183287.700,00000000,000e,10817;SOL_COMPUTED,NARROW_FLOAT,31.16419900356,121.45347797480,0.0352,11.0299,WGS84,2.7893,2.3427,12.7985,"1793",0.700,0.700,22,19,15,14,00,00,77,35*bd5c7ae3
#BESTPOSA,COM1,0,57.5,FINESTEERING,2434,183287.800,00000000,000e,10817;SOL_COMPUTED,NARROW_FLOAT,31.16419802703,121.45347650203,0.1300,11.0299,WGS84,2.7893,2.3427,12.7985,"1793",0.800,0.800,22,19,15,14,00,00,77,35*46f20a9a
#BESTPOSA,COM1,0,57.5,FINESTEERING,2434,183287.900,00000000,000e,10817;SOL_COMPUTED,NARROW_FLOAT,31.16419747229,121.45347531385,0.1703,11.0299,WGS84,2.7893,2.3427,12.7985,"1793",0.900,0.900,22,19,15,14,00,00,77,35*18e35900
#BESTPOSA,COM1,0,57.5,FINESTEERING,2434,183288.000,00000000,000e,10817;SOL_COMPUTED,NARROW_FLOAT,31.16419722810,121.45347426246,0.1561,11.0299,WGS84,2.7893,2.3427,12.7985,"1793",1.000,1.000,23,20,16,14,00,00,77,35*76eb021a
$GPGSV,1,1,04,24,66,165,43,29,12,218,42,56,55,202,46,57,34,242,43*7C
$GLGSV,1,1,02,81,10,177,43,82,48,208,46*67
$GAGSV,1,1,03,13,35,151,47,26,82,234,48,29,55,260,45*50
$GBGSV,3,1,09,01,49,147,48,02,34,242,42,03,55,202,47,07,41,173,46*60
$GBGSV,3,2,09,08,15,195,42,10,31,177,44,26,25,158,46,31,15,182,40*62
$GBGSV,3,3,09,34,40,233,46*51
$GQGSV,1,1,04,02,08,158,42,03,56,154,46,07,53,169,41,08,41,229,42*76
$GIGSV,1,1,01,10,51,165,47*55
$GNGST,025430.00,31.456,19.943,14.964,72.4116,2.789,2.343,12.799*45
#BESTPOSA,COM1,0,57.5,FINESTEERING,2434,183288.100,00000000,000e,10817;SOL_COMPUTED,NARROW_FLOAT,31.16419720363,121.45347319898,0.0967,11.0299,WGS84,2.7893,2.3427,12.7985,"1793",1.100,1.100,23,20,16,14,00,00,77,35*3596a26b
#BESTPOSA,COM1,0,57.5,FINESTEERING,2434,183288.200,00000000,000e,10817;SOL_COMPUTED,NARROW_FLOAT,31.16419665906,121.45347187201,0.0913,11.0299,WGS84,2.7893,2.3427,12.7985,"1793",1.200,1.200,23,20,16,14,00,00,77,35*507e40b5
#BESTPOSA,COM1,0,57.5,FINESTEERING,2434,183288.300,00000000,000e,10817;SOL_COMPUTED,NARROW_FLOAT,31.16419623431,121.45347072737,0.1426,11.0299,WGS84,2.7893,2.3427,12.7985,"1793",1.300,1.300,23,20,16,14,00,00,77,35*c543dfe0
#BESTPOSA,COM1,0,57.5,FINESTEERING,2434,183288.400,00000000,000e,10817;SOL_COMPUTED,NARROW_FLOAT,31.16419582862,121.45346975564,0.1977,11.0299,WGS84,2.7893,2.3427,12.7985,"1793",1.400,1.400,23,20,16,14,00,00,77,35*4a5a46f4
#BESTPOSA,COM1,0,57.5,FINESTEERING,2434,183288.500,00200000,000e,10817;SOL_COMPUTED,NARROW_FLOAT,31.16417019238,121.45347173340,-1.5158,11.0299,WGS84,2.7893,2.3427,12.7985,"1793",0.500,0.500,23,20,16,14,00,00,77,35*276ece6f
#BESTPOSA,COM1,0,58.0,FINESTEERING,2434,183288.600,00200000,000e,10817;SOL_COMPUTED,NARROW_FLOAT,31.16417064019,121.45347076830,-1.5776,11.0299,WGS84,2.7893,2.3427,12.7985,"1793",0.600,0.600,23,20,16,15,00,00,77,35*4e08ca67
#BESTPOSA,COM1,0,58.0,FINESTEERING,2434,183288.700,00200000,000e,10817;SOL_COMPUTED,NARROW_FLOAT,31.16417014167,121.45346944776,-1.5441,11.0299,WGS84,2.7893,2.3427,12.7985,"1793",0.700,0.700,23,20,15,15,00,00,77,35*2147d6b3
#BESTPOSA,COM1,0,58.0,FINESTEERING,2434,183288.800,00200000,000e,10817;SOL_COMPUTED,NARROW_FLOAT,31.16417063245,121.45346820813,-1.5510,11.0299,WGS84,2.7893,2.3427,12.7985,"1793",0.800,0.800,23,20,16,15,00,00,77,35*ecaa8f4a
#BESTPOSA,COM1,0,58.0,FINESTEERING,2434,183288.900,00200000,000e,10817;SOL_COMPUTED,NARROW_FLOAT,31.16417076604,121.45346701556,-1.5608,11.0299,WGS84,2.7893,2.3427,12.7985,"1793",0.900,0.900,23,20,16,15,00,00,77,35*1f6879f9
#BESTPOSA,COM1,0,58.0,FINESTEERING,2434,183289.000,00200000,000e,10817;SOL_COMPUTED,NARROW_FLOAT,31.16417030567,121.45346583995,-1.5329,11.0299,WGS84,2.7893,2.3427,12.7985,"1793",1.000,1.000,23,20,16,14,00,00,77,35*8d163d7e
$GPGSV,1,1,04,24,66,165,45,29,12,218,42,56,55,202,46,57,34,242,43*7A
$GLGSV,1,1,02,81,10,177,44,82,48,208,45*63
$GAGSV,1,1,03,13,35,151,45,26,82,234,47,29,55,260,45*5D
$GBGSV,3,1,09,01,49,147,48,02,34,242,44,03,55,202,48,07,41,173,46*69
$GBGSV,3,2,09,08,15,195,42,10,31,177,44,26,25,158,46,31,15,182,40*62
$GBGSV,3,3,09,34,40,233,45*52
$GQGSV,1,1,04,02,08,158,42,03,56,154,46,07,53,169,41,08,41,229,42*76
$GIGSV,1,1,01,10,51,165,47*55
$GNGST,025431.00,25.723,15.993,12.523,76.2312,2.789,2.343,12.799*4C
#BESTPOSA,COM1,0,58.0,FINESTEERING,2434,183289.100,00200000,000e,10817;SOL_COMPUTED,NARROW_FLOAT,31.16416990503,121.45346461238,-1.5376,11.0299,WGS84,2.7893,2.3427,12.7985,"1793",1.100,1.100,23,20,16,15,00,00,77,35*422c9217
#BESTPOSA,COM1,0,58.0,FINESTEERING,2434,183289.200,00200000,000e,10817;SOL_COMPUTED,NARROW_FLOAT,31.16417066256,121.45346391687,-1.6554,11.0299,WGS84,2.7893,2.3427,12.7985,"1793",1.200,1.200,23,20,16,15,00,00,77,35*bb1dff7a
#BESTPOSA,COM1,0,58.0,FINESTEERING,2434,183289.300,00200000,000e,10817;SOL_COMPUTED,NARROW_FLOAT,31.16417035445,121.45346259836,-1.6075,11.0299,WGS84,2.7893,2.3427,12.7985,"1793",1.300,1.300,23,20,16,15,00,00,77,35*9166a3f7
#BESTPOSA,COM1,0,58.0,FINESTEERING,2434,183289.400,00200000,000e,10817;SOL_COMPUTED,NARROW_FLOAT,31.16416972451,121.45346144728,-1.5201,11.0299,WGS84,2.7893,2.3427,12.7985,"1793",1.400,1.400,23,20,16,15,00,00,77,35*6548458c
#BESTPOSA,COM1,0,58.0,FINESTEERING,2434,183289.500,00000000,000e,10817;SOL_COMPUTED,NARROW_FLOAT,31.16416997177,121.45346037935,-1.5368,11.0299,WGS84,2.7893,2.3427,12.7985,"1793",1.500,1.500,23,20,16,15,00,00,77,35*115a651f
#BESTPOSA,COM1,0,64.5,FINESTEERING,2434,183289.600,00000000,000e,10817;SOL_COMPUTED,NARROW_FLOAT,31.16416992224,121.45345928537,-1.5304,11.0299,WGS84,2.7893,2.3427,12.7985,"1793",1.600,1.600,23,20,16,15,00,00,77,35*d18ff280
#BESTPOSA,COM1,0,64.5,FINESTEERING,2434,183289.700,00000000,000e,10817;SOL_COMPUTED,NARROW_FLOAT,31.16420614926,121.45346874107,0.2475,11.0299,WGS84,2.7893,2.3427,12.7985,"1793",0.700,0.700,23,20,16,15,00,00,77,35*68503fc9
#BESTPOSA,COM1,0,64.5,FINESTEERING,2434,183289.800,00000000,000e,10817;SOL_COMPUTED,NARROW_FLOAT,31.16420682508,121.45346801525,0.2093,11.0299,WGS84,2.7893,2.3427,12.7985,"1793",0.800,0.800,23,20,16,15,00,00,77,35*dccdbb2d
#BESTPOSA,COM1,0,64.5,FINESTEERING,2434,183289.900,00000000,000e,10817;SOL_COMPUTED,NARROW_FLOAT,31.16420690229,121.45346687041,0.2456,11.0299,WGS84,2.7893,2.3427,12.7985,"1793",0.900,0.900,24,21,17,15,00,00,77,35*93de9c75
#BESTPOSA,COM1,0,64.5,FINESTEERING,2434,183290.000,00000000,000e,10817;SOL_COMPUTED,NARROW_FLOAT,31.16420725769,121.45346604608,0.2182,11.0299,WGS84,2.7893,2.3427,12.7985,"1793",1.000,1.000,24,21,17,15,00,00,77,35*6eaea81b
$GPGSV,2,1,05,18,62,286,45,24,66,165,45,29,12,218,42,56,55,202,47*7F
$GPGSV,2,2,05,57,34,242,44*4D
$GLGSV,1,1,02,81,10,177,44,82,48,208,48*6E
$GAGSV,1,1,03,13,35,151,45,26,82,234,48,29,55,260,45*52
$GBGSV,3,1,09,01,49,147,49,02,34,242,44,03,55,202,48,07,41,173,46*68
$GBGSV,3,2,09,08,15,195,42,10,31,177,44,26,25,158,46,31,15,182,41*63
$GBGSV,3,3,09,34,40,233,45*52
$GQGSV,1,1,04,02,08,158,41,03,56,154,46,07,53,169,40,08,41,229,42*74
$GIGSV,1,1,01,10,51,165,47*55
$GNGST,025432.00,21.362,13.076,10.230,66.5491,2.789,2.343,12.799*43
#BESTPOSA,COM1,0,64.5,FINESTEERING,2434,183290.100,00000000,000e,10817;SOL_COMPUTED,NARROW_FLOAT,31.16420748870,121.45346504782,0.2090,11.0299,WGS84,2.7893,2.3427,12.7985,"1793",1.100,1.100,24,21,17,15,00,00,77,35*8d8db70c
#BESTPOSA,COM1,0,64.5,FINESTEERING,2434,183290.200,00000000,000e,10817;SOL_COMPUTED,NARROW_FLOAT,31.16420759675,121.45346416131,0.2119,11.0299,WGS84,2.7893,2.3427,12.7985,"1793",1.200,1.200,24,21,17,15,00,00,77,35*446aac49
#BESTPOSA,COM1,0,64.5,FINESTEERING,2434,183290.300,00000000,000e,10817;SOL_COMPUTED,NARROW_FLOAT,31.16420738917,121.45346327015,0.2280,11.0299,WGS84,2.7893,2.3427,12.7985,"1793",1.300,1.300,24,21,17,15,00,00,77,35*d0bd2d29
#BESTPOSA,COM1,0,64.5,FINESTEERING,2434,183290.400,00000000,000e,10817;SOL_COMPUTED,NARROW_FLOAT,31.16420751335,121.45346238705,0.2704,11.0299,WGS84,2.7893,2.3427,12.7985,"1793",1.400,1.400,24,21,17,15,00,00,77,35*4c8b8b4f
#BESTPOSA,COM1,0,64.5,FINESTEERING,2434,183290.500,00200000,000e,10817;SOL_COMPUTED,NARROW_FLOAT,31.16420750893,121.45346173343,0.2717,11.0299,WGS84,2.7893,2.3427,12.7985,"1793",1.500,1.500,24,21,17,15,00,00,77,35*339c17d6
#BESTPOSA,COM1,0,62.0,FINESTEERING,2434,183290.600,00200000,000e,10817;SOL_COMPUTED,NARROW_FLOAT,31.16420998752,121.45344969029,-1.5479,11.0299,WGS84,2.7893,2.3427,12.7985,"1793",0.600,0.600,24,21,17,16,00,00,77,35*436d93bc
#BESTPOSA,COM1,0,62.0,FINESTEERING,2434,183290.700,00200000,000e,10817;SOL_COMPUTED,NARROW_FLOAT,31.16421048460,121.45344925597,-1.5664,11.0299,WGS84,2.7893,2.3427,12.7985,"1793",0.700,0.700,24,21,17,17,00,00,77,37*8e78da15
#BESTPOSA,COM1,0,62.0,FINESTEERING,2434,183290.800,00200000,000e,10817;SOL_COMPUTED,NARROW_FLOAT,31.16421074461,121.45344877586,-1.5624,11.0299,WGS84,2.7893,2.3427,12.7985,"1793",0.800,0.800,24,21,17,17,00,00,77,37*06d21fdd
#BESTPOSA,COM1,0,62.0,FINESTEERING,2434,183290.900,00200000,000e,10817;SOL_COMPUTED,NARROW_FLOAT,31.16421095926,121.45344810684,-1.5552,11.0299,WGS84,2.7893,2.3427,12.7985,"1793",0.900,0.900,24,21,17,17,00,00,77,37*bee86923
#BESTPOSA,COM1,0,62.0,FINESTEERING,2434,183291.000,00200200,000e,10817;SOL_COMPUTED,NARROW_FLOAT,31.16421119987,121.45344745485,-1.5649,11.0299,WGS84,2.7893,2.3427,12.7985,"1793",1.000,1.000,24,21,17,17,00,00,77,37*85045c31
$GPGSV,2,1,05,18,62,286,45,24,66,165,46,29,12,218,42,56,55,202,45*7E
$GPGSV,2,2,05,57,34,242,43*4A
$GLGSV,1,1,02,81,10,177,44,82,48,208,50*67
$GAGSV,1,1,03,13,35,151,44,26,82,234,45,29,55,260,46*5D
$GBGSV,3,1,09,01,49,147,48,02,34,242,46,03,55,202,48,07,41,173,46*6B
$GBGSV,3,2,09,08,15,195,42,10,31,177,44,26,25,158,45,31,15,182,41*60
$GBGSV,3,3,09,34,40,233,46*51
$GQGSV,1,1,04,02,08,158,42,03,56,154,46,07,53,169,40,08,41,229,43*76
$GIGSV,1,1,01,10,51,165,47*55
$GNGST,025433.00,18.805,11.067,9.354,56.5730,2.789,2.343,12.799*70
#BESTPOSA,COM1,0,62.0,FINESTEERING,2434,183291.100,00200200,000e,10817;SOL_COMPUTED,NARROW_FLOAT,31.16421125843,121.45344676002,-1.5423,11.0299,WGS84,2.7893,2.3427,12.7985,"1793",1.100,1.100,24,21,17,17,00,00,77,37*7739d3c1
#BESTPOSA,COM1,0,62.0,FINESTEERING,2434,183291.200,00200200,000e,10817;SOL_COMPUTED,NARROW_FLOAT,31.16421167181,121.45344628584,-1.5719,11.0299,WGS84,2.7893,2.3427,12.7985,"1793",1.200,1.200,24,21,17,17,00,00,77,37*478b512b
#BESTPOSA,COM1,0,62.0,FINESTEERING,2434,183291.300,00200200,000e,10817;SOL_COMPUTED,NARROW_FLOAT,31.16421195105,121.45344567081,-1.6022,11.0299,WGS84,2.7893,2.3427,12.7985,"1793",1.300,1.300,24,21,17,17,00,00,77,37*76d1daa4
#BESTPOSA,COM1,0,62.0,FINESTEERING,2434,183291.400,00200200,000e,10817;SOL_COMPUTED,NARROW_FLOAT,31.16421199818,121.45344487276,-1.6037,11.0299,WGS84,2.7893,2.3427,12.7985,"1793",1.400,1.400,24,21,17,17,00,00,77,37*3b628892
#BESTPOSA,COM1,0,62.0,FINESTEERING,2434,183291.500,00000200,000e,10817;SOL_COMPUTED,NARROW_FLOAT,31.16421192808,121.45344420384,-1.5849,11.0299,WGS84,2.7893,2.3427,12.7985,"1793",1.500,1.500,25,22,18,18,00,00,77,37*fd8aba45
#BESTPOSA,COM1,0,62.0,FINESTEERING,2434,183291.600,00000200,000e,10817;SOL_COMPUTED,NARROW_INT,31.16410556815,121.45337884944,5.9188,11.0299,WGS84,2.7893,2.3427,12.7985,"1793",0.600,0.600,25,22,18,18,00,00,77,37*ef66068b
#BESTPOSA,COM1,0,62.0,FINESTEERING,2434,183291.700,00000200,000e,10817;SOL_COMPUTED,NARROW_INT,31.16410578985,121.45337835067,5.9150,11.0299,WGS84,2.7893,2.3427,12.7985,"1793",0.700,0.700,25,22,18,18,00,00,77,37*db8d8ea3
#BESTPOSA,COM1,0,62.0,FINESTEERING,2434,183291.800,00000200,000e,10817;SOL_COMPUTED,NARROW_INT,31.16410614181,121.45337789829,5.9084,11.0299,WGS84,2.7893,2.3427,12.7985,"1793",0.800,0.800,25,22,18,18,00,00,77,37*e54a724c
#BESTPOSA,COM1,0,62.0,FINESTEERING,2434,183291.900,00000200,000e,10817;SOL_COMPUTED,NARROW_INT,31.16410642747,121.45337746189,5.8955,11.0299,WGS84,2.7893,2.3427,12.7985,"1793",0.900,0.900,25,22,18,18,00,00,77,37*dcc57dc7
#BESTPOSA,COM1,0,62.0,FINESTEERING,2434,183292.000,00000200,000e,10817;SOL_COMPUTED,NARROW_INT,31.16410669651,121.45337695879,5.8954,11.0299,WGS84,2.7893,2.3427,12.7985,"1793",1.000,1.000,25,22,18,18,00,00,77,37*81ccaf81
$GPGSV,2,1,05,18,62,286,44,24,66,165,46,29,12,218,43,56,55,202,45*7E
$GPGSV,2,2,05,57,34,242,43*4A
$GLGSV,1,1,02,81,10,177,43,82,48,208,48*69
$GAGSV,1,1,03,13,35,151,44,26,82,234,44,29,55,260,46*5C
$GBGSV,3,1,10,01,49,147,48,02,34,242,46,03,55,202,47,04,37,120,36*6F
$GBGSV,3,2,10,07,41,173,46,08,15,195,42,10,31,177,44,26,25,158,45*65
$GBGSV,3,3,10,31,15,182,41,34,40,233,46*61
$GQGSV,1,1,04,02,08,158,41,03,56,154,46,07,53,169,40,08,41,229,43*75
$GIGSV,1,1,01,10,51,165,47*55
$GNGST,025434.00,0.057,0.041,0.008,71.1303,2.789,2.343,12.799*73
#BESTPOSA,COM1,0,62.0,FINESTEERING,2434,183292.100,00000200,000e,10817;SOL_COMPUTED,NARROW_INT,31.16410695399,121.45337646056,5.8951,11.0299,WGS84,2.7893,2.3427,12.7985,"1793",1.100,1.100,25,22,18,18,00,00,77,37*4cbda431
#BESTPOSA,COM1,0,62.0,FINESTEERING,2434,183292.200,00000200,000e,10817;SOL_COMPUTED,NARROW_INT,31.16410660832,121.45337570941,5.9268,11.0299,WGS84,2.7893,2.3427,12.7985,"1793",1.200,1.200,25,22,18,18,00,00,77,37*84fef56d
#BESTPOSA,COM1,0,62.0,FINESTEERING,2434,183292.300,00000200,000e,10817;SOL_COMPUTED,NARROW_INT,31.16410701883,121.45337519024,5.9051,11.0299,WGS84,2.7893,2.3427,12.7985,"1793",1.300,1.300,25,22,18,18,00,00,77,37*933e779f
#BESTPOSA,COM1,0,62.0,FINESTEERING,2434,183292.400,00000200,000e,10817;SOL_COMPUTED,NARROW_INT,31.16410695229,121.45337484833,5.9383,11.0299,WGS84,2.7893,2.3427,12.7985,"1793",1.400,1.400,25,22,18,18,00,00,77,37*d9aeb661
#BESTPOSA,COM1,0,62.0,FINESTEERING,2434,183292.500,00000200,000e,10817;SOL_COMPUTED,NARROW_INT,31.16410721132,121.45337457695,5.9486,11.0299,WGS84,2.7893,2.3427,12.7985,"1793",1.500,1.500,25,22,18,18,00,00,77,37*4b8a73fa
#BESTPOSA,COM1,0,62.5,FINESTEERING,2434,183292.600,00000200,000e,10817;SOL_COMPUTED,NARROW_INT,31.16410747940,121.45337427203,5.9284,11.0299,WGS84,2.7893,2.3427,12.7985,"1793",1.600,1.600,25,22,18,18,00,00,77,37*07df9cf2
#BESTPOSA,COM1,0,62.5,FINESTEERING,2434,183292.700,00000200,000e,10817;SOL_COMPUTED,NARROW_INT,31.16410775173,121.45337397155,5.8822,11.0299,WGS84,2.7893,2.3427,12.7985,"1793",0.700,0.700,25,22,18,18,00,00,77,37*0d2f8949
#BESTPOSA,COM1,0,62.5,FINESTEERING,2434,183292.800,00000200,000e,10817;SOL_COMPUTED,NARROW_INT,31.16410769543,121.45337354686,5.8855,11.0299,WGS84,2.7893,2.3427,12.7985,"1793",0.800,0.800,25,22,18,18,00,00,77,37*7decc8df
#BESTPOSA,COM1,0,62.5,FINESTEERING,2434,183292.900,00000200,000e,10817;SOL_COMPUTED,NARROW_INT,31.16410776352,121.45337319263,5.8843,11.0299,WGS84,2.7893,2.3427,12.7985,"1793",0.900,0.900,25,22,18,18,00,00,77,37*95b8d581
#BESTPOSA,COM1,0,62.5,FINESTEERING,2434,183293.000,00000200,000e,10817;SOL_COMPUTED,NARROW_INT,31.16410768405,121.45337287928,5.8920,11.0299,WGS84,2.7893,2.3427,12.7985,"1793",1.000,1.000,25,22,18,18,00,00,77,37*596dc7d2
$GPGSV,2,1,05,18,62,286,45,24,66,165,46,29,12,218,43,56,55,202,48*72
$GPGSV,2,2,05,57,34,242,44*4D
$GLGSV,1,1,02,81,10,177,45,82,48,208,49*6E
$GAGSV,1,1,03,13,35,151,45,26,82,234,48,29,55,260,46*51
$GBGSV,3,1,10,01,49,147,47,02,34,242,44,03,55,202,47,04,37,120,39*6D
$GBGSV,3,2,10,07,41,173,46,08,15,195,43,10,31,177,44,26,25,158,46*67
$GBGSV,3,3,10,31,15,182,41,34,40,233,46*61
$GQGSV,1,1,04,02,08,158,42,03,56,154,46,07,53,169,40,08,41,229,43*76
$GIGSV,1,1,01,10,51,165,46*54
$GNGST,025435.00,0.042,0.028,0.009,64.3648,2.789,2.343,12.799*74
#BESTPOSA,COM1,0,62.5,FINESTEERING,2434,183293.100,00000200,000e,10817;SOL_COMPUTED,NARROW_INT,31.16410771865,121.45337265974,5.8865,11.0299,WGS84,2.7893,2.3427,12.7985,"1793",1.100,1.100,25,22,18,18,00,00,77,37*534c4a35
#BESTPOSA,COM1,0,62.5,FINESTEERING,2434,183293.200,00000200,000e,10817;SOL_COMPUTED,NARROW_INT,31.16410779511,121.45337254850,5.8957,11.0299,WGS84,2.7893,2.3427,12.7985,"1793",1.200,1.200,25,22,18,18,00,00,77,37*d9c2dfe6
#BESTPOSA,COM1,0,62.5,FINESTEERING,2434,183293.300,00000200,000e,10817;SOL_COMPUTED,NARROW_INT,31.16410799534,121.45337268196,5.8922,11.0299,WGS84,2.7893,2.3427,12.7985,"1793",1.300,1.300,25,22,18,18,00,00,77,37*2484cd96
#BESTPOSA,COM1,0,62.5,FINESTEERING,2434,183293.400,00000200,000e,10817;SOL_COMPUTED,NARROW_INT,31.16410798182,121.45337270720,5.8995,11.0299,WGS84,2.7893,2.3427,12.7985,"1793",1.400,1.400,25,22,18,18,00,00,77,37*b91f017d
#BESTPOSA,COM1,0,62.5,FINESTEERING,2434,183293.500,00000200,000e,10817;SOL_COMPUTED,NARROW_INT,31.16410791835,121.45337277783,5.9142,11.0299,WGS84,2.7893,2.3427,12.7985,"1793",1.500,1.500,25,22,18,18,00,00,77,37*8f262841
#BESTPOSA,COM1,0,62.0,FINESTEERING,2434,183293.600,00000200,000e,10817;SOL_COMPUTED,NARROW_INT,31.16410816245,121.45337307180,5.8825,11.0299,WGS84,2.7893,2.3427,12.7985,"1793",1.600,1.600,25,22,18,18,00,00,77,37*742c7e6e
#BESTPOSA,COM1,0,62.0,FINESTEERING,2434,183293.700,00000200,000e,10817;SOL_COMPUTED,NARROW_INT,31.16410820277,121.45337325160,5.8946,11.0299,WGS84,2.7893,2.3427,12.7985,"1793",0.700,0.700,25,22,18,18,00,00,77,37*4bdea160
#BESTPOSA,COM1,0,62.0,FINESTEERING,2434,183293.800,00000200,000e,10817;SOL_COMPUTED,NARROW_INT,31.16410810347,121.45337342021,5.9021,11.0299,WGS84,2.7893,2.3427,12.7985,"1793",0.800,0.800,25,22,18,18,00,00,77,37*826ff6e7
#BESTPOSA,COM1,0,62.0,FINESTEERING,2434,183293.900,00000200,000e,10817;SOL_COMPUTED,NARROW_INT,31.16410806762,121.45337349545,5.8987,11.0299,WGS84,2.7893,2.3427,12.7985,"1793",0.900,0.900,25,22,18,18,00,00,77,37*af089b39
#BESTPOSA,COM1,0,62.0,FINESTEERING,2434,183294.000,00000200,000e,10817;SOL_COMPUTED,NARROW_INT,31.16410801596,121.45337350984,5.8957,11.0299,WGS84,2.7893,2.3427,12.7985,"1793",1.000,1.000,25,22,18,18,00,00,77,37*ca56eafc
$GPGSV,2,1,05,18,62,286,45,24,66,165,45,29,12,218,43,56,55,202,48*71
$GPGSV,2,2,05,57,34,242,43*4A
$GLGSV,1,1,02,81,10,177,45,82,48,208,48*6F
$GAGSV,1,1,03,13,35,151,45,26,82,234,49,29,56,260,46*53
$GBGSV,3,1,10,01,49,147,47,02,34,242,43,03,55,202,47,04,37,120,37*64
$GBGSV,3,2,10,07,41,173,46,08,15,195,44,10,31,177,44,26,25,158,45*63
$GBGSV,3,3,10,31,15,182,41,34,40,233,47*60
$GQGSV,1,1,04,02,08,158,42,03,56,154,47,07,53,169,40,08,41,229,43*77
$GIGSV,1,1,01,10,51,165,47*55
$GNGST,025436.00,0.030,0.019,0.007,63.4662,2.789,2.343,12.799*76
#BESTPOSA,COM1,0,62.0,FINESTEERING,2434,183294.100,00000200,000e,10817;SOL_COMPUTED,NARROW_INT,31.16410801155,121.45337349197,5.8912,11.0299,WGS84,2.7893,2.3427,12.7985,"1793",1.100,1.100,25,22,18,18,00,00,77,37*b23c9051
#BESTPOSA,COM1,0,62.0,FINESTEERING,2434,183294.200,00000200,000e,10817;SOL_COMPUTED,NARROW_INT,31.16410807309,121.45337334674,5.8773,11.0299,WGS84,2.7893,2.3427,12.7985,"1793",1.200,1.200,25,22,18,18,00,00,77,37*8b60f7a1
#BESTPOSA,COM1,0,62.0,FINESTEERING,2434,183294.300,00000200,000e,10817;SOL_COMPUTED,NARROW_INT,31.16410794944,121.45337326048,5.8862,11.0299,WGS84,2.7893,2.3427,12.7985,"1793",1.300,1.300,25,22,18,18,00,00,77,37*0cb1f54b
#BESTPOSA,COM1,0,62.0,FINESTEERING,2434,183294.400,00000200,000e,10817;SOL_COMPUTED,NARROW_INT,31.16410793706,121.45337321374,5.8747,11.0299,WGS84,2.7893,2.3427,12.7985,"1793",1.400,1.400,25,22,18,18,00,00,77,37*2c2cfe20
#BESTPOSA,COM1,0,62.0,FINESTEERING,2434,183294.500,00200200,000e,10817;SOL_COMPUTED,NARROW_INT,31.16410789996,121.45337316922,5.8812,11.0299,WGS84,2.7893,2.3427,12.7985,"1793",1.500,1.500,25,22,18,18,00,00,77,37*795a81ba
#BESTPOSA,COM1,0,63.0,FINESTEERING,2434,183294.600,00200200,000e,10817;SOL_COMPUTED,NARROW_INT,31.16410794964,121.45337314164,5.8808,11.0299,WGS84,2.7893,2.3427,12.7985,"1793",0.600,0.600,25,22,18,18,00,00,77,37*22698b2a
#BESTPOSA,COM1,0,63.0,FINESTEERING,2434,183294.700,00200200,000e,10817;SOL_COMPUTED,NARROW_INT,31.16410799781,121.45337313155,5.8780,11.0299,WGS84,2.7893,2.3427,12.7985,"1793",0.700,0.700,25,22,18,18,00,00,77,37*f3d7ec9c
#BESTPOSA,COM1,0,63.0,FINESTEERING,2434,183294.800,00200200,000e,10817;SOL_COMPUTED,NARROW_INT,31.16410780911,121.45337309614,5.9199,11.0299,WGS84,2.7893,2.3427,12.7985,"1793",0.800,0.800,25,22,18,18,00,00,77,37*2085de0f
#BESTPOSA,COM1,0,63.0,FINESTEERING,2434,183294.900,00200200,000e,10817;SOL_COMPUTED,NARROW_INT,31.16410783852,121.45337310305,5.9151,11.0299,WGS84,2.7893,2.3427,12.7985,"1793",0.900,0.900,25,22,18,18,00,00,77,37*d31327d9
#BESTPOSA,COM1,0,63.0,FINESTEERING,2434,183295.000,00200200,000e,10817;SOL_COMPUTED,NARROW_INT,31.16410794807,121.45337310903,5.8914,11.0299,WGS84,2.7893,2.3427,12.7985,"1793",1.000,1.000,25,22,18,18,00,00,77,37*56d8bc71
$GPGSV,2,1,05,18,62,286,45,24,66,165,44,29,12,218,43,56,55,202,49*71
$GPGSV,2,2,05,57,34,242,39*47
$GLGSV,1,1,02,81,10,177,45,82,48,208,48*6F
$GAGSV,1,1,03,13,35,151,44,26,82,234,49,29,56,260,46*52
$GBGSV,3,1,10,01,49,147,46,02,34,242,44,03,55,202,46,04,37,120,38*6C
$GBGSV,3,2,10,07,41,173,45,08,15,195,44,10,31,177,44,26,25,158,45*60
$GBGSV,3,3,10,31,15,182,42,34,40,233,47*63
$GQGSV,1,1,04,02,08,158,38,03,56,154,47,07,53,169,40,08,41,229,43*7A
$GIGSV,1,1,01,10,51,165,47*55
$GNGST,025437.00,0.035,0.022,0.007,68.0106,2.789,2.343,12.799*70
#BESTPOSA,COM1,0,63.0,FINESTEERING,2434,183295.100,00200200,000e,10817;SOL_COMPUTED,NARROW_INT,31.16410796735,121.45337308107,5.8831,11.0299,WGS84,2.7893,2.3427,12.7985,"1793",1.100,1.100,25,22,18,18,00,00,77,37*432c0207
#BESTPOSA,COM1,0,63.0,FINESTEERING,2434,183295.200,00200200,000e,10817;SOL_COMPUTED,NARROW_INT,31.16410797792,121.45337307331,5.8828,11.0299,WGS84,2.7893,2.3427,12.7985,"1793",1.200,1.200,25,22,18,18,00,00,77,37*fc56e2dd
#BESTPOSA,COM1,0,63.0,FINESTEERING,2434,183295.300,00200200,000e,10817;SOL_COMPUTED,NARROW_INT,31.16410803531,121.45337308943,5.8786,11.0299,WGS84,2.7893,2.3427,12.7985,"1793",1.300,1.300,25,22,18,18,00,00,77,37*500f12c2
#BESTPOSA,COM1,0,63.0,FINESTEERING,2434,183295.400,00200200,000e,10817;SOL_COMPUTED,NARROW_INT,31.16410797173,121.45337308573,5.8796,11.0299,WGS84,2.7893,2.3427,12.7985,"1793",1.400,1.400,25,22,18,18,00,00,77,37*50f66169
#BESTPOSA,COM1,0,63.0,FINESTEERING,2434,183295.500,00000200,000e,10817;SOL_COMPUTED,NARROW_INT,31.16410789759,121.45337310068,5.8879,11.0299,WGS84,2.7893,2.3427,12.7985,"1793",1.500,1.500,25,22,18,18,00,00,77,37*c99062d6
#BESTPOSA,COM1,0,63.0,FINESTEERING,2434,183295.600,00000200,000e,10817;SOL_COMPUTED,NARROW_INT,31.16410789561,121.45337310447,5.8851,11.0299,WGS84,2.7893,2.3427,12.7985,"1793",1.600,1.600,25,22,18,18,00,00,77,37*78b4d9fd
#BESTPOSA,COM1,0,63.0,FINESTEERING,2434,183295.700,00000200,000e,10817;SOL_COMPUTED,NARROW_INT,31.16410787504,121.45337310292,5.8865,11.0299,WGS84,2.7893,2.3427,12.7985,"1793",0.700,0.700,25,22,18,18,00,00,77,37*6cdacf48
#BESTPOSA,COM1,0,63.0,FINESTEERING,2434,183295.800,00000200,000e,10817;SOL_COMPUTED,NARROW_INT,31.16410791100,121.45337310968,5.8821,11.0299,WGS84,2.7893,2.3427,12.7985,"1793",0.800,0.800,25,22,18,18,00,00,77,37*267ed1f6
#BESTPOSA,COM1,0,63.0,FINESTEERING,2434,183295.900,00000200,000e,10817;SOL_COMPUTED,NARROW_INT,31.16410795628,121.45337313023,5.8749,11.0299,WGS84,2.7893,2.3427,12.7985,"1793",0.900,0.900,25,22,18,18,00,00,77,37*262cc59b
#BESTPOSA,COM1,0,63.0,FINESTEERING,2434,183296.000,00000200,000e,10817;SOL_COMPUTED,NARROW_INT,31.16410796826,121.45337315387,5.8710,11.0299,WGS84,2.7893,2.3427,12.7985,"1793",1.000,1.000,25,22,18,18,00,00,77,37*05dae02d
$GPGSV,2,1,05,18,62,286,45,24,66,165,44,29,12,218,44,56,55,202,48*77
$GPGSV,2,2,05,57,34,242,38*46
$GLGSV,1,1,02,81,10,177,45,82,48,208,48*6F
$GAGSV,1,1,03,13,35,151,44,26,82,234,50,29,56,260,46*5A
$GBGSV,3,1,10,01,49,147,46,02,34,242,44,03,55,202,46,04,37,120,37*63
$GBGSV,3,2,10,07,41,173,44,08,15,195,44,10,31,177,44,26,25,158,45*61
$GBGSV,3,3,10,31,15,182,42,34,40,233,48*6C
$GQGSV,1,1,04,02,08,158,39,03,56,154,48,07,53,169,40,08,41,229,44*73
$GIGSV,1,1,01,10,51,165,47*55
$GNGST,025438.00,0.027,0.017,0.006,64.9644,2.789,2.343,12.799*7F
#BESTPOSA,COM1,0,63.0,FINESTEERING,2434,183296.100,00000200,000e,10817;SOL_COMPUTED,NARROW_INT,31.16410796622,121.45337313959,5.8686,11.0299,WGS84,2.7893,2.3427,12.7985,"1793",1.100,1.100,25,22,18,18,00,00,77,37*f75cbf73
#BESTPOSA,COM1,0,63.0,FINESTEERING,2434,183296.200,00000200,000e,10817;SOL_COMPUTED,NARROW_INT,31.16410800096,121.45337317022,5.8636,11.0299,WGS84,2.7893,2.3427,12.7985,"1793",1.200,1.200,25,22,18,18,00,00,77,37*0c9b168d
#BESTPOSA,COM1,0,63.0,FINESTEERING,2434,183296.300,00000200,000e,10817;SOL_COMPUTED,NARROW_INT,31.16410800441,121.45337314232,5.8599,11.0299,WGS84,2.7893,2.3427,12.7985,"1793",1.300,1.300,25,22,18,18,00,00,77,37*b74dec4a
#BESTPOSA,COM1,0,63.0,FINESTEERING,2434,183296.400,00000200,000e,10817;SOL_COMPUTED,NARROW_INT,31.16410797782,121.45337313480,5.8634,11.0299,WGS84,2.7893,2.3427,12.7985,"1793",1.400,1.400,25,22,18,18,00,00,77,37*94e62d4d
#BESTPOSA,COM1,0,63.0,FINESTEERING,2434,183296.500,00000200,000e,10817;SOL_COMPUTED,NARROW_INT,31.16410795382,121.45337309668,5.8737,11.0299,WGS84,2.7893,2.3427,12.7985,"1793",0.500,0.500,25,22,18,18,00,00,77,37*4e813cc8
#BESTPOSA,COM1,0,61.5,FINESTEERING,2434,183296.600,00000200,000e,10817;SOL_COMPUTED,NARROW_INT,31.16410795469,121.45337307704,5.8736,11.0299,WGS84,2.7893,2.3427,12.7985,"1793",0.600,0.600,25,22,18,18,00,00,77,37*a4959652
#BESTPOSA,COM1,0,61.5,FINESTEERING,2434,183296.700,00000200,000e,10817;SOL_COMPUTED,NARROW_INT,31.16410796234,121.45337305400,5.8727,11.0299,WGS84,2.7893,2.3427,12.7985,"1793",0.700,0.700,25,22,18,18,00,00,77,37*9716e2a3
#BESTPOSA,COM1,0,61.5,FINESTEERING,2434,183296.800,00000200,000e,10817;SOL_COMPUTED,NARROW_INT,31.16410794669,121.45337307405,5.8753,11.0299,WGS84,2.7893,2.3427,12.7985,"1793",0.800,0.800,25,22,18,18,00,00,77,37*550e40cc
#BESTPOSA,COM1,0,61.5,FINESTEERING,2434,183296.900,00000200,000e,10817;SOL_COMPUTED,NARROW_INT,31.16410793707,121.45337307118,5.8773,11.0299,WGS84,2.7893,2.3427,12.7985,"1793",0.900,0.900,25,22,18,18,00,00,77,37*a670b336
#BESTPOSA,COM1,0,61.5,FINESTEERING,2434,183297.000,00000000,000e,10817;SOL_COMPUTED,NARROW_INT,31.16410797141,121.45337307879,5.8734,11.0299,WGS84,2.7893,2.3427,12.7985,"1793",1.000,1.000,25,22,18,18,00,00,77,37*f6719ca1
$GPGSV,2,1,05,18,62,286,45,24,66,165,43,29,12,218,44,56,55,202,48*70
$GPGSV,2,2,05,57,34,242,38*46
$GLGSV,1,1,02,81,10,177,44,82,48,208,48*6E
$GAGSV,1,1,03,13,35,151,44,26,82,234,50,29,56,260,46*5A
$GBGSV,3,1,10,01,49,147,46,02,34,242,44,03,55,202,46,04,37,120,37*63
$GBGSV,3,2,10,07,41,173,45,08,15,195,44,10,31,177,44,26,25,158,45*60
$GBGSV,3,3,10,31,15,182,42,34,40,233,48*6C
$GQGSV,1,1,04,02,08,158,39,03,56,154,48,07,53,169,40,08,41,229,44*73
$GIGSV,1,1,01,10,51,165,46*54
$GNGST,025439.00,0.026,0.016,0.006,64.5118,2.789,2.343,12.799*7C
#BESTPOSA,COM1,0,61.5,FINESTEERING,2434,183297.100,00000000,000e,10817;SOL_COMPUTED,NARROW_INT,31.16410798571,121.45337307882,5.8729,11.0299,WGS84,2.7893,2.3427,12.7985,"1793",1.100,1.100,25,22,18,18,00,00,77,37*d8459aba
#BESTPOSA,COM1,0,61.5,FINESTEERING,2434,183297.200,00000000,000e,10817;SOL_COMPUTED,NARROW_INT,31.16410801969,121.45337308233,5.8680,11.0299,WGS84,2.7893,2.3427,12.7985,"1793",1.200,1.200,25,22,18,18,00,00,77,37*62051b9d
#BESTPOSA,COM1,0,61.5,FINESTEERING,2434,183297.300,00000000,000e,10817;SOL_COMPUTED,NARROW_INT,31.16410803965,121.45337306360,5.8639,11.0299,WGS84,2.7893,2.3427,12.7985,"1793",1.300,1.300,25,22,18,18,00,00,77,37*fc15deb8
#BESTPOSA,COM1,0,61.5,FINESTEERING,2434,183297.400,00000000,000e,10817;SOL_COMPUTED,NARROW_INT,31.16410802974,121.45337304163,5.8626,11.0299,WGS84,2.7893,2.3427,12.7985,"1793",1.400,1.400,25,22,18,18,00,00,77,37*b65c24ad
#BESTPOSA,COM1,0,61.5,FINESTEERING,2434,183297.500,00200000,000e,10817;SOL_COMPUTED,NARROW_INT,31.16410804684,121.45337302782,5.8599,11.0299,WGS84,2.7893,2.3427,12.7985,"1793",1.500,1.500,25,22,18,18,00,00,77,37*daac6ab4
#BESTPOSA,COM1,0,65.0,FINESTEERING,2434,183297.600,00200000,000e,10817;SOL_COMPUTED,NARROW_INT,31.16410803062,121.45337299876,5.8641,11.0299,WGS84,2.7893,2.3427,12.7985,"1793",1.600,1.600,25,22,18,18,00,00,77,37*05c178ae
#BESTPOSA,COM1,0,65.0,FINESTEERING,2434,183297.700,00200000,000e,10817;SOL_COMPUTED,NARROW_INT,31.16410807732,121.45337303305,5.8671,11.0299,WGS84,2.7893,2.3427,12.7985,"1793",1.700,1.700,25,22,18,18,00,00,77,37*c7bc5cda
#BESTPOSA,COM1,0,65.0,FINESTEERING,2434,183297.800,00200000,000e,10817;SOL_COMPUTED,NARROW_INT,31.16410818249,121.45337303106,5.8546,11.0299,WGS84,2.7893,2.3427,12.7985,"1793",1.800,1.800,25,22,18,18,00,00,77,37*abdd436b
#BESTPOSA,COM1,0,65.0,FINESTEERING,2434,183297.900,00200000,000e,10817;SOL_COMPUTED,NARROW_INT,31.16410816261,121.45337295865,5.8585,11.0299,WGS84,2.7893,2.3427,12.7985,"1793",1.900,1.900,25,22,18,18,00,00,77,37*58f6e60e
#BESTPOSA,COM1,0,65.0,FINESTEERING,2434,183298.000,00200000,000e,10817;SOL_COMPUTED,NARROW_INT,31.16410807279,121.45337286849,5.8703,11.0299,WGS84,2.7893,2.3427,12.7985,"1793",2.000,2.000,25,22,18,18,00,00,77,37*b8c318cc
$GPGSV,2,1,05,18,62,286,45,24,66,165,42,29,12,218,44,56,55,202,48*71
$GPGSV,2,2,05,57,34,242,38*46
$GLGSV,1,1,02,81,10,177,44,82,48,208,48*6E
$GAGSV,1,1,03,13,35,151,44,26,82,234,50,29,56,260,46*5A
$GBGSV,3,1,10,01,49,147,46,02,34,242,44,03,55,202,46,04,37,120,37*63
$GBGSV,3,2,10,07,41,173,44,08,15,195,44,10,31,177,44,26,25,158,44*60
$GBGSV,3,3,10,31,15,182,42,34,40,233,48*6C
$GQGSV,1,1,04,02,08,158,39,03,56,154,48,07,53,169,40,08,41,229,43*74
$GIGSV,1,1,01,10,51,165,46*54
$GNGST,025440.00,0.027,0.016,0.006,64.6054,2.789,2.343,12.799*79
#BESTPOSA,COM1,0,65.0,FINESTEERING,2434,183298.100,00200000,000e,10817;SOL_COMPUTED,NARROW_INT,31.16410798831,121.45337279219,5.8753,11.0299,WGS84,2.7893,2.3427,12.7985,"1793",2.100,2.100,25,22,18,18,00,00,77,37*1693b21c
#BESTPOSA,COM1,0,65.0,FINESTEERING,2434,183298.200,00200000,000e,10817;SOL_COMPUTED,NARROW_INT,31.16410795612,121.45337276772,5.8778,11.0299,WGS84,2.7893,2.3427,12.7985,"1793",1.200,1.200,25,22,18,18,00,00,77,37*a02ab13a
#BESTPOSA,COM1,0,65.0,FINESTEERING,2434,183298.300,00200000,000e,10817;SOL_COMPUTED,NARROW_INT,31.16410792502,121.45337275999,5.8903,11.0299,WGS84,2.7893,2.3427,12.7985,"1793",1.300,1.300,25,22,18,18,00,00,77,37*b5b85496
#BESTPOSA,COM1,0,65.0,FINESTEERING,2434,183298.400,00200000,000e,10817;SOL_COMPUTED,NARROW_INT,31.16410789999,121.45337270163,5.8952,11.0299,WGS84,2.7893,2.3427,12.7985,"1793",1.400,1.400,25,22,18,18,00,00,77,37*e5d87561
#BESTPOSA,COM1,0,65.0,FINESTEERING,2434,183298.500,00000000,000e,10817;SOL_COMPUTED,NARROW_INT,31.16410790820,121.45337268083,5.8920,11.0299,WGS84,2.7893,2.3427,12.7985,"1793",1.500,1.500,25,22,18,18,00,00,77,37*800e0af9
#BESTPOSA,COM1,0,62.5,FINESTEERING,2434,183298.600,00000000,000e,10817;SOL_COMPUTED,NARROW_INT,31.16410781444,121.45337259986,5.9008,11.0299,WGS84,2.7893,2.3427,12.7985,"1793",0.600,0.600,25,22,18,18,00,00,77,37*ce3e058a
#BESTPOSA,COM1,0,62.5,FINESTEERING,2434,183298.700,00000000,000e,10817;SOL_COMPUTED,NARROW_INT,31.16410782195,121.45337259826,5.8981,11.0299,WGS84,2.7893,2.3427,12.7985,"1793",0.700,0.700,25,22,18,18,00,00,77,37*50b44fbb
#BESTPOSA,COM1,0,62.5,FINESTEERING,2434,183298.800,00000000,000e,10817;SOL_COMPUTED,NARROW_INT,31.16410783640,121.45337261780,5.8934,11.0299,WGS84,2.7893,2.3427,12.7985,"1793",0.800,0.800,25,22,18,18,00,00,77,37*e2d5ecaa
#BESTPOSA,COM1,0,62.5,FINESTEERING,2434,183298.900,00000000,000e,10817;SOL_COMPUTED,NARROW_INT,31.16410781369,121.45337265170,5.8964,11.0299,WGS84,2.7893,2.3427,12.7985,"1793",0.900,0.900,25,22,18,18,00,00,77,37*108410b3
#BESTPOSA,COM1,0,62.5,FINESTEERING,2434,183299.000,00000000,000e,10817;SOL_COMPUTED,NARROW_INT,31.16410781208,121.45337268183,5.8924,11.0299,WGS84,2.7893,2.3427,12.7985,"1793",1.000,1.000,25,22,18,18,00,00,77,37*0f38ceac
$GPGSV,2,1,05,18,62,286,45,24,66,165,42,29,12,218,43,56,55,202,48*76
$GPGSV,2,2,05,57,34,242,39*47
$GLGSV,1,1,02,81,10,177,44,82,48,208,47*61
$GAGSV,1,1,03,13,35,151,43,26,82,234,50,29,56,260,46*5D
$GBGSV,3,1,10,01,49,147,45,02,34,242,44,03,55,202,47,04,37,120,37*61
$GBGSV,3,2,10,07,41,173,44,08,15,195,44,10,31,177,44,26,25,158,44*60
$GBGSV,3,3,10,31,15,182,42,34,40,233,48*6C
$GQGSV,1,1,04,02,08,158,39,03,56,154,48,07,53,169,38,08,41,229,43*7B
$GIGSV,1,1,01,10,51,165,47*55
$GNGST,025441.00,0.025,0.015,0.006,60.7055,2.789,2.343,12.799*7D
#BESTPOSA,COM1,0,62.5,FINESTEERING,2434,183299.100,00000000,000e,10817;SOL_COMPUTED,NARROW_INT,31.16410779180,121.45337270289,5.8943,11.0299,WGS84,2.7893,2.3427,12.7985,"1793",1.100,1.100,25,22,18,18,00,00,77,37*a7a02485
#BESTPOSA,COM1,0,62.5,FINESTEERING,2434,183299.200,00000000,000e,10817;SOL_COMPUTED,NARROW_INT,31.16410778572,121.45337274066,5.8940,11.0299,WGS84,2.7893,2.3427,12.7985,"1793",1.200,1.200,25,22,18,18,00,00,77,37*3c792f9e
#BESTPOSA,COM1,0,62.5,FINESTEERING,2434,183299.300,00000000,000e,10817;SOL_COMPUTED,NARROW_INT,31.16410782594,121.45337280195,5.8902,11.0299,WGS84,2.7893,2.3427,12.7985,"1793",1.300,1.300,25,22,18,18,00,00,77,37*970b6a02
#BESTPOSA,COM1,0,62.5,FINESTEERING,2434,183299.400,00000000,000e,10817;SOL_COMPUTED,NARROW_INT,31.16410788925,121.45337283193,5.8825,11.0299,WGS84,2.7893,2.3427,12.7985,"1793",1.400,1.400,25,22,18,18,00,00,77,37*4e9d1f25
#BESTPOSA,COM1,0,62.5,FINESTEERING,2434,183299.500,00000000,000e,10817;SOL_COMPUTED,NARROW_INT,31.16410793928,121.45337283915,5.8716,11.0299,WGS84,2.7893,2.3427,12.7985,"1793",1.500,1.500,25,22,18,18,00,00,77,37*e4ebfc6e
#BESTPOSA,COM1,0,63.0,FINESTEERING,2434,183299.600,00000000,000e,10817;SOL_COMPUTED,NARROW_INT,31.16410794231,121.45337286262,5.8659,11.0299,WGS84,2.7893,2.3427,12.7985,"1793",1.600,1.600,25,22,18,18,00,00,77,37*e3994621
#BESTPOSA,COM1,0,63.0,FINESTEERING,2434,183299.700,00000000,000e,10817;SOL_COMPUTED,NARROW_INT,31.16410791322,121.45337286810,5.8682,11.0299,WGS84,2.7893,2.3427,12.7985,"1793",0.700,0.700,25,22,18,18,00,00,77,37*134c3a45
#BESTPOSA,COM1,0,63.0,FINESTEERING,2434,183299.800,00000000,000e,10817;SOL_COMPUTED,NARROW_INT,31.16410790212,121.45337287476,5.8672,11.0299,WGS84,2.7893,2.3427,12.7985,"1793",0.800,0.800,25,22,18,18,00,00,77,37*98fe527e
#BESTPOSA,COM1,0,63.0,FINESTEERING,2434,183299.900,00000000,000e,10817;SOL_COMPUTED,NARROW_INT,31.16410790809,121.45337291504,5.8652,11.0299,WGS84,2.7893,2.3427,12.7985,"1793",0.900,0.900,25,22,18,18,00,00,77,37*0bcd494b
#BESTPOSA,COM1,0,63.0,FINESTEERING,2434,183300.000,00000000,000e,10817;SOL_COMPUTED,NARROW_INT,31.16410791029,121.45337291300,5.8619,11.0299,WGS84,2.7893,2.3427,12.7985,"1793",1.000,1.000,25,22,18,18,00,00,77,37*f0a81d94
$GPGSV,2,1,05,18,62,286,45,24,66,165,41,29,12,218,43,56,55,202,47*7A
$GPGSV,2,2,05,57,34,242,39*47
$GLGSV,1,1,02,81,10,177,44,82,48,208,47*61
$GAGSV,1,1,03,13,35,151,43,26,82,234,50,29,56,260,46*5D
$GBGSV,3,1,10,01,49,147,46,02,34,242,45,03,55,202,46,04,37,120,37*62
$GBGSV,3,2,10,07,41,173,44,08,15,195,44,10,31,177,44,26,25,158,43*67
$GBGSV,3,3,10,31,15,182,42,34,40,233,48*6C
$GQGSV,1,1,04,02,08,158,39,03,56,154,48,07,53,169,38,08,41,229,43*7B
$GIGSV,1,1,01,10,51,165,46*54
$GNGST,025442.00,0.026,0.016,0.006,59.8736,2.789,2.343,12.799*79
#BESTPOSA,COM1,0,63.0,FINESTEERING,2434,183300.100,00000000,000e,10817;SOL_COMPUTED,NARROW_INT,31.16410792557,121.45337289666,5.8610,11.0299,WGS84,2.7893,2.3427,12.7985,"1793",1.100,1.100,25,22,18,18,00,00,77,37*7729f161
#BESTPOSA,COM1,0,63.0,FINESTEERING,2434,183300.200,00000000,000e,10817;SOL_COMPUTED,NARROW_INT,31.16410790754,121.45337288516,5.8620,11.0299,WGS84,2.7893,2.3427,12.7985,"1793",1.200,1.200,25,22,18,18,00,00,77,37*ae2449ee
#BESTPOSA,COM1,0,63.0,FINESTEERING,2434,183300.300,00000000,000e,10817;SOL_COMPUTED,NARROW_INT,31.16410789530,121.45337289457,5.8603,11.0299,WGS84,2.7893,2.3427,12.7985,"1793",1.300,1.300,25,22,18,18,00,00,77,37*d59d079e
#BESTPOSA,COM1,0,63.0,FINESTEERING,2434,183300.400,00000000,000e,10817;SOL_COMPUTED,NARROW_INT,31.16410786798,121.45337287630,5.8578,11.0299,WGS84,2.7893,2.3427,12.7985,"1793",1.400,1.400,25,22,18,18,00,00,77,37*f541ee62
#BESTPOSA,COM1,0,63.0,FINESTEERING,2434,183300.500,00000000,000e,10817;SOL_COMPUTED,NARROW_INT,31.16410787421,121.45337290812,5.8658,11.0299,WGS84,2.7893,2.3427,12.7985,"1793",0.500,0.500,25,22,18,18,00,00,77,37*8a6870ae
#BESTPOSA,COM1,0,61.0,FINESTEERING,2434,183300.600,00000000,000e,10817;SOL_COMPUTED,NARROW_INT,31.16410783627,121.45337290799,5.8719,11.0299,WGS84,2.7893,2.3427,12.7985,"1793",0.600,0.600,25,22,18,18,00,00,77,37*b30bab79
#BESTPOSA,COM1,0,61.0,FINESTEERING,2434,183300.700,00000000,000e,10817;SOL_COMPUTED,NARROW_INT,31.16410784695,121.45337289749,5.8684,11.0299,WGS84,2.7893,2.3427,12.7985,"1793",0.700,0.700,25,22,18,18,00,00,77,37*bc6cb63e
#BESTPOSA,COM1,0,61.0,FINESTEERING,2434,183300.800,00000000,000e,10817;SOL_COMPUTED,NARROW_INT,31.16410790019,121.45337289088,5.8594,11.0299,WGS84,2.7893,2.3427,12.7985,"1793",0.800,0.800,25,22,18,18,00,00,77,37*c56bf7b3
#BESTPOSA,COM1,0,61.0,FINESTEERING,2434,183300.900,00000000,000e,10817;SOL_COMPUTED,NARROW_INT,31.16410793785,121.45337289071,5.8550,11.0299,WGS84,2.7893,2.3427,12.7985,"1793",0.900,0.900,25,22,18,18,00,00,77,37*c4e608d7
#BESTPOSA,COM1,0,61.0,FINESTEERING,2434,183301.000,00000000,000e,10817;SOL_COMPUTED,NARROW_INT,31.16410791852,121.45337288567,5.8587,11.0299,WGS84,2.7893,2.3427,12.7985,"1793",1.000,1.000,25,22,18,18,00,00,77,37*9f5bb7d1
$GPGSV,2,1,05,18,62,286,45,24,66,165,40,29,12,218,43,56,55,202,46*7A
$GPGSV,2,2,05,57,34,242,39*47
$GLGSV,1,1,02,81,10,177,44,82,48,208,47*61
$GAGSV,1,1,03,13,35,151,43,26,82,234,50,29,56,260,45*5E
$GBGSV,3,1,10,01,49,147,46,02,34,242,45,03,55,202,46,04,37,120,38*6D
$GBGSV,3,2,10,07,41,173,44,08,15,195,43,10,31,177,44,26,25,158,43*60
$GBGSV,3,3,10,31,15,182,42,34,40,233,48*6C
$GQGSV,1,1,04,02,08,158,39,03,56,154,48,07,53,169,39,08,41,229,43*7A
$GIGSV,1,1,01,10,51,165,46*54
$GNGST,025443.00,0.026,0.016,0.006,61.5491,2.789,2.343,12.799*70
#BESTPOSA,COM1,0,61.0,FINESTEERING,2434,183301.100,00000000,000e,10817;SOL_COMPUTED,NARROW_INT,31.16410791719,121.45337286079,5.8573,11.0299,WGS84,2.7893,2.3427,12.7985,"1793",1.100,1.100,26,22,18,18,00,00,77,37*d00a15ba
#BESTPOSA,COM1,0,61.0,FINESTEERING,2434,183301.200,00000000,000e,10817;SOL_COMPUTED,NARROW_INT,31.16410789813,121.45337282228,5.8578,11.0299,WGS84,2.7893,2.3427,12.7985,"1793",1.200,1.200,26,22,18,18,00,00,77,37*4e12f30b
#BESTPOSA,COM1,0,61.0,FINESTEERING,2434,183301.300,00000000,000e,10817;SOL_COMPUTED,NARROW_INT,31.16410788130,121.45337281240,5.8605,11.0299,WGS84,2.7893,2.3427,12.7985,"1793",1.300,1.300,26,22,18,18,00,00,77,37*8fadd1ed
#BESTPOSA,COM1,0,61.0,FINESTEERING,2434,183301.400,00000000,000e,10817;SOL_COMPUTED,NARROW_INT,31.16410787800,121.45337280518,5.8661,11.0299,WGS84,2.7893,2.3427,12.7985,"1793",1.400,1.400,26,22,18,18,00,00,77,37*ddbca6f8
#BESTPOSA,COM1,0,61.0,FINESTEERING,2434,183301.500,00200000,000e,10817;SOL_COMPUTED,NARROW_INT,31.16410793444,121.45337280700,5.8598,11.0299,WGS84,2.7893,2.3427,12.7985,"1793",1.500,1.500,26,22,18,18,00,00,77,37*d8b838fd
#BESTPOSA,COM1,0,61.5,FINESTEERING,2434,183301.600,00200000,000e,10817;SOL_COMPUTED,NARROW_INT,31.16410802318,121.45337282639,5.8486,11.0299,WGS84,2.7893,2.3427,12.7985,"1793",1.600,1.600,26,22,18,18,00,00,77,37*bd06f4ba
#BESTPOSA,COM1,0,61.5,FINESTEERING,2434,183301.700,00200000,000e,10817;SOL_COMPUTED,NARROW_INT,31.16410811647,121.45337284147,5.8417,11.0299,WGS84,2.7893,2.3427,12.7985,"1793",0.700,0.700,26,22,18,18,00,00,77,37*f7968f80
#BESTPOSA,COM1,0,61.5,FINESTEERING,2434,183301.800,00200000,000e,10817;SOL_COMPUTED,NARROW_INT,31.16410830406,121.45337278069,5.8125,11.0299,WGS84,2.7893,2.3427,12.7985,"1793",0.800,0.800,26,22,18,18,00,00,77,37*d68c32a3
#BESTPOSA,COM1,0,61.5,FINESTEERING,2434,183301.900,00200000,000e,10817;SOL_COMPUTED,NARROW_INT,31.16410840228,121.45337270799,5.7827,11.0299,WGS84,2.7893,2.3427,12.7985,"1793",0.900,0.900,27,23,19,18,00,00,77,37*261fd8c9
#BESTPOSA,COM1,0,61.5,FINESTEERING,2434,183302.000,00200000,000e,10817;SOL_COMPUTED,NARROW_INT,31.16410826899,121.45337278816,5.8055,11.0299,WGS84,2.7893,2.3427,12.7985,"1793",1.000,1.000,27,23,19,18,00,00,77,37*435f5a10
$GPGSV,2,1,06,18,62,286,45,24,66,165,39,29,12,218,43,43,49,147,43*79
$GPGSV,2,2,06,56,55,202,47,57,34,242,41*7B
$GLGSV,1,1,02,81,10,177,44,82,48,208,47*61
$GAGSV,1,1,03,13,35,151,41,26,82,234,50,29,56,260,46*5F
$GBGSV,3,1,11,01,49,147,45,02,34,242,45,03,55,202,46,04,37,120,34*63
$GBGSV,3,2,11,07,41,173,44,08,15,195,43,10,31,177,44,26,25,158,43*61
$GBGSV,3,3,11,31,15,182,42,34,40,233,48,42,40,300,36*59
$GQGSV,1,1,04,02,08,158,39,03,56,155,48,07,53,169,38,08,41,229,43*7A
$GIGSV,1,1,01,10,51,165,46*54
$GNGST,025444.00,0.029,0.016,0.007,66.3930,2.789,2.343,12.799*7E
#BESTPOSA,COM1,0,61.5,FINESTEERING,2434,183302.100,00200000,000e,10817;SOL_COMPUTED,NARROW_INT,31.16410824303,121.45337296826,5.8020,11.0299,WGS84,2.7893,2.3427,12.7985,"1793",1.100,1.100,27,23,19,18,00,00,77,37*62ddc80a
#BESTPOSA,COM1,0,61.5,FINESTEERING,2434,183302.200,00200000,000e,10817;SOL_COMPUTED,NARROW_INT,31.16410789917,121.45337297840,5.8499,11.0299,WGS84,2.7893,2.3427,12.7985,"1793",1.200,1.200,27,23,19,18,00,00,77,37*094ffa81
#BESTPOSA,COM1,0,61.5,FINESTEERING,2434,183302.300,00200000,000e,10817;SOL_COMPUTED,NARROW_INT,31.16410781345,121.45337315507,5.8475,11.0299,WGS84,2.7893,2.3427,12.7985,"1793",1.300,1.300,26,22,18,18,00,00,77,37*93cf54a4
#BESTPOSA,COM1,0,61.5,FINESTEERING,2434,183302.400,00200000,000e,10817;SOL_COMPUTED,NARROW_INT,31.16410805456,121.45337344612,5.8099,11.0299,WGS84,2.7893,2.3427,12.7985,"1793",1.400,1.400,26,22,18,18,00,00,77,37*670ae2e0
#BESTPOSA,COM1,0,61.5,FINESTEERING,2434,183302.500,00000000,000e,10817;SOL_COMPUTED,NARROW_INT,31.16410813709,121.45337366600,5.7855,11.0299,WGS84,2.7893,2.3427,12.7985,"1793",1.500,1.500,26,22,18,18,00,00,77,37*0112f6cf
#BESTPOSA,COM1,0,57.5,FINESTEERING,2434,183302.600,00000000,000e,10817;SOL_COMPUTED,NARROW_INT,31.16410813705,121.45337369461,5.7686,11.0299,WGS84,2.7893,2.3427,12.7985,"1793",0.600,0.600,26,22,18,18,00,00,77,37*ce3e7662
#BESTPOSA,COM1,0,57.5,FINESTEERING,2434,183302.700,00000000,000e,10817;SOL_COMPUTED,NARROW_INT,31.16410794017,121.45337356514,5.7524,11.0299,WGS84,2.7893,2.3427,12.7985,"1793",0.700,0.700,26,22,18,18,00,00,77,37*77769ecd
#BESTPOSA,COM1,0,57.5,FINESTEERING,2434,183302.800,00000000,000e,10817;SOL_COMPUTED,NARROW_INT,31.16410793904,121.45337356602,5.7379,11.0299,WGS84,2.7893,2.3427,12.7985,"1793",0.800,0.800,26,22,18,18,00,00,77,37*fcc5d2bd
#BESTPOSA,COM1,0,57.5,FINESTEERING,2434,183302.900,00000000,000e,10817;SOL_COMPUTED,NARROW_INT,31.16410786709,121.45337354126,5.7154,11.0299,WGS84,2.7893,2.3427,12.7985,"1793",0.900,0.900,26,22,18,18,00,00,77,37*8686fe10
#BESTPOSA,COM1,0,57.5,FINESTEERING,2434,183303.000,00000000,000e,10817;SOL_COMPUTED,NARROW_INT,31.16410741948,121.45337342600,5.8003,11.0299,WGS84,2.7893,2.3427,12.7985,"1793",1.000,1.000,27,23,19,18,00,00,77,37*c4008887
$GPGSV,2,1,06,18,62,286,45,24,66,165,40,29,12,218,43,43,49,147,38*7B
$GPGSV,2,2,06,56,55,202,46,57,34,242,42*79
$GLGSV,1,1,02,81,10,177,43,82,48,208,47*66
$GAGSV,1,1,03,13,35,151,40,26,82,234,51,29,56,260,46*5F
$GBGSV,3,1,11,01,49,147,42,02,34,242,44,03,55,202,43,04,37,120,33*67
$GBGSV,3,2,11,07,41,173,43,08,15,195,43,10,31,177,44,26,25,158,43*66
$GBGSV,3,3,11,31,15,182,41,34,40,233,47,42,40,300,32*51
$GQGSV,1,1,04,02,08,158,38,03,56,155,47,07,53,169,38,08,41,229,43*74
$GIGSV,1,1,01,10,51,165,46*54
$GNGST,025445.00,0.030,0.018,0.007,59.3439,2.789,2.343,12.799*71
#BESTPOSA,COM1,0,57.5,FINESTEERING,2434,183303.100,00000000,000e,10817;SOL_COMPUTED,NARROW_INT,31.16410695487,121.45337295383,5.7729,11.0299,WGS84,2.7893,2.3427,12.7985,"1793",1.100,1.100,27,23,19,18,00,00,77,37*0f8b4503
#BESTPOSA,COM1,0,57.5,FINESTEERING,2434,183303.200,00000000,000e,10817;SOL_COMPUTED,NARROW_INT,31.16410670306,121.45337306980,5.7742,11.0299,WGS84,2.7893,2.3427,12.7985,"1793",1.200,1.200,27,23,19,18,00,00,77,37*358f2252
#BESTPOSA,COM1,0,57.5,FINESTEERING,2434,183303.300,00000000,000e,10817;SOL_COMPUTED,NARROW_INT,31.16410664579,121.45337334335,5.7710,11.0299,WGS84,2.7893,2.3427,12.7985,"1793",1.300,1.300,27,23,19,18,00,00,77,37*6611009a
#BESTPOSA,COM1,0,57.5,FINESTEERING,2434,183303.400,00000000,000e,10817;SOL_COMPUTED,NARROW_INT,31.16410653733,121.45337368413,5.7795,11.0299,WGS84,2.7893,2.3427,12.7985,"1793",1.400,1.400,27,23,19,18,00,00,77,37*a703426f
#BESTPOSA,COM1,0,57.5,FINESTEERING,2434,183303.500,00200000,000e,10817;SOL_COMPUTED,NARROW_INT,31.16410643049,121.45337396230,5.8420,11.0299,WGS84,2.7893,2.3427,12.7985,"1793",0.500,0.500,27,23,19,18,00,00,77,37*6b12c8ab
#BESTPOSA,COM1,0,55.0,FINESTEERING,2434,183303.600,00200000,000e,10817;SOL_COMPUTED,NARROW_INT,31.16410637416,121.45337417157,5.8519,11.0299,WGS84,2.7893,2.3427,12.7985,"1793",0.600,0.600,27,23,19,18,00,00,77,37*1b86a684
#BESTPOSA,COM1,0,55.0,FINESTEERING,2434,183303.700,00200000,000e,10817;SOL_COMPUTED,NARROW_INT,31.16410623005,121.45337436140,5.8973,11.0299,WGS84,2.7893,2.3427,12.7985,"1793",0.700,0.700,27,23,19,18,00,00,77,37*c4718bc3
#BESTPOSA,COM1,0,55.0,FINESTEERING,2434,183303.800,00200000,000e,10817;SOL_COMPUTED,NARROW_INT,31.16410654636,121.45337470862,5.8072,11.0299,WGS84,2.7893,2.3427,12.7985,"1793",0.800,0.800,27,23,19,18,00,00,77,37*fb55d18d
#BESTPOSA,COM1,0,55.0,FINESTEERING,2434,183303.900,00200000,000e,10817;SOL_COMPUTED,NARROW_INT,31.16410628195,121.45337463746,5.8241,11.0299,WGS84,2.7893,2.3427,12.7985,"1793",0.900,0.900,27,23,19,18,00,00,77,37*68801112
#BESTPOSA,COM1,0,55.0,FINESTEERING,2434,183304.000,00200000,000e,10817;SOL_COMPUTED,NARROW_INT,31.16410673169,121.45337495827,5.7583,11.0299,WGS84,2.7893,2.3427,12.7985,"1793",1.000,1.000,27,23,19,18,00,00,77,37*dd7c13f2
$GPGSV,2,1,06,18,62,286,46,24,66,165,40,29,12,218,43,43,49,147,36*76
$GPGSV,2,2,06,56,55,202,46,57,34,242,45*7E
$GLGSV,1,1,02,81,10,177,41,82,48,208,48*6B
$GAGSV,1,1,03,13,35,151,39,26,82,234,51,29,56,260,47*50
$GBGSV,3,1,11,01,49,147,43,02,34,242,47,03,55,202,46,04,37,120,32*61
$GBGSV,3,2,11,07,41,173,43,08,15,195,42,10,31,177,43,26,25,158,42*61
$GBGSV,3,3,11,31,15,182,41,34,40,233,48,42,40,300,30*5C
$GQGSV,1,1,04,02,08,158,25,03,56,155,47,07,53,169,38,08,41,229,44*7F
$GIGSV,1,1,01,10,51,165,45*57
$GNGST,025446.00,0.035,0.020,0.007,58.4573,2.789,2.343,12.799*75
#BESTPOSA,COM1,0,55.0,FINESTEERING,2434,183304.100,00200000,000e,10817;SOL_COMPUTED,NARROW_INT,31.16410671038,121.45337513657,5.7582,11.0299,WGS84,2.7893,2.3427,12.7985,"1793",1.100,1.100,27,23,19,18,00,00,77,37*62c6fd9f
#BESTPOSA,COM1,0,55.0,FINESTEERING,2434,183304.200,00200000,000e,10817;SOL_COMPUTED,NARROW_INT,31.16410665379,121.45337521838,5.7662,11.0299,WGS84,2.7893,2.3427,12.7985,"1793",1.200,1.200,27,23,19,19,00,00,77,37*6eca32f5
#BESTPOSA,COM1,0,55.0,FINESTEERING,2434,183304.300,00200000,000e,10817;SOL_COMPUTED,NARROW_INT,31.16410652356,121.45337524814,5.7874,11.0299,WGS84,2.7893,2.3427,12.7985,"1793",1.300,1.300,27,23,19,19,00,00,77,37*c901bb57
#BESTPOSA,COM1,0,55.0,FINESTEERING,2434,183304.400,00200000,000e,10817;SOL_COMPUTED,NARROW_INT,31.16410634149,121.45337528888,5.7995,11.0299,WGS84,2.7893,2.3427,12.7985,"1793",1.400,1.400,27,23,19,19,00,00,77,37*b289003d
#BESTPOSA,COM1,0,55.0,FINESTEERING,2434,183304.500,00000000,000e,10817;SOL_COMPUTED,NARROW_INT,31.16410631436,121.45337513254,5.8258,11.0299,WGS84,2.7893,2.3427,12.7985,"1793",1.500,1.500,27,23,19,19,00,00,77,37*47a9707d
#BESTPOSA,COM1,0,66.0,FINESTEERING,2434,183304.600,00000000,000e,10817;SOL_COMPUTED,NARROW_INT,31.16410578495,121.45337487043,5.8413,11.0299,WGS84,2.7893,2.3427,12.7985,"1793",1.600,1.600,27,23,19,19,00,00,77,37*c93f21dc
#BESTPOSA,COM1,0,66.0,FINESTEERING,2434,183304.700,00000000,000e,10817;SOL_COMPUTED,NARROW_INT,31.16410643698,121.45337514920,5.7857,11.0299,WGS84,2.7893,2.3427,12.7985,"1793",0.700,0.700,27,23,19,19,00,00,77,37*eb773137
#BESTPOSA,COM1,0,66.0,FINESTEERING,2434,183304.800,00000000,000e,10817;SOL_COMPUTED,NARROW_INT,31.16410649703,121.45337517394,5.7888,11.0299,WGS84,2.7893,2.3427,12.7985,"1793",0.800,0.800,27,23,19,19,00,00,77,37*913d0dc5
#BESTPOSA,COM1,0,66.0,FINESTEERING,2434,183304.900,00000000,000e,10817;SOL_COMPUTED,NARROW_INT,31.16410653319,121.45337520551,5.7863,11.0299,WGS84,2.7893,2.3427,12.7985,"1793",0.900,0.900,27,23,19,19,00,00,77,37*85e03508
